[1.850s] Invoking command in '/home/ayaankushwah/aruco_landing/auto_ws/src/takeoff': DEBUGINFOD_URLS=https://debuginfod.ubuntu.com PYTHONPATH=/home/ayaankushwah/aruco_landing/auto_ws/build/takeoff/prefix_override:/usr/lib/python3/dist-packages/colcon_core/task/python/colcon_distutils_commands:/home/ayaankushwah/aruco_landing/auto_ws/install/takeoff/lib/python3.12/site-packages:${PYTHONPATH} VIRTUAL_ENV_PROMPT=(venv-ardupilot) /usr/bin/python3 -W ignore:setup.py install is deprecated -W ignore:easy_install command is deprecated setup.py egg_info --egg-base ../../build/takeoff build --build-base /home/ayaankushwah/aruco_landing/auto_ws/build/takeoff/build install --record /home/ayaankushwah/aruco_landing/auto_ws/build/takeoff/install.log --single-version-externally-managed
[2.365s] running egg_info
[2.365s] creating ../../build/takeoff/takeoff.egg-info
[2.401s] writing ../../build/takeoff/takeoff.egg-info/PKG-INFO
[2.401s] writing dependency_links to ../../build/takeoff/takeoff.egg-info/dependency_links.txt
[2.402s] writing entry points to ../../build/takeoff/takeoff.egg-info/entry_points.txt
[2.402s] writing requirements to ../../build/takeoff/takeoff.egg-info/requires.txt
[2.402s] writing top-level names to ../../build/takeoff/takeoff.egg-info/top_level.txt
[2.402s] writing manifest file '../../build/takeoff/takeoff.egg-info/SOURCES.txt'
[2.482s] reading manifest file '../../build/takeoff/takeoff.egg-info/SOURCES.txt'
[2.482s] adding license file 'LICENSE'
[2.483s] writing manifest file '../../build/takeoff/takeoff.egg-info/SOURCES.txt'
[2.484s] running build
[2.484s] running build_py
[2.484s] creating /home/ayaankushwah/aruco_landing/auto_ws/build/takeoff/build
[2.484s] creating /home/ayaankushwah/aruco_landing/auto_ws/build/takeoff/build/lib
[2.484s] creating /home/ayaankushwah/aruco_landing/auto_ws/build/takeoff/build/lib/takeoff
[2.485s] copying takeoff/__init__.py -> /home/ayaankushwah/aruco_landing/auto_ws/build/takeoff/build/lib/takeoff
[2.485s] copying takeoff/auto_takeoff.py -> /home/ayaankushwah/aruco_landing/auto_ws/build/takeoff/build/lib/takeoff
[2.485s] running install
[2.497s] running install_lib
[2.538s] creating /home/ayaankushwah/aruco_landing/auto_ws/install/takeoff/lib/python3.12/site-packages/takeoff
[2.538s] copying /home/ayaankushwah/aruco_landing/auto_ws/build/takeoff/build/lib/takeoff/__init__.py -> /home/ayaankushwah/aruco_landing/auto_ws/install/takeoff/lib/python3.12/site-packages/takeoff
[2.538s] copying /home/ayaankushwah/aruco_landing/auto_ws/build/takeoff/build/lib/takeoff/auto_takeoff.py -> /home/ayaankushwah/aruco_landing/auto_ws/install/takeoff/lib/python3.12/site-packages/takeoff
[2.539s] byte-compiling /home/ayaankushwah/aruco_landing/auto_ws/install/takeoff/lib/python3.12/site-packages/takeoff/__init__.py to __init__.cpython-312.pyc
[2.540s] byte-compiling /home/ayaankushwah/aruco_landing/auto_ws/install/takeoff/lib/python3.12/site-packages/takeoff/auto_takeoff.py to auto_takeoff.cpython-312.pyc
[2.549s] running install_egg_info
[2.589s] Copying ../../build/takeoff/takeoff.egg-info to /home/ayaankushwah/aruco_landing/auto_ws/install/takeoff/lib/python3.12/site-packages/takeoff-0.0.0-py3.12.egg-info
[2.590s] running install_scripts
[2.847s] Installing auto_takeoff script to /home/ayaankushwah/aruco_landing/auto_ws/install/takeoff/lib/takeoff
[2.848s] writing list of installed files to '/home/ayaankushwah/aruco_landing/auto_ws/build/takeoff/install.log'
[2.901s] Invoked command in '/home/ayaankushwah/aruco_landing/auto_ws/src/takeoff' returned '0': DEBUGINFOD_URLS=https://debuginfod.ubuntu.com PYTHONPATH=/home/ayaankushwah/aruco_landing/auto_ws/build/takeoff/prefix_override:/usr/lib/python3/dist-packages/colcon_core/task/python/colcon_distutils_commands:/home/ayaankushwah/aruco_landing/auto_ws/install/takeoff/lib/python3.12/site-packages:${PYTHONPATH} VIRTUAL_ENV_PROMPT=(venv-ardupilot) /usr/bin/python3 -W ignore:setup.py install is deprecated -W ignore:easy_install command is deprecated setup.py egg_info --egg-base ../../build/takeoff build --build-base /home/ayaankushwah/aruco_landing/auto_ws/build/takeoff/build install --record /home/ayaankushwah/aruco_landing/auto_ws/build/takeoff/install.log --single-version-externally-managed
