[0.076s] DEBUG:colcon:Command line arguments: ['/usr/bin/colcon', 'build']
[0.077s] DEBUG:colcon:Parsed command line arguments: Namespace(log_base=None, log_level=None, verb_name='build', build_base='build', install_base='install', merge_install=False, symlink_install=False, test_result_base=None, continue_on_error=False, executor='parallel', parallel_workers=12, event_handlers=None, ignore_user_meta=False, metas=['./colcon.meta'], base_paths=['.'], packages_ignore=None, packages_ignore_regex=None, paths=None, packages_up_to=None, packages_up_to_regex=None, packages_above=None, packages_above_and_dependencies=None, packages_above_depth=None, packages_select_by_dep=None, packages_skip_by_dep=None, packages_skip_up_to=None, packages_select_build_failed=False, packages_skip_build_finished=False, packages_select_test_failures=False, packages_skip_test_passed=False, packages_select=None, packages_skip=None, packages_select_regex=None, packages_skip_regex=None, packages_start=None, packages_end=None, allow_overriding=[], cmake_args=None, cmake_target=None, cmake_target_skip_unavailable=False, cmake_clean_cache=False, cmake_clean_first=False, cmake_force_configure=False, ament_cmake_args=None, catkin_cmake_args=None, catkin_skip_building_tests=False, mixin_files=None, mixin=None, verb_parser=<colcon_mixin.mixin.mixin_argument.MixinArgumentDecorator object at 0x7e23c5673d30>, verb_extension=<colcon_core.verb.build.BuildVerb object at 0x7e23c56737c0>, main=<bound method BuildVerb.main of <colcon_core.verb.build.BuildVerb object at 0x7e23c56737c0>>, mixin_verb=('build',))
[0.107s] Level 1:colcon.colcon_core.package_discovery:discover_packages(colcon_meta) check parameters
[0.107s] Level 1:colcon.colcon_core.package_discovery:discover_packages(recursive) check parameters
[0.107s] Level 1:colcon.colcon_core.package_discovery:discover_packages(ignore) check parameters
[0.107s] Level 1:colcon.colcon_core.package_discovery:discover_packages(path) check parameters
[0.107s] Level 1:colcon.colcon_core.package_discovery:discover_packages(colcon_meta) discover
[0.107s] Level 1:colcon.colcon_core.package_discovery:discover_packages(recursive) discover
[0.107s] INFO:colcon.colcon_core.package_discovery:Crawling recursively for packages in '/home/gouravk24/aruco_landing'
[0.107s] Level 1:colcon.colcon_core.package_identification:_identify(.) by extensions ['ignore', 'ignore_ament_install']
[0.107s] Level 1:colcon.colcon_core.package_identification:_identify(.) by extension 'ignore'
[0.107s] Level 1:colcon.colcon_core.package_identification:_identify(.) by extension 'ignore_ament_install'
[0.108s] Level 1:colcon.colcon_core.package_identification:_identify(.) by extensions ['colcon_pkg']
[0.108s] Level 1:colcon.colcon_core.package_identification:_identify(.) by extension 'colcon_pkg'
[0.108s] Level 1:colcon.colcon_core.package_identification:_identify(.) by extensions ['colcon_meta']
[0.108s] Level 1:colcon.colcon_core.package_identification:_identify(.) by extension 'colcon_meta'
[0.108s] Level 1:colcon.colcon_core.package_identification:_identify(.) by extensions ['ros']
[0.108s] Level 1:colcon.colcon_core.package_identification:_identify(.) by extension 'ros'
[0.129s] Level 1:colcon.colcon_core.package_identification:_identify(.) by extensions ['cmake', 'python']
[0.129s] Level 1:colcon.colcon_core.package_identification:_identify(.) by extension 'cmake'
[0.129s] Level 1:colcon.colcon_core.package_identification:_identify(.) by extension 'python'
[0.129s] Level 1:colcon.colcon_core.package_identification:_identify(.) by extensions ['python_setup_py']
[0.129s] Level 1:colcon.colcon_core.package_identification:_identify(.) by extension 'python_setup_py'
[0.129s] Level 1:colcon.colcon_core.package_identification:_identify(build) by extensions ['ignore', 'ignore_ament_install']
[0.129s] Level 1:colcon.colcon_core.package_identification:_identify(build) by extension 'ignore'
[0.129s] Level 1:colcon.colcon_core.package_identification:_identify(build) ignored
[0.129s] Level 1:colcon.colcon_core.package_identification:_identify(install) by extensions ['ignore', 'ignore_ament_install']
[0.130s] Level 1:colcon.colcon_core.package_identification:_identify(install) by extension 'ignore'
[0.130s] Level 1:colcon.colcon_core.package_identification:_identify(install) ignored
[0.130s] Level 1:colcon.colcon_core.package_identification:_identify(log) by extensions ['ignore', 'ignore_ament_install']
[0.130s] Level 1:colcon.colcon_core.package_identification:_identify(log) by extension 'ignore'
[0.130s] Level 1:colcon.colcon_core.package_identification:_identify(log) ignored
[0.130s] Level 1:colcon.colcon_core.package_identification:_identify(models) by extensions ['ignore', 'ignore_ament_install']
[0.130s] Level 1:colcon.colcon_core.package_identification:_identify(models) by extension 'ignore'
[0.130s] Level 1:colcon.colcon_core.package_identification:_identify(models) by extension 'ignore_ament_install'
[0.130s] Level 1:colcon.colcon_core.package_identification:_identify(models) by extensions ['colcon_pkg']
[0.130s] Level 1:colcon.colcon_core.package_identification:_identify(models) by extension 'colcon_pkg'
[0.130s] Level 1:colcon.colcon_core.package_identification:_identify(models) by extensions ['colcon_meta']
[0.130s] Level 1:colcon.colcon_core.package_identification:_identify(models) by extension 'colcon_meta'
[0.130s] Level 1:colcon.colcon_core.package_identification:_identify(models) by extensions ['ros']
[0.130s] Level 1:colcon.colcon_core.package_identification:_identify(models) by extension 'ros'
[0.130s] Level 1:colcon.colcon_core.package_identification:_identify(models) by extensions ['cmake', 'python']
[0.130s] Level 1:colcon.colcon_core.package_identification:_identify(models) by extension 'cmake'
[0.130s] Level 1:colcon.colcon_core.package_identification:_identify(models) by extension 'python'
[0.130s] Level 1:colcon.colcon_core.package_identification:_identify(models) by extensions ['python_setup_py']
[0.130s] Level 1:colcon.colcon_core.package_identification:_identify(models) by extension 'python_setup_py'
[0.130s] Level 1:colcon.colcon_core.package_identification:_identify(models/aruco_marker) by extensions ['ignore', 'ignore_ament_install']
[0.130s] Level 1:colcon.colcon_core.package_identification:_identify(models/aruco_marker) by extension 'ignore'
[0.130s] Level 1:colcon.colcon_core.package_identification:_identify(models/aruco_marker) by extension 'ignore_ament_install'
[0.130s] Level 1:colcon.colcon_core.package_identification:_identify(models/aruco_marker) by extensions ['colcon_pkg']
[0.130s] Level 1:colcon.colcon_core.package_identification:_identify(models/aruco_marker) by extension 'colcon_pkg'
[0.130s] Level 1:colcon.colcon_core.package_identification:_identify(models/aruco_marker) by extensions ['colcon_meta']
[0.130s] Level 1:colcon.colcon_core.package_identification:_identify(models/aruco_marker) by extension 'colcon_meta'
[0.130s] Level 1:colcon.colcon_core.package_identification:_identify(models/aruco_marker) by extensions ['ros']
[0.131s] Level 1:colcon.colcon_core.package_identification:_identify(models/aruco_marker) by extension 'ros'
[0.131s] Level 1:colcon.colcon_core.package_identification:_identify(models/aruco_marker) by extensions ['cmake', 'python']
[0.131s] Level 1:colcon.colcon_core.package_identification:_identify(models/aruco_marker) by extension 'cmake'
[0.131s] Level 1:colcon.colcon_core.package_identification:_identify(models/aruco_marker) by extension 'python'
[0.131s] Level 1:colcon.colcon_core.package_identification:_identify(models/aruco_marker) by extensions ['python_setup_py']
[0.131s] Level 1:colcon.colcon_core.package_identification:_identify(models/aruco_marker) by extension 'python_setup_py'
[0.131s] Level 1:colcon.colcon_core.package_identification:_identify(models/aruco_marker/materials) by extensions ['ignore', 'ignore_ament_install']
[0.131s] Level 1:colcon.colcon_core.package_identification:_identify(models/aruco_marker/materials) by extension 'ignore'
[0.131s] Level 1:colcon.colcon_core.package_identification:_identify(models/aruco_marker/materials) by extension 'ignore_ament_install'
[0.131s] Level 1:colcon.colcon_core.package_identification:_identify(models/aruco_marker/materials) by extensions ['colcon_pkg']
[0.131s] Level 1:colcon.colcon_core.package_identification:_identify(models/aruco_marker/materials) by extension 'colcon_pkg'
[0.131s] Level 1:colcon.colcon_core.package_identification:_identify(models/aruco_marker/materials) by extensions ['colcon_meta']
[0.131s] Level 1:colcon.colcon_core.package_identification:_identify(models/aruco_marker/materials) by extension 'colcon_meta'
[0.131s] Level 1:colcon.colcon_core.package_identification:_identify(models/aruco_marker/materials) by extensions ['ros']
[0.131s] Level 1:colcon.colcon_core.package_identification:_identify(models/aruco_marker/materials) by extension 'ros'
[0.131s] Level 1:colcon.colcon_core.package_identification:_identify(models/aruco_marker/materials) by extensions ['cmake', 'python']
[0.131s] Level 1:colcon.colcon_core.package_identification:_identify(models/aruco_marker/materials) by extension 'cmake'
[0.131s] Level 1:colcon.colcon_core.package_identification:_identify(models/aruco_marker/materials) by extension 'python'
[0.131s] Level 1:colcon.colcon_core.package_identification:_identify(models/aruco_marker/materials) by extensions ['python_setup_py']
[0.131s] Level 1:colcon.colcon_core.package_identification:_identify(models/aruco_marker/materials) by extension 'python_setup_py'
[0.131s] Level 1:colcon.colcon_core.package_identification:_identify(models/aruco_marker/materials/scripts) by extensions ['ignore', 'ignore_ament_install']
[0.131s] Level 1:colcon.colcon_core.package_identification:_identify(models/aruco_marker/materials/scripts) by extension 'ignore'
[0.131s] Level 1:colcon.colcon_core.package_identification:_identify(models/aruco_marker/materials/scripts) by extension 'ignore_ament_install'
[0.131s] Level 1:colcon.colcon_core.package_identification:_identify(models/aruco_marker/materials/scripts) by extensions ['colcon_pkg']
[0.131s] Level 1:colcon.colcon_core.package_identification:_identify(models/aruco_marker/materials/scripts) by extension 'colcon_pkg'
[0.131s] Level 1:colcon.colcon_core.package_identification:_identify(models/aruco_marker/materials/scripts) by extensions ['colcon_meta']
[0.131s] Level 1:colcon.colcon_core.package_identification:_identify(models/aruco_marker/materials/scripts) by extension 'colcon_meta'
[0.131s] Level 1:colcon.colcon_core.package_identification:_identify(models/aruco_marker/materials/scripts) by extensions ['ros']
[0.131s] Level 1:colcon.colcon_core.package_identification:_identify(models/aruco_marker/materials/scripts) by extension 'ros'
[0.131s] Level 1:colcon.colcon_core.package_identification:_identify(models/aruco_marker/materials/scripts) by extensions ['cmake', 'python']
[0.131s] Level 1:colcon.colcon_core.package_identification:_identify(models/aruco_marker/materials/scripts) by extension 'cmake'
[0.131s] Level 1:colcon.colcon_core.package_identification:_identify(models/aruco_marker/materials/scripts) by extension 'python'
[0.132s] Level 1:colcon.colcon_core.package_identification:_identify(models/aruco_marker/materials/scripts) by extensions ['python_setup_py']
[0.132s] Level 1:colcon.colcon_core.package_identification:_identify(models/aruco_marker/materials/scripts) by extension 'python_setup_py'
[0.132s] Level 1:colcon.colcon_core.package_identification:_identify(models/aruco_marker/materials/textures) by extensions ['ignore', 'ignore_ament_install']
[0.132s] Level 1:colcon.colcon_core.package_identification:_identify(models/aruco_marker/materials/textures) by extension 'ignore'
[0.132s] Level 1:colcon.colcon_core.package_identification:_identify(models/aruco_marker/materials/textures) by extension 'ignore_ament_install'
[0.132s] Level 1:colcon.colcon_core.package_identification:_identify(models/aruco_marker/materials/textures) by extensions ['colcon_pkg']
[0.132s] Level 1:colcon.colcon_core.package_identification:_identify(models/aruco_marker/materials/textures) by extension 'colcon_pkg'
[0.132s] Level 1:colcon.colcon_core.package_identification:_identify(models/aruco_marker/materials/textures) by extensions ['colcon_meta']
[0.132s] Level 1:colcon.colcon_core.package_identification:_identify(models/aruco_marker/materials/textures) by extension 'colcon_meta'
[0.132s] Level 1:colcon.colcon_core.package_identification:_identify(models/aruco_marker/materials/textures) by extensions ['ros']
[0.132s] Level 1:colcon.colcon_core.package_identification:_identify(models/aruco_marker/materials/textures) by extension 'ros'
[0.132s] Level 1:colcon.colcon_core.package_identification:_identify(models/aruco_marker/materials/textures) by extensions ['cmake', 'python']
[0.132s] Level 1:colcon.colcon_core.package_identification:_identify(models/aruco_marker/materials/textures) by extension 'cmake'
[0.132s] Level 1:colcon.colcon_core.package_identification:_identify(models/aruco_marker/materials/textures) by extension 'python'
[0.132s] Level 1:colcon.colcon_core.package_identification:_identify(models/aruco_marker/materials/textures) by extensions ['python_setup_py']
[0.132s] Level 1:colcon.colcon_core.package_identification:_identify(models/aruco_marker/materials/textures) by extension 'python_setup_py'
[0.132s] Level 1:colcon.colcon_core.package_identification:_identify(models/custom_iris) by extensions ['ignore', 'ignore_ament_install']
[0.132s] Level 1:colcon.colcon_core.package_identification:_identify(models/custom_iris) by extension 'ignore'
[0.132s] Level 1:colcon.colcon_core.package_identification:_identify(models/custom_iris) by extension 'ignore_ament_install'
[0.132s] Level 1:colcon.colcon_core.package_identification:_identify(models/custom_iris) by extensions ['colcon_pkg']
[0.132s] Level 1:colcon.colcon_core.package_identification:_identify(models/custom_iris) by extension 'colcon_pkg'
[0.132s] Level 1:colcon.colcon_core.package_identification:_identify(models/custom_iris) by extensions ['colcon_meta']
[0.132s] Level 1:colcon.colcon_core.package_identification:_identify(models/custom_iris) by extension 'colcon_meta'
[0.132s] Level 1:colcon.colcon_core.package_identification:_identify(models/custom_iris) by extensions ['ros']
[0.132s] Level 1:colcon.colcon_core.package_identification:_identify(models/custom_iris) by extension 'ros'
[0.132s] Level 1:colcon.colcon_core.package_identification:_identify(models/custom_iris) by extensions ['cmake', 'python']
[0.132s] Level 1:colcon.colcon_core.package_identification:_identify(models/custom_iris) by extension 'cmake'
[0.132s] Level 1:colcon.colcon_core.package_identification:_identify(models/custom_iris) by extension 'python'
[0.132s] Level 1:colcon.colcon_core.package_identification:_identify(models/custom_iris) by extensions ['python_setup_py']
[0.132s] Level 1:colcon.colcon_core.package_identification:_identify(models/custom_iris) by extension 'python_setup_py'
[0.132s] Level 1:colcon.colcon_core.package_identification:_identify(models/gimbal_small_1d) by extensions ['ignore', 'ignore_ament_install']
[0.132s] Level 1:colcon.colcon_core.package_identification:_identify(models/gimbal_small_1d) by extension 'ignore'
[0.133s] Level 1:colcon.colcon_core.package_identification:_identify(models/gimbal_small_1d) by extension 'ignore_ament_install'
[0.133s] Level 1:colcon.colcon_core.package_identification:_identify(models/gimbal_small_1d) by extensions ['colcon_pkg']
[0.133s] Level 1:colcon.colcon_core.package_identification:_identify(models/gimbal_small_1d) by extension 'colcon_pkg'
[0.133s] Level 1:colcon.colcon_core.package_identification:_identify(models/gimbal_small_1d) by extensions ['colcon_meta']
[0.133s] Level 1:colcon.colcon_core.package_identification:_identify(models/gimbal_small_1d) by extension 'colcon_meta'
[0.133s] Level 1:colcon.colcon_core.package_identification:_identify(models/gimbal_small_1d) by extensions ['ros']
[0.133s] Level 1:colcon.colcon_core.package_identification:_identify(models/gimbal_small_1d) by extension 'ros'
[0.133s] Level 1:colcon.colcon_core.package_identification:_identify(models/gimbal_small_1d) by extensions ['cmake', 'python']
[0.133s] Level 1:colcon.colcon_core.package_identification:_identify(models/gimbal_small_1d) by extension 'cmake'
[0.133s] Level 1:colcon.colcon_core.package_identification:_identify(models/gimbal_small_1d) by extension 'python'
[0.133s] Level 1:colcon.colcon_core.package_identification:_identify(models/gimbal_small_1d) by extensions ['python_setup_py']
[0.133s] Level 1:colcon.colcon_core.package_identification:_identify(models/gimbal_small_1d) by extension 'python_setup_py'
[0.133s] Level 1:colcon.colcon_core.package_identification:_identify(models/gimbal_small_1d/meshes) by extensions ['ignore', 'ignore_ament_install']
[0.133s] Level 1:colcon.colcon_core.package_identification:_identify(models/gimbal_small_1d/meshes) by extension 'ignore'
[0.133s] Level 1:colcon.colcon_core.package_identification:_identify(models/gimbal_small_1d/meshes) by extension 'ignore_ament_install'
[0.133s] Level 1:colcon.colcon_core.package_identification:_identify(models/gimbal_small_1d/meshes) by extensions ['colcon_pkg']
[0.133s] Level 1:colcon.colcon_core.package_identification:_identify(models/gimbal_small_1d/meshes) by extension 'colcon_pkg'
[0.133s] Level 1:colcon.colcon_core.package_identification:_identify(models/gimbal_small_1d/meshes) by extensions ['colcon_meta']
[0.133s] Level 1:colcon.colcon_core.package_identification:_identify(models/gimbal_small_1d/meshes) by extension 'colcon_meta'
[0.133s] Level 1:colcon.colcon_core.package_identification:_identify(models/gimbal_small_1d/meshes) by extensions ['ros']
[0.133s] Level 1:colcon.colcon_core.package_identification:_identify(models/gimbal_small_1d/meshes) by extension 'ros'
[0.133s] Level 1:colcon.colcon_core.package_identification:_identify(models/gimbal_small_1d/meshes) by extensions ['cmake', 'python']
[0.133s] Level 1:colcon.colcon_core.package_identification:_identify(models/gimbal_small_1d/meshes) by extension 'cmake'
[0.133s] Level 1:colcon.colcon_core.package_identification:_identify(models/gimbal_small_1d/meshes) by extension 'python'
[0.133s] Level 1:colcon.colcon_core.package_identification:_identify(models/gimbal_small_1d/meshes) by extensions ['python_setup_py']
[0.133s] Level 1:colcon.colcon_core.package_identification:_identify(models/gimbal_small_1d/meshes) by extension 'python_setup_py'
[0.133s] Level 1:colcon.colcon_core.package_identification:_identify(models/gimbal_small_2d) by extensions ['ignore', 'ignore_ament_install']
[0.133s] Level 1:colcon.colcon_core.package_identification:_identify(models/gimbal_small_2d) by extension 'ignore'
[0.133s] Level 1:colcon.colcon_core.package_identification:_identify(models/gimbal_small_2d) by extension 'ignore_ament_install'
[0.133s] Level 1:colcon.colcon_core.package_identification:_identify(models/gimbal_small_2d) by extensions ['colcon_pkg']
[0.133s] Level 1:colcon.colcon_core.package_identification:_identify(models/gimbal_small_2d) by extension 'colcon_pkg'
[0.133s] Level 1:colcon.colcon_core.package_identification:_identify(models/gimbal_small_2d) by extensions ['colcon_meta']
[0.133s] Level 1:colcon.colcon_core.package_identification:_identify(models/gimbal_small_2d) by extension 'colcon_meta'
[0.133s] Level 1:colcon.colcon_core.package_identification:_identify(models/gimbal_small_2d) by extensions ['ros']
[0.133s] Level 1:colcon.colcon_core.package_identification:_identify(models/gimbal_small_2d) by extension 'ros'
[0.133s] Level 1:colcon.colcon_core.package_identification:_identify(models/gimbal_small_2d) by extensions ['cmake', 'python']
[0.133s] Level 1:colcon.colcon_core.package_identification:_identify(models/gimbal_small_2d) by extension 'cmake'
[0.133s] Level 1:colcon.colcon_core.package_identification:_identify(models/gimbal_small_2d) by extension 'python'
[0.133s] Level 1:colcon.colcon_core.package_identification:_identify(models/gimbal_small_2d) by extensions ['python_setup_py']
[0.133s] Level 1:colcon.colcon_core.package_identification:_identify(models/gimbal_small_2d) by extension 'python_setup_py'
[0.134s] Level 1:colcon.colcon_core.package_identification:_identify(models/gimbal_small_2d/meshes) by extensions ['ignore', 'ignore_ament_install']
[0.134s] Level 1:colcon.colcon_core.package_identification:_identify(models/gimbal_small_2d/meshes) by extension 'ignore'
[0.134s] Level 1:colcon.colcon_core.package_identification:_identify(models/gimbal_small_2d/meshes) by extension 'ignore_ament_install'
[0.134s] Level 1:colcon.colcon_core.package_identification:_identify(models/gimbal_small_2d/meshes) by extensions ['colcon_pkg']
[0.134s] Level 1:colcon.colcon_core.package_identification:_identify(models/gimbal_small_2d/meshes) by extension 'colcon_pkg'
[0.134s] Level 1:colcon.colcon_core.package_identification:_identify(models/gimbal_small_2d/meshes) by extensions ['colcon_meta']
[0.134s] Level 1:colcon.colcon_core.package_identification:_identify(models/gimbal_small_2d/meshes) by extension 'colcon_meta'
[0.134s] Level 1:colcon.colcon_core.package_identification:_identify(models/gimbal_small_2d/meshes) by extensions ['ros']
[0.134s] Level 1:colcon.colcon_core.package_identification:_identify(models/gimbal_small_2d/meshes) by extension 'ros'
[0.134s] Level 1:colcon.colcon_core.package_identification:_identify(models/gimbal_small_2d/meshes) by extensions ['cmake', 'python']
[0.134s] Level 1:colcon.colcon_core.package_identification:_identify(models/gimbal_small_2d/meshes) by extension 'cmake'
[0.134s] Level 1:colcon.colcon_core.package_identification:_identify(models/gimbal_small_2d/meshes) by extension 'python'
[0.134s] Level 1:colcon.colcon_core.package_identification:_identify(models/gimbal_small_2d/meshes) by extensions ['python_setup_py']
[0.134s] Level 1:colcon.colcon_core.package_identification:_identify(models/gimbal_small_2d/meshes) by extension 'python_setup_py'
[0.134s] Level 1:colcon.colcon_core.package_identification:_identify(models/gimbal_small_3d) by extensions ['ignore', 'ignore_ament_install']
[0.134s] Level 1:colcon.colcon_core.package_identification:_identify(models/gimbal_small_3d) by extension 'ignore'
[0.134s] Level 1:colcon.colcon_core.package_identification:_identify(models/gimbal_small_3d) by extension 'ignore_ament_install'
[0.134s] Level 1:colcon.colcon_core.package_identification:_identify(models/gimbal_small_3d) by extensions ['colcon_pkg']
[0.134s] Level 1:colcon.colcon_core.package_identification:_identify(models/gimbal_small_3d) by extension 'colcon_pkg'
[0.134s] Level 1:colcon.colcon_core.package_identification:_identify(models/gimbal_small_3d) by extensions ['colcon_meta']
[0.134s] Level 1:colcon.colcon_core.package_identification:_identify(models/gimbal_small_3d) by extension 'colcon_meta'
[0.134s] Level 1:colcon.colcon_core.package_identification:_identify(models/gimbal_small_3d) by extensions ['ros']
[0.134s] Level 1:colcon.colcon_core.package_identification:_identify(models/gimbal_small_3d) by extension 'ros'
[0.134s] Level 1:colcon.colcon_core.package_identification:_identify(models/gimbal_small_3d) by extensions ['cmake', 'python']
[0.134s] Level 1:colcon.colcon_core.package_identification:_identify(models/gimbal_small_3d) by extension 'cmake'
[0.134s] Level 1:colcon.colcon_core.package_identification:_identify(models/gimbal_small_3d) by extension 'python'
[0.134s] Level 1:colcon.colcon_core.package_identification:_identify(models/gimbal_small_3d) by extensions ['python_setup_py']
[0.134s] Level 1:colcon.colcon_core.package_identification:_identify(models/gimbal_small_3d) by extension 'python_setup_py'
[0.134s] Level 1:colcon.colcon_core.package_identification:_identify(models/gimbal_small_3d/meshes) by extensions ['ignore', 'ignore_ament_install']
[0.134s] Level 1:colcon.colcon_core.package_identification:_identify(models/gimbal_small_3d/meshes) by extension 'ignore'
[0.134s] Level 1:colcon.colcon_core.package_identification:_identify(models/gimbal_small_3d/meshes) by extension 'ignore_ament_install'
[0.134s] Level 1:colcon.colcon_core.package_identification:_identify(models/gimbal_small_3d/meshes) by extensions ['colcon_pkg']
[0.134s] Level 1:colcon.colcon_core.package_identification:_identify(models/gimbal_small_3d/meshes) by extension 'colcon_pkg'
[0.134s] Level 1:colcon.colcon_core.package_identification:_identify(models/gimbal_small_3d/meshes) by extensions ['colcon_meta']
[0.134s] Level 1:colcon.colcon_core.package_identification:_identify(models/gimbal_small_3d/meshes) by extension 'colcon_meta'
[0.134s] Level 1:colcon.colcon_core.package_identification:_identify(models/gimbal_small_3d/meshes) by extensions ['ros']
[0.134s] Level 1:colcon.colcon_core.package_identification:_identify(models/gimbal_small_3d/meshes) by extension 'ros'
[0.135s] Level 1:colcon.colcon_core.package_identification:_identify(models/gimbal_small_3d/meshes) by extensions ['cmake', 'python']
[0.135s] Level 1:colcon.colcon_core.package_identification:_identify(models/gimbal_small_3d/meshes) by extension 'cmake'
[0.135s] Level 1:colcon.colcon_core.package_identification:_identify(models/gimbal_small_3d/meshes) by extension 'python'
[0.135s] Level 1:colcon.colcon_core.package_identification:_identify(models/gimbal_small_3d/meshes) by extensions ['python_setup_py']
[0.135s] Level 1:colcon.colcon_core.package_identification:_identify(models/gimbal_small_3d/meshes) by extension 'python_setup_py'
[0.135s] Level 1:colcon.colcon_core.package_identification:_identify(models/iris_with_ardupilot) by extensions ['ignore', 'ignore_ament_install']
[0.135s] Level 1:colcon.colcon_core.package_identification:_identify(models/iris_with_ardupilot) by extension 'ignore'
[0.135s] Level 1:colcon.colcon_core.package_identification:_identify(models/iris_with_ardupilot) by extension 'ignore_ament_install'
[0.135s] Level 1:colcon.colcon_core.package_identification:_identify(models/iris_with_ardupilot) by extensions ['colcon_pkg']
[0.135s] Level 1:colcon.colcon_core.package_identification:_identify(models/iris_with_ardupilot) by extension 'colcon_pkg'
[0.135s] Level 1:colcon.colcon_core.package_identification:_identify(models/iris_with_ardupilot) by extensions ['colcon_meta']
[0.135s] Level 1:colcon.colcon_core.package_identification:_identify(models/iris_with_ardupilot) by extension 'colcon_meta'
[0.135s] Level 1:colcon.colcon_core.package_identification:_identify(models/iris_with_ardupilot) by extensions ['ros']
[0.135s] Level 1:colcon.colcon_core.package_identification:_identify(models/iris_with_ardupilot) by extension 'ros'
[0.135s] Level 1:colcon.colcon_core.package_identification:_identify(models/iris_with_ardupilot) by extensions ['cmake', 'python']
[0.135s] Level 1:colcon.colcon_core.package_identification:_identify(models/iris_with_ardupilot) by extension 'cmake'
[0.135s] Level 1:colcon.colcon_core.package_identification:_identify(models/iris_with_ardupilot) by extension 'python'
[0.135s] Level 1:colcon.colcon_core.package_identification:_identify(models/iris_with_ardupilot) by extensions ['python_setup_py']
[0.135s] Level 1:colcon.colcon_core.package_identification:_identify(models/iris_with_ardupilot) by extension 'python_setup_py'
[0.135s] Level 1:colcon.colcon_core.package_identification:_identify(models/iris_with_gimbal) by extensions ['ignore', 'ignore_ament_install']
[0.135s] Level 1:colcon.colcon_core.package_identification:_identify(models/iris_with_gimbal) by extension 'ignore'
[0.135s] Level 1:colcon.colcon_core.package_identification:_identify(models/iris_with_gimbal) by extension 'ignore_ament_install'
[0.135s] Level 1:colcon.colcon_core.package_identification:_identify(models/iris_with_gimbal) by extensions ['colcon_pkg']
[0.135s] Level 1:colcon.colcon_core.package_identification:_identify(models/iris_with_gimbal) by extension 'colcon_pkg'
[0.135s] Level 1:colcon.colcon_core.package_identification:_identify(models/iris_with_gimbal) by extensions ['colcon_meta']
[0.135s] Level 1:colcon.colcon_core.package_identification:_identify(models/iris_with_gimbal) by extension 'colcon_meta'
[0.135s] Level 1:colcon.colcon_core.package_identification:_identify(models/iris_with_gimbal) by extensions ['ros']
[0.135s] Level 1:colcon.colcon_core.package_identification:_identify(models/iris_with_gimbal) by extension 'ros'
[0.135s] Level 1:colcon.colcon_core.package_identification:_identify(models/iris_with_gimbal) by extensions ['cmake', 'python']
[0.135s] Level 1:colcon.colcon_core.package_identification:_identify(models/iris_with_gimbal) by extension 'cmake'
[0.135s] Level 1:colcon.colcon_core.package_identification:_identify(models/iris_with_gimbal) by extension 'python'
[0.135s] Level 1:colcon.colcon_core.package_identification:_identify(models/iris_with_gimbal) by extensions ['python_setup_py']
[0.135s] Level 1:colcon.colcon_core.package_identification:_identify(models/iris_with_gimbal) by extension 'python_setup_py'
[0.135s] Level 1:colcon.colcon_core.package_identification:_identify(models/iris_with_standoffs) by extensions ['ignore', 'ignore_ament_install']
[0.135s] Level 1:colcon.colcon_core.package_identification:_identify(models/iris_with_standoffs) by extension 'ignore'
[0.135s] Level 1:colcon.colcon_core.package_identification:_identify(models/iris_with_standoffs) by extension 'ignore_ament_install'
[0.136s] Level 1:colcon.colcon_core.package_identification:_identify(models/iris_with_standoffs) by extensions ['colcon_pkg']
[0.136s] Level 1:colcon.colcon_core.package_identification:_identify(models/iris_with_standoffs) by extension 'colcon_pkg'
[0.136s] Level 1:colcon.colcon_core.package_identification:_identify(models/iris_with_standoffs) by extensions ['colcon_meta']
[0.136s] Level 1:colcon.colcon_core.package_identification:_identify(models/iris_with_standoffs) by extension 'colcon_meta'
[0.136s] Level 1:colcon.colcon_core.package_identification:_identify(models/iris_with_standoffs) by extensions ['ros']
[0.136s] Level 1:colcon.colcon_core.package_identification:_identify(models/iris_with_standoffs) by extension 'ros'
[0.136s] Level 1:colcon.colcon_core.package_identification:_identify(models/iris_with_standoffs) by extensions ['cmake', 'python']
[0.136s] Level 1:colcon.colcon_core.package_identification:_identify(models/iris_with_standoffs) by extension 'cmake'
[0.136s] Level 1:colcon.colcon_core.package_identification:_identify(models/iris_with_standoffs) by extension 'python'
[0.136s] Level 1:colcon.colcon_core.package_identification:_identify(models/iris_with_standoffs) by extensions ['python_setup_py']
[0.136s] Level 1:colcon.colcon_core.package_identification:_identify(models/iris_with_standoffs) by extension 'python_setup_py'
[0.136s] Level 1:colcon.colcon_core.package_identification:_identify(models/iris_with_standoffs/meshes) by extensions ['ignore', 'ignore_ament_install']
[0.136s] Level 1:colcon.colcon_core.package_identification:_identify(models/iris_with_standoffs/meshes) by extension 'ignore'
[0.136s] Level 1:colcon.colcon_core.package_identification:_identify(models/iris_with_standoffs/meshes) by extension 'ignore_ament_install'
[0.136s] Level 1:colcon.colcon_core.package_identification:_identify(models/iris_with_standoffs/meshes) by extensions ['colcon_pkg']
[0.136s] Level 1:colcon.colcon_core.package_identification:_identify(models/iris_with_standoffs/meshes) by extension 'colcon_pkg'
[0.136s] Level 1:colcon.colcon_core.package_identification:_identify(models/iris_with_standoffs/meshes) by extensions ['colcon_meta']
[0.136s] Level 1:colcon.colcon_core.package_identification:_identify(models/iris_with_standoffs/meshes) by extension 'colcon_meta'
[0.136s] Level 1:colcon.colcon_core.package_identification:_identify(models/iris_with_standoffs/meshes) by extensions ['ros']
[0.136s] Level 1:colcon.colcon_core.package_identification:_identify(models/iris_with_standoffs/meshes) by extension 'ros'
[0.136s] Level 1:colcon.colcon_core.package_identification:_identify(models/iris_with_standoffs/meshes) by extensions ['cmake', 'python']
[0.136s] Level 1:colcon.colcon_core.package_identification:_identify(models/iris_with_standoffs/meshes) by extension 'cmake'
[0.136s] Level 1:colcon.colcon_core.package_identification:_identify(models/iris_with_standoffs/meshes) by extension 'python'
[0.136s] Level 1:colcon.colcon_core.package_identification:_identify(models/iris_with_standoffs/meshes) by extensions ['python_setup_py']
[0.136s] Level 1:colcon.colcon_core.package_identification:_identify(models/iris_with_standoffs/meshes) by extension 'python_setup_py'
[0.136s] Level 1:colcon.colcon_core.package_identification:_identify(models/parachute_small) by extensions ['ignore', 'ignore_ament_install']
[0.136s] Level 1:colcon.colcon_core.package_identification:_identify(models/parachute_small) by extension 'ignore'
[0.136s] Level 1:colcon.colcon_core.package_identification:_identify(models/parachute_small) by extension 'ignore_ament_install'
[0.136s] Level 1:colcon.colcon_core.package_identification:_identify(models/parachute_small) by extensions ['colcon_pkg']
[0.136s] Level 1:colcon.colcon_core.package_identification:_identify(models/parachute_small) by extension 'colcon_pkg'
[0.136s] Level 1:colcon.colcon_core.package_identification:_identify(models/parachute_small) by extensions ['colcon_meta']
[0.136s] Level 1:colcon.colcon_core.package_identification:_identify(models/parachute_small) by extension 'colcon_meta'
[0.136s] Level 1:colcon.colcon_core.package_identification:_identify(models/parachute_small) by extensions ['ros']
[0.136s] Level 1:colcon.colcon_core.package_identification:_identify(models/parachute_small) by extension 'ros'
[0.136s] Level 1:colcon.colcon_core.package_identification:_identify(models/parachute_small) by extensions ['cmake', 'python']
[0.136s] Level 1:colcon.colcon_core.package_identification:_identify(models/parachute_small) by extension 'cmake'
[0.136s] Level 1:colcon.colcon_core.package_identification:_identify(models/parachute_small) by extension 'python'
[0.136s] Level 1:colcon.colcon_core.package_identification:_identify(models/parachute_small) by extensions ['python_setup_py']
[0.136s] Level 1:colcon.colcon_core.package_identification:_identify(models/parachute_small) by extension 'python_setup_py'
[0.136s] Level 1:colcon.colcon_core.package_identification:_identify(models/parachute_small/meshes) by extensions ['ignore', 'ignore_ament_install']
[0.137s] Level 1:colcon.colcon_core.package_identification:_identify(models/parachute_small/meshes) by extension 'ignore'
[0.137s] Level 1:colcon.colcon_core.package_identification:_identify(models/parachute_small/meshes) by extension 'ignore_ament_install'
[0.137s] Level 1:colcon.colcon_core.package_identification:_identify(models/parachute_small/meshes) by extensions ['colcon_pkg']
[0.137s] Level 1:colcon.colcon_core.package_identification:_identify(models/parachute_small/meshes) by extension 'colcon_pkg'
[0.137s] Level 1:colcon.colcon_core.package_identification:_identify(models/parachute_small/meshes) by extensions ['colcon_meta']
[0.137s] Level 1:colcon.colcon_core.package_identification:_identify(models/parachute_small/meshes) by extension 'colcon_meta'
[0.137s] Level 1:colcon.colcon_core.package_identification:_identify(models/parachute_small/meshes) by extensions ['ros']
[0.137s] Level 1:colcon.colcon_core.package_identification:_identify(models/parachute_small/meshes) by extension 'ros'
[0.137s] Level 1:colcon.colcon_core.package_identification:_identify(models/parachute_small/meshes) by extensions ['cmake', 'python']
[0.137s] Level 1:colcon.colcon_core.package_identification:_identify(models/parachute_small/meshes) by extension 'cmake'
[0.137s] Level 1:colcon.colcon_core.package_identification:_identify(models/parachute_small/meshes) by extension 'python'
[0.137s] Level 1:colcon.colcon_core.package_identification:_identify(models/parachute_small/meshes) by extensions ['python_setup_py']
[0.137s] Level 1:colcon.colcon_core.package_identification:_identify(models/parachute_small/meshes) by extension 'python_setup_py'
[0.137s] Level 1:colcon.colcon_core.package_identification:_identify(models/runway) by extensions ['ignore', 'ignore_ament_install']
[0.137s] Level 1:colcon.colcon_core.package_identification:_identify(models/runway) by extension 'ignore'
[0.137s] Level 1:colcon.colcon_core.package_identification:_identify(models/runway) by extension 'ignore_ament_install'
[0.137s] Level 1:colcon.colcon_core.package_identification:_identify(models/runway) by extensions ['colcon_pkg']
[0.137s] Level 1:colcon.colcon_core.package_identification:_identify(models/runway) by extension 'colcon_pkg'
[0.137s] Level 1:colcon.colcon_core.package_identification:_identify(models/runway) by extensions ['colcon_meta']
[0.137s] Level 1:colcon.colcon_core.package_identification:_identify(models/runway) by extension 'colcon_meta'
[0.137s] Level 1:colcon.colcon_core.package_identification:_identify(models/runway) by extensions ['ros']
[0.137s] Level 1:colcon.colcon_core.package_identification:_identify(models/runway) by extension 'ros'
[0.137s] Level 1:colcon.colcon_core.package_identification:_identify(models/runway) by extensions ['cmake', 'python']
[0.137s] Level 1:colcon.colcon_core.package_identification:_identify(models/runway) by extension 'cmake'
[0.137s] Level 1:colcon.colcon_core.package_identification:_identify(models/runway) by extension 'python'
[0.137s] Level 1:colcon.colcon_core.package_identification:_identify(models/runway) by extensions ['python_setup_py']
[0.137s] Level 1:colcon.colcon_core.package_identification:_identify(models/runway) by extension 'python_setup_py'
[0.137s] Level 1:colcon.colcon_core.package_identification:_identify(models/runway/materials) by extensions ['ignore', 'ignore_ament_install']
[0.137s] Level 1:colcon.colcon_core.package_identification:_identify(models/runway/materials) by extension 'ignore'
[0.137s] Level 1:colcon.colcon_core.package_identification:_identify(models/runway/materials) by extension 'ignore_ament_install'
[0.137s] Level 1:colcon.colcon_core.package_identification:_identify(models/runway/materials) by extensions ['colcon_pkg']
[0.137s] Level 1:colcon.colcon_core.package_identification:_identify(models/runway/materials) by extension 'colcon_pkg'
[0.137s] Level 1:colcon.colcon_core.package_identification:_identify(models/runway/materials) by extensions ['colcon_meta']
[0.137s] Level 1:colcon.colcon_core.package_identification:_identify(models/runway/materials) by extension 'colcon_meta'
[0.137s] Level 1:colcon.colcon_core.package_identification:_identify(models/runway/materials) by extensions ['ros']
[0.137s] Level 1:colcon.colcon_core.package_identification:_identify(models/runway/materials) by extension 'ros'
[0.137s] Level 1:colcon.colcon_core.package_identification:_identify(models/runway/materials) by extensions ['cmake', 'python']
[0.137s] Level 1:colcon.colcon_core.package_identification:_identify(models/runway/materials) by extension 'cmake'
[0.137s] Level 1:colcon.colcon_core.package_identification:_identify(models/runway/materials) by extension 'python'
[0.137s] Level 1:colcon.colcon_core.package_identification:_identify(models/runway/materials) by extensions ['python_setup_py']
[0.137s] Level 1:colcon.colcon_core.package_identification:_identify(models/runway/materials) by extension 'python_setup_py'
[0.138s] Level 1:colcon.colcon_core.package_identification:_identify(models/runway/materials/textures) by extensions ['ignore', 'ignore_ament_install']
[0.138s] Level 1:colcon.colcon_core.package_identification:_identify(models/runway/materials/textures) by extension 'ignore'
[0.138s] Level 1:colcon.colcon_core.package_identification:_identify(models/runway/materials/textures) by extension 'ignore_ament_install'
[0.138s] Level 1:colcon.colcon_core.package_identification:_identify(models/runway/materials/textures) by extensions ['colcon_pkg']
[0.138s] Level 1:colcon.colcon_core.package_identification:_identify(models/runway/materials/textures) by extension 'colcon_pkg'
[0.138s] Level 1:colcon.colcon_core.package_identification:_identify(models/runway/materials/textures) by extensions ['colcon_meta']
[0.138s] Level 1:colcon.colcon_core.package_identification:_identify(models/runway/materials/textures) by extension 'colcon_meta'
[0.138s] Level 1:colcon.colcon_core.package_identification:_identify(models/runway/materials/textures) by extensions ['ros']
[0.138s] Level 1:colcon.colcon_core.package_identification:_identify(models/runway/materials/textures) by extension 'ros'
[0.138s] Level 1:colcon.colcon_core.package_identification:_identify(models/runway/materials/textures) by extensions ['cmake', 'python']
[0.138s] Level 1:colcon.colcon_core.package_identification:_identify(models/runway/materials/textures) by extension 'cmake'
[0.138s] Level 1:colcon.colcon_core.package_identification:_identify(models/runway/materials/textures) by extension 'python'
[0.138s] Level 1:colcon.colcon_core.package_identification:_identify(models/runway/materials/textures) by extensions ['python_setup_py']
[0.138s] Level 1:colcon.colcon_core.package_identification:_identify(models/runway/materials/textures) by extension 'python_setup_py'
[0.138s] Level 1:colcon.colcon_core.package_identification:_identify(models/runway/meshes) by extensions ['ignore', 'ignore_ament_install']
[0.138s] Level 1:colcon.colcon_core.package_identification:_identify(models/runway/meshes) by extension 'ignore'
[0.138s] Level 1:colcon.colcon_core.package_identification:_identify(models/runway/meshes) by extension 'ignore_ament_install'
[0.138s] Level 1:colcon.colcon_core.package_identification:_identify(models/runway/meshes) by extensions ['colcon_pkg']
[0.138s] Level 1:colcon.colcon_core.package_identification:_identify(models/runway/meshes) by extension 'colcon_pkg'
[0.138s] Level 1:colcon.colcon_core.package_identification:_identify(models/runway/meshes) by extensions ['colcon_meta']
[0.138s] Level 1:colcon.colcon_core.package_identification:_identify(models/runway/meshes) by extension 'colcon_meta'
[0.138s] Level 1:colcon.colcon_core.package_identification:_identify(models/runway/meshes) by extensions ['ros']
[0.138s] Level 1:colcon.colcon_core.package_identification:_identify(models/runway/meshes) by extension 'ros'
[0.138s] Level 1:colcon.colcon_core.package_identification:_identify(models/runway/meshes) by extensions ['cmake', 'python']
[0.138s] Level 1:colcon.colcon_core.package_identification:_identify(models/runway/meshes) by extension 'cmake'
[0.138s] Level 1:colcon.colcon_core.package_identification:_identify(models/runway/meshes) by extension 'python'
[0.138s] Level 1:colcon.colcon_core.package_identification:_identify(models/runway/meshes) by extensions ['python_setup_py']
[0.138s] Level 1:colcon.colcon_core.package_identification:_identify(models/runway/meshes) by extension 'python_setup_py'
[0.138s] Level 1:colcon.colcon_core.package_identification:_identify(models/zephyr) by extensions ['ignore', 'ignore_ament_install']
[0.138s] Level 1:colcon.colcon_core.package_identification:_identify(models/zephyr) by extension 'ignore'
[0.138s] Level 1:colcon.colcon_core.package_identification:_identify(models/zephyr) by extension 'ignore_ament_install'
[0.138s] Level 1:colcon.colcon_core.package_identification:_identify(models/zephyr) by extensions ['colcon_pkg']
[0.138s] Level 1:colcon.colcon_core.package_identification:_identify(models/zephyr) by extension 'colcon_pkg'
[0.138s] Level 1:colcon.colcon_core.package_identification:_identify(models/zephyr) by extensions ['colcon_meta']
[0.138s] Level 1:colcon.colcon_core.package_identification:_identify(models/zephyr) by extension 'colcon_meta'
[0.138s] Level 1:colcon.colcon_core.package_identification:_identify(models/zephyr) by extensions ['ros']
[0.138s] Level 1:colcon.colcon_core.package_identification:_identify(models/zephyr) by extension 'ros'
[0.138s] Level 1:colcon.colcon_core.package_identification:_identify(models/zephyr) by extensions ['cmake', 'python']
[0.138s] Level 1:colcon.colcon_core.package_identification:_identify(models/zephyr) by extension 'cmake'
[0.138s] Level 1:colcon.colcon_core.package_identification:_identify(models/zephyr) by extension 'python'
[0.139s] Level 1:colcon.colcon_core.package_identification:_identify(models/zephyr) by extensions ['python_setup_py']
[0.139s] Level 1:colcon.colcon_core.package_identification:_identify(models/zephyr) by extension 'python_setup_py'
[0.139s] Level 1:colcon.colcon_core.package_identification:_identify(models/zephyr/materials) by extensions ['ignore', 'ignore_ament_install']
[0.139s] Level 1:colcon.colcon_core.package_identification:_identify(models/zephyr/materials) by extension 'ignore'
[0.139s] Level 1:colcon.colcon_core.package_identification:_identify(models/zephyr/materials) by extension 'ignore_ament_install'
[0.139s] Level 1:colcon.colcon_core.package_identification:_identify(models/zephyr/materials) by extensions ['colcon_pkg']
[0.139s] Level 1:colcon.colcon_core.package_identification:_identify(models/zephyr/materials) by extension 'colcon_pkg'
[0.139s] Level 1:colcon.colcon_core.package_identification:_identify(models/zephyr/materials) by extensions ['colcon_meta']
[0.139s] Level 1:colcon.colcon_core.package_identification:_identify(models/zephyr/materials) by extension 'colcon_meta'
[0.139s] Level 1:colcon.colcon_core.package_identification:_identify(models/zephyr/materials) by extensions ['ros']
[0.139s] Level 1:colcon.colcon_core.package_identification:_identify(models/zephyr/materials) by extension 'ros'
[0.139s] Level 1:colcon.colcon_core.package_identification:_identify(models/zephyr/materials) by extensions ['cmake', 'python']
[0.139s] Level 1:colcon.colcon_core.package_identification:_identify(models/zephyr/materials) by extension 'cmake'
[0.139s] Level 1:colcon.colcon_core.package_identification:_identify(models/zephyr/materials) by extension 'python'
[0.139s] Level 1:colcon.colcon_core.package_identification:_identify(models/zephyr/materials) by extensions ['python_setup_py']
[0.139s] Level 1:colcon.colcon_core.package_identification:_identify(models/zephyr/materials) by extension 'python_setup_py'
[0.139s] Level 1:colcon.colcon_core.package_identification:_identify(models/zephyr/materials/textures) by extensions ['ignore', 'ignore_ament_install']
[0.139s] Level 1:colcon.colcon_core.package_identification:_identify(models/zephyr/materials/textures) by extension 'ignore'
[0.139s] Level 1:colcon.colcon_core.package_identification:_identify(models/zephyr/materials/textures) by extension 'ignore_ament_install'
[0.139s] Level 1:colcon.colcon_core.package_identification:_identify(models/zephyr/materials/textures) by extensions ['colcon_pkg']
[0.139s] Level 1:colcon.colcon_core.package_identification:_identify(models/zephyr/materials/textures) by extension 'colcon_pkg'
[0.139s] Level 1:colcon.colcon_core.package_identification:_identify(models/zephyr/materials/textures) by extensions ['colcon_meta']
[0.139s] Level 1:colcon.colcon_core.package_identification:_identify(models/zephyr/materials/textures) by extension 'colcon_meta'
[0.139s] Level 1:colcon.colcon_core.package_identification:_identify(models/zephyr/materials/textures) by extensions ['ros']
[0.139s] Level 1:colcon.colcon_core.package_identification:_identify(models/zephyr/materials/textures) by extension 'ros'
[0.139s] Level 1:colcon.colcon_core.package_identification:_identify(models/zephyr/materials/textures) by extensions ['cmake', 'python']
[0.139s] Level 1:colcon.colcon_core.package_identification:_identify(models/zephyr/materials/textures) by extension 'cmake'
[0.139s] Level 1:colcon.colcon_core.package_identification:_identify(models/zephyr/materials/textures) by extension 'python'
[0.139s] Level 1:colcon.colcon_core.package_identification:_identify(models/zephyr/materials/textures) by extensions ['python_setup_py']
[0.139s] Level 1:colcon.colcon_core.package_identification:_identify(models/zephyr/materials/textures) by extension 'python_setup_py'
[0.139s] Level 1:colcon.colcon_core.package_identification:_identify(models/zephyr/meshes) by extensions ['ignore', 'ignore_ament_install']
[0.139s] Level 1:colcon.colcon_core.package_identification:_identify(models/zephyr/meshes) by extension 'ignore'
[0.139s] Level 1:colcon.colcon_core.package_identification:_identify(models/zephyr/meshes) by extension 'ignore_ament_install'
[0.139s] Level 1:colcon.colcon_core.package_identification:_identify(models/zephyr/meshes) by extensions ['colcon_pkg']
[0.139s] Level 1:colcon.colcon_core.package_identification:_identify(models/zephyr/meshes) by extension 'colcon_pkg'
[0.139s] Level 1:colcon.colcon_core.package_identification:_identify(models/zephyr/meshes) by extensions ['colcon_meta']
[0.139s] Level 1:colcon.colcon_core.package_identification:_identify(models/zephyr/meshes) by extension 'colcon_meta'
[0.139s] Level 1:colcon.colcon_core.package_identification:_identify(models/zephyr/meshes) by extensions ['ros']
[0.139s] Level 1:colcon.colcon_core.package_identification:_identify(models/zephyr/meshes) by extension 'ros'
[0.140s] Level 1:colcon.colcon_core.package_identification:_identify(models/zephyr/meshes) by extensions ['cmake', 'python']
[0.140s] Level 1:colcon.colcon_core.package_identification:_identify(models/zephyr/meshes) by extension 'cmake'
[0.140s] Level 1:colcon.colcon_core.package_identification:_identify(models/zephyr/meshes) by extension 'python'
[0.140s] Level 1:colcon.colcon_core.package_identification:_identify(models/zephyr/meshes) by extensions ['python_setup_py']
[0.140s] Level 1:colcon.colcon_core.package_identification:_identify(models/zephyr/meshes) by extension 'python_setup_py'
[0.140s] Level 1:colcon.colcon_core.package_identification:_identify(models/zephyr/thumbnails) by extensions ['ignore', 'ignore_ament_install']
[0.140s] Level 1:colcon.colcon_core.package_identification:_identify(models/zephyr/thumbnails) by extension 'ignore'
[0.140s] Level 1:colcon.colcon_core.package_identification:_identify(models/zephyr/thumbnails) by extension 'ignore_ament_install'
[0.140s] Level 1:colcon.colcon_core.package_identification:_identify(models/zephyr/thumbnails) by extensions ['colcon_pkg']
[0.140s] Level 1:colcon.colcon_core.package_identification:_identify(models/zephyr/thumbnails) by extension 'colcon_pkg'
[0.140s] Level 1:colcon.colcon_core.package_identification:_identify(models/zephyr/thumbnails) by extensions ['colcon_meta']
[0.140s] Level 1:colcon.colcon_core.package_identification:_identify(models/zephyr/thumbnails) by extension 'colcon_meta'
[0.140s] Level 1:colcon.colcon_core.package_identification:_identify(models/zephyr/thumbnails) by extensions ['ros']
[0.140s] Level 1:colcon.colcon_core.package_identification:_identify(models/zephyr/thumbnails) by extension 'ros'
[0.140s] Level 1:colcon.colcon_core.package_identification:_identify(models/zephyr/thumbnails) by extensions ['cmake', 'python']
[0.140s] Level 1:colcon.colcon_core.package_identification:_identify(models/zephyr/thumbnails) by extension 'cmake'
[0.140s] Level 1:colcon.colcon_core.package_identification:_identify(models/zephyr/thumbnails) by extension 'python'
[0.140s] Level 1:colcon.colcon_core.package_identification:_identify(models/zephyr/thumbnails) by extensions ['python_setup_py']
[0.140s] Level 1:colcon.colcon_core.package_identification:_identify(models/zephyr/thumbnails) by extension 'python_setup_py'
[0.140s] Level 1:colcon.colcon_core.package_identification:_identify(models/zephyr_with_ardupilot) by extensions ['ignore', 'ignore_ament_install']
[0.140s] Level 1:colcon.colcon_core.package_identification:_identify(models/zephyr_with_ardupilot) by extension 'ignore'
[0.140s] Level 1:colcon.colcon_core.package_identification:_identify(models/zephyr_with_ardupilot) by extension 'ignore_ament_install'
[0.140s] Level 1:colcon.colcon_core.package_identification:_identify(models/zephyr_with_ardupilot) by extensions ['colcon_pkg']
[0.140s] Level 1:colcon.colcon_core.package_identification:_identify(models/zephyr_with_ardupilot) by extension 'colcon_pkg'
[0.140s] Level 1:colcon.colcon_core.package_identification:_identify(models/zephyr_with_ardupilot) by extensions ['colcon_meta']
[0.140s] Level 1:colcon.colcon_core.package_identification:_identify(models/zephyr_with_ardupilot) by extension 'colcon_meta'
[0.140s] Level 1:colcon.colcon_core.package_identification:_identify(models/zephyr_with_ardupilot) by extensions ['ros']
[0.140s] Level 1:colcon.colcon_core.package_identification:_identify(models/zephyr_with_ardupilot) by extension 'ros'
[0.140s] Level 1:colcon.colcon_core.package_identification:_identify(models/zephyr_with_ardupilot) by extensions ['cmake', 'python']
[0.140s] Level 1:colcon.colcon_core.package_identification:_identify(models/zephyr_with_ardupilot) by extension 'cmake'
[0.140s] Level 1:colcon.colcon_core.package_identification:_identify(models/zephyr_with_ardupilot) by extension 'python'
[0.140s] Level 1:colcon.colcon_core.package_identification:_identify(models/zephyr_with_ardupilot) by extensions ['python_setup_py']
[0.140s] Level 1:colcon.colcon_core.package_identification:_identify(models/zephyr_with_ardupilot) by extension 'python_setup_py'
[0.140s] Level 1:colcon.colcon_core.package_identification:_identify(models/zephyr_with_parachute) by extensions ['ignore', 'ignore_ament_install']
[0.140s] Level 1:colcon.colcon_core.package_identification:_identify(models/zephyr_with_parachute) by extension 'ignore'
[0.140s] Level 1:colcon.colcon_core.package_identification:_identify(models/zephyr_with_parachute) by extension 'ignore_ament_install'
[0.140s] Level 1:colcon.colcon_core.package_identification:_identify(models/zephyr_with_parachute) by extensions ['colcon_pkg']
[0.140s] Level 1:colcon.colcon_core.package_identification:_identify(models/zephyr_with_parachute) by extension 'colcon_pkg'
[0.140s] Level 1:colcon.colcon_core.package_identification:_identify(models/zephyr_with_parachute) by extensions ['colcon_meta']
[0.140s] Level 1:colcon.colcon_core.package_identification:_identify(models/zephyr_with_parachute) by extension 'colcon_meta'
[0.140s] Level 1:colcon.colcon_core.package_identification:_identify(models/zephyr_with_parachute) by extensions ['ros']
[0.141s] Level 1:colcon.colcon_core.package_identification:_identify(models/zephyr_with_parachute) by extension 'ros'
[0.141s] Level 1:colcon.colcon_core.package_identification:_identify(models/zephyr_with_parachute) by extensions ['cmake', 'python']
[0.141s] Level 1:colcon.colcon_core.package_identification:_identify(models/zephyr_with_parachute) by extension 'cmake'
[0.141s] Level 1:colcon.colcon_core.package_identification:_identify(models/zephyr_with_parachute) by extension 'python'
[0.141s] Level 1:colcon.colcon_core.package_identification:_identify(models/zephyr_with_parachute) by extensions ['python_setup_py']
[0.141s] Level 1:colcon.colcon_core.package_identification:_identify(models/zephyr_with_parachute) by extension 'python_setup_py'
[0.141s] Level 1:colcon.colcon_core.package_identification:_identify(src) by extensions ['ignore', 'ignore_ament_install']
[0.141s] Level 1:colcon.colcon_core.package_identification:_identify(src) by extension 'ignore'
[0.141s] Level 1:colcon.colcon_core.package_identification:_identify(src) by extension 'ignore_ament_install'
[0.141s] Level 1:colcon.colcon_core.package_identification:_identify(src) by extensions ['colcon_pkg']
[0.141s] Level 1:colcon.colcon_core.package_identification:_identify(src) by extension 'colcon_pkg'
[0.141s] Level 1:colcon.colcon_core.package_identification:_identify(src) by extensions ['colcon_meta']
[0.141s] Level 1:colcon.colcon_core.package_identification:_identify(src) by extension 'colcon_meta'
[0.141s] Level 1:colcon.colcon_core.package_identification:_identify(src) by extensions ['ros']
[0.141s] Level 1:colcon.colcon_core.package_identification:_identify(src) by extension 'ros'
[0.141s] Level 1:colcon.colcon_core.package_identification:_identify(src) by extensions ['cmake', 'python']
[0.141s] Level 1:colcon.colcon_core.package_identification:_identify(src) by extension 'cmake'
[0.141s] Level 1:colcon.colcon_core.package_identification:_identify(src) by extension 'python'
[0.141s] Level 1:colcon.colcon_core.package_identification:_identify(src) by extensions ['python_setup_py']
[0.141s] Level 1:colcon.colcon_core.package_identification:_identify(src) by extension 'python_setup_py'
[0.141s] Level 1:colcon.colcon_core.package_identification:_identify(src/takeoff) by extensions ['ignore', 'ignore_ament_install']
[0.141s] Level 1:colcon.colcon_core.package_identification:_identify(src/takeoff) by extension 'ignore'
[0.141s] Level 1:colcon.colcon_core.package_identification:_identify(src/takeoff) by extension 'ignore_ament_install'
[0.141s] Level 1:colcon.colcon_core.package_identification:_identify(src/takeoff) by extensions ['colcon_pkg']
[0.141s] Level 1:colcon.colcon_core.package_identification:_identify(src/takeoff) by extension 'colcon_pkg'
[0.141s] Level 1:colcon.colcon_core.package_identification:_identify(src/takeoff) by extensions ['colcon_meta']
[0.141s] Level 1:colcon.colcon_core.package_identification:_identify(src/takeoff) by extension 'colcon_meta'
[0.141s] Level 1:colcon.colcon_core.package_identification:_identify(src/takeoff) by extensions ['ros']
[0.141s] Level 1:colcon.colcon_core.package_identification:_identify(src/takeoff) by extension 'ros'
[0.143s] DEBUG:colcon.colcon_core.package_identification:Package 'src/takeoff' with type 'ros.ament_python' and name 'takeoff'
[0.143s] Level 1:colcon.colcon_core.package_identification:_identify(worlds) by extensions ['ignore', 'ignore_ament_install']
[0.143s] Level 1:colcon.colcon_core.package_identification:_identify(worlds) by extension 'ignore'
[0.143s] Level 1:colcon.colcon_core.package_identification:_identify(worlds) by extension 'ignore_ament_install'
[0.143s] Level 1:colcon.colcon_core.package_identification:_identify(worlds) by extensions ['colcon_pkg']
[0.143s] Level 1:colcon.colcon_core.package_identification:_identify(worlds) by extension 'colcon_pkg'
[0.143s] Level 1:colcon.colcon_core.package_identification:_identify(worlds) by extensions ['colcon_meta']
[0.143s] Level 1:colcon.colcon_core.package_identification:_identify(worlds) by extension 'colcon_meta'
[0.143s] Level 1:colcon.colcon_core.package_identification:_identify(worlds) by extensions ['ros']
[0.143s] Level 1:colcon.colcon_core.package_identification:_identify(worlds) by extension 'ros'
[0.144s] Level 1:colcon.colcon_core.package_identification:_identify(worlds) by extensions ['cmake', 'python']
[0.144s] Level 1:colcon.colcon_core.package_identification:_identify(worlds) by extension 'cmake'
[0.144s] Level 1:colcon.colcon_core.package_identification:_identify(worlds) by extension 'python'
[0.144s] Level 1:colcon.colcon_core.package_identification:_identify(worlds) by extensions ['python_setup_py']
[0.144s] Level 1:colcon.colcon_core.package_identification:_identify(worlds) by extension 'python_setup_py'
[0.144s] Level 1:colcon.colcon_core.package_identification:_identify(worlds/terrain) by extensions ['ignore', 'ignore_ament_install']
[0.144s] Level 1:colcon.colcon_core.package_identification:_identify(worlds/terrain) by extension 'ignore'
[0.144s] Level 1:colcon.colcon_core.package_identification:_identify(worlds/terrain) by extension 'ignore_ament_install'
[0.144s] Level 1:colcon.colcon_core.package_identification:_identify(worlds/terrain) by extensions ['colcon_pkg']
[0.144s] Level 1:colcon.colcon_core.package_identification:_identify(worlds/terrain) by extension 'colcon_pkg'
[0.144s] Level 1:colcon.colcon_core.package_identification:_identify(worlds/terrain) by extensions ['colcon_meta']
[0.144s] Level 1:colcon.colcon_core.package_identification:_identify(worlds/terrain) by extension 'colcon_meta'
[0.144s] Level 1:colcon.colcon_core.package_identification:_identify(worlds/terrain) by extensions ['ros']
[0.144s] Level 1:colcon.colcon_core.package_identification:_identify(worlds/terrain) by extension 'ros'
[0.144s] Level 1:colcon.colcon_core.package_identification:_identify(worlds/terrain) by extensions ['cmake', 'python']
[0.144s] Level 1:colcon.colcon_core.package_identification:_identify(worlds/terrain) by extension 'cmake'
[0.144s] Level 1:colcon.colcon_core.package_identification:_identify(worlds/terrain) by extension 'python'
[0.144s] Level 1:colcon.colcon_core.package_identification:_identify(worlds/terrain) by extensions ['python_setup_py']
[0.144s] Level 1:colcon.colcon_core.package_identification:_identify(worlds/terrain) by extension 'python_setup_py'
[0.144s] Level 1:colcon.colcon_core.package_discovery:discover_packages(recursive) using defaults
[0.144s] Level 1:colcon.colcon_core.package_discovery:discover_packages(ignore) discover
[0.144s] Level 1:colcon.colcon_core.package_discovery:discover_packages(ignore) using defaults
[0.144s] Level 1:colcon.colcon_core.package_discovery:discover_packages(path) discover
[0.144s] Level 1:colcon.colcon_core.package_discovery:discover_packages(path) using defaults
[0.158s] Level 1:colcon.colcon_core.package_discovery:discover_packages(prefix_path) check parameters
[0.159s] Level 1:colcon.colcon_core.package_discovery:discover_packages(prefix_path) discover
[0.159s] DEBUG:colcon.colcon_installed_package_information.package_discovery:Found 1 installed packages in /home/gouravk24/aruco_landing/install
[0.160s] DEBUG:colcon.colcon_installed_package_information.package_discovery:Found 306 installed packages in /opt/ros/humble
[0.161s] Level 1:colcon.colcon_core.package_discovery:discover_packages(prefix_path) using defaults
[0.194s] Level 5:colcon.colcon_core.verb:set package 'takeoff' build argument 'cmake_args' from command line to 'None'
[0.195s] Level 5:colcon.colcon_core.verb:set package 'takeoff' build argument 'cmake_target' from command line to 'None'
[0.195s] Level 5:colcon.colcon_core.verb:set package 'takeoff' build argument 'cmake_target_skip_unavailable' from command line to 'False'
[0.195s] Level 5:colcon.colcon_core.verb:set package 'takeoff' build argument 'cmake_clean_cache' from command line to 'False'
[0.195s] Level 5:colcon.colcon_core.verb:set package 'takeoff' build argument 'cmake_clean_first' from command line to 'False'
[0.195s] Level 5:colcon.colcon_core.verb:set package 'takeoff' build argument 'cmake_force_configure' from command line to 'False'
[0.195s] Level 5:colcon.colcon_core.verb:set package 'takeoff' build argument 'ament_cmake_args' from command line to 'None'
[0.195s] Level 5:colcon.colcon_core.verb:set package 'takeoff' build argument 'catkin_cmake_args' from command line to 'None'
[0.195s] Level 5:colcon.colcon_core.verb:set package 'takeoff' build argument 'catkin_skip_building_tests' from command line to 'False'
[0.195s] DEBUG:colcon.colcon_core.verb:Building package 'takeoff' with the following arguments: {'ament_cmake_args': None, 'build_base': '/home/gouravk24/aruco_landing/build/takeoff', 'catkin_cmake_args': None, 'catkin_skip_building_tests': False, 'cmake_args': None, 'cmake_clean_cache': False, 'cmake_clean_first': False, 'cmake_force_configure': False, 'cmake_target': None, 'cmake_target_skip_unavailable': False, 'install_base': '/home/gouravk24/aruco_landing/install/takeoff', 'merge_install': False, 'path': '/home/gouravk24/aruco_landing/src/takeoff', 'symlink_install': False, 'test_result_base': None}
[0.195s] INFO:colcon.colcon_core.executor:Executing jobs using 'parallel' executor
[0.196s] DEBUG:colcon.colcon_parallel_executor.executor.parallel:run_until_complete
[0.196s] INFO:colcon.colcon_ros.task.ament_python.build:Building ROS package in '/home/gouravk24/aruco_landing/src/takeoff' with build type 'ament_python'
[0.196s] Level 1:colcon.colcon_core.shell:create_environment_hook('takeoff', 'ament_prefix_path')
[0.198s] INFO:colcon.colcon_core.plugin_system:Skipping extension 'colcon_core.shell.bat': Not used on non-Windows systems
[0.198s] INFO:colcon.colcon_core.shell:Creating environment hook '/home/gouravk24/aruco_landing/install/takeoff/share/takeoff/hook/ament_prefix_path.ps1'
[0.198s] INFO:colcon.colcon_core.shell:Creating environment descriptor '/home/gouravk24/aruco_landing/install/takeoff/share/takeoff/hook/ament_prefix_path.dsv'
[0.199s] INFO:colcon.colcon_core.shell:Creating environment hook '/home/gouravk24/aruco_landing/install/takeoff/share/takeoff/hook/ament_prefix_path.sh'
[0.199s] INFO:colcon.colcon_core.shell:Skip shell extension 'powershell' for command environment: Not usable outside of PowerShell
[0.199s] DEBUG:colcon.colcon_core.shell:Skip shell extension 'dsv' for command environment
[0.357s] WARNING:colcon.colcon_ros.task.ament_python.build:Package 'takeoff' doesn't explicitly install a marker in the package index (colcon-ros currently does it implicitly but that fallback will be removed in the future)
[0.357s] WARNING:colcon.colcon_ros.task.ament_python.build:Package 'takeoff' doesn't explicitly install the 'package.xml' file (colcon-ros currently does it implicitly but that fallback will be removed in the future)
[0.358s] INFO:colcon.colcon_core.task.python.build:Building Python package in '/home/gouravk24/aruco_landing/src/takeoff'
[0.358s] INFO:colcon.colcon_core.shell:Skip shell extension 'powershell' for command environment: Not usable outside of PowerShell
[0.358s] DEBUG:colcon.colcon_core.shell:Skip shell extension 'dsv' for command environment
[0.655s] DEBUG:colcon.colcon_core.event_handler.log_command:Invoking command in '/home/gouravk24/aruco_landing/src/takeoff': PYTHONPATH=/home/gouravk24/aruco_landing/build/takeoff/prefix_override:/usr/lib/python3/dist-packages/colcon_core/task/python/colcon_distutils_commands:/home/gouravk24/aruco_landing/install/takeoff/lib/python3.10/site-packages:${PYTHONPATH} /usr/bin/python3 -W ignore:setup.py install is deprecated -W ignore:easy_install command is deprecated setup.py egg_info --egg-base ../../build/takeoff build --build-base /home/gouravk24/aruco_landing/build/takeoff/build install --record /home/gouravk24/aruco_landing/build/takeoff/install.log --single-version-externally-managed
[0.929s] DEBUG:colcon.colcon_core.event_handler.log_command:Invoked command in '/home/gouravk24/aruco_landing/src/takeoff' returned '0': PYTHONPATH=/home/gouravk24/aruco_landing/build/takeoff/prefix_override:/usr/lib/python3/dist-packages/colcon_core/task/python/colcon_distutils_commands:/home/gouravk24/aruco_landing/install/takeoff/lib/python3.10/site-packages:${PYTHONPATH} /usr/bin/python3 -W ignore:setup.py install is deprecated -W ignore:easy_install command is deprecated setup.py egg_info --egg-base ../../build/takeoff build --build-base /home/gouravk24/aruco_landing/build/takeoff/build install --record /home/gouravk24/aruco_landing/build/takeoff/install.log --single-version-externally-managed
[0.930s] Level 1:colcon.colcon_core.environment:checking '/home/gouravk24/aruco_landing/install/takeoff' for CMake module files
[0.931s] Level 1:colcon.colcon_core.environment:checking '/home/gouravk24/aruco_landing/install/takeoff' for CMake config files
[0.931s] Level 1:colcon.colcon_core.environment:checking '/home/gouravk24/aruco_landing/install/takeoff/lib'
[0.931s] Level 1:colcon.colcon_core.environment:checking '/home/gouravk24/aruco_landing/install/takeoff/bin'
[0.932s] Level 1:colcon.colcon_core.environment:checking '/home/gouravk24/aruco_landing/install/takeoff/lib/pkgconfig/takeoff.pc'
[0.932s] Level 1:colcon.colcon_core.environment:checking '/home/gouravk24/aruco_landing/install/takeoff/lib/python3.10/site-packages'
[0.932s] Level 1:colcon.colcon_core.shell:create_environment_hook('takeoff', 'pythonpath')
[0.932s] INFO:colcon.colcon_core.shell:Creating environment hook '/home/gouravk24/aruco_landing/install/takeoff/share/takeoff/hook/pythonpath.ps1'
[0.932s] INFO:colcon.colcon_core.shell:Creating environment descriptor '/home/gouravk24/aruco_landing/install/takeoff/share/takeoff/hook/pythonpath.dsv'
[0.933s] INFO:colcon.colcon_core.shell:Creating environment hook '/home/gouravk24/aruco_landing/install/takeoff/share/takeoff/hook/pythonpath.sh'
[0.933s] Level 1:colcon.colcon_core.environment:checking '/home/gouravk24/aruco_landing/install/takeoff/bin'
[0.933s] Level 1:colcon.colcon_core.environment:create_environment_scripts_only(takeoff)
[0.933s] INFO:colcon.colcon_core.shell:Creating package script '/home/gouravk24/aruco_landing/install/takeoff/share/takeoff/package.ps1'
[0.934s] INFO:colcon.colcon_core.shell:Creating package descriptor '/home/gouravk24/aruco_landing/install/takeoff/share/takeoff/package.dsv'
[0.935s] INFO:colcon.colcon_core.shell:Creating package script '/home/gouravk24/aruco_landing/install/takeoff/share/takeoff/package.sh'
[0.935s] INFO:colcon.colcon_core.shell:Creating package script '/home/gouravk24/aruco_landing/install/takeoff/share/takeoff/package.bash'
[0.936s] INFO:colcon.colcon_core.shell:Creating package script '/home/gouravk24/aruco_landing/install/takeoff/share/takeoff/package.zsh'
[0.937s] Level 1:colcon.colcon_core.environment:create_file_with_runtime_dependencies(/home/gouravk24/aruco_landing/install/takeoff/share/colcon-core/packages/takeoff)
[0.937s] DEBUG:colcon.colcon_parallel_executor.executor.parallel:closing loop
[0.937s] DEBUG:colcon.colcon_parallel_executor.executor.parallel:loop closed
[0.937s] DEBUG:colcon.colcon_parallel_executor.executor.parallel:run_until_complete finished with '0'
[0.937s] DEBUG:colcon.colcon_core.event_reactor:joining thread
[0.941s] INFO:colcon.colcon_core.plugin_system:Skipping extension 'colcon_notification.desktop_notification.terminal_notifier': Not used on non-Darwin systems
[0.941s] INFO:colcon.colcon_core.plugin_system:Skipping extension 'colcon_notification.desktop_notification.win32': Not used on non-Windows systems
[0.941s] INFO:colcon.colcon_notification.desktop_notification:Sending desktop notification using 'notify2'
[0.952s] DEBUG:colcon.colcon_core.event_reactor:joined thread
[0.953s] INFO:colcon.colcon_core.shell:Creating prefix script '/home/gouravk24/aruco_landing/install/local_setup.ps1'
[0.953s] INFO:colcon.colcon_core.shell:Creating prefix util module '/home/gouravk24/aruco_landing/install/_local_setup_util_ps1.py'
[0.954s] INFO:colcon.colcon_core.shell:Creating prefix chain script '/home/gouravk24/aruco_landing/install/setup.ps1'
[0.955s] INFO:colcon.colcon_core.shell:Creating prefix script '/home/gouravk24/aruco_landing/install/local_setup.sh'
[0.956s] INFO:colcon.colcon_core.shell:Creating prefix util module '/home/gouravk24/aruco_landing/install/_local_setup_util_sh.py'
[0.956s] INFO:colcon.colcon_core.shell:Creating prefix chain script '/home/gouravk24/aruco_landing/install/setup.sh'
[0.957s] INFO:colcon.colcon_core.shell:Creating prefix script '/home/gouravk24/aruco_landing/install/local_setup.bash'
[0.957s] INFO:colcon.colcon_core.shell:Creating prefix chain script '/home/gouravk24/aruco_landing/install/setup.bash'
[0.957s] INFO:colcon.colcon_core.shell:Creating prefix script '/home/gouravk24/aruco_landing/install/local_setup.zsh'
[0.958s] INFO:colcon.colcon_core.shell:Creating prefix chain script '/home/gouravk24/aruco_landing/install/setup.zsh'
