[1.021s] Invoking command in '/home/gouravk24/aruco_landing/src/takeoff': PYTHONPATH=/home/gouravk24/aruco_landing/build/takeoff/prefix_override:/usr/lib/python3/dist-packages/colcon_core/task/python/colcon_distutils_commands:/home/gouravk24/aruco_landing/install/takeoff/lib/python3.10/site-packages:${PYTHONPATH} /usr/bin/python3 -W ignore:setup.py install is deprecated -W ignore:easy_install command is deprecated setup.py egg_info --egg-base ../../build/takeoff build --build-base /home/gouravk24/aruco_landing/build/takeoff/build install --record /home/gouravk24/aruco_landing/build/takeoff/install.log --single-version-externally-managed
[1.404s] running egg_info
[1.428s] writing ../../build/takeoff/takeoff.egg-info/PKG-INFO
[1.429s] writing dependency_links to ../../build/takeoff/takeoff.egg-info/dependency_links.txt
[1.429s] writing entry points to ../../build/takeoff/takeoff.egg-info/entry_points.txt
[1.429s] writing requirements to ../../build/takeoff/takeoff.egg-info/requires.txt
[1.430s] writing top-level names to ../../build/takeoff/takeoff.egg-info/top_level.txt
[1.482s] reading manifest file '../../build/takeoff/takeoff.egg-info/SOURCES.txt'
[1.483s] adding license file 'LICENSE'
[1.484s] writing manifest file '../../build/takeoff/takeoff.egg-info/SOURCES.txt'
[1.484s] running build
[1.484s] running build_py
[1.485s] copying takeoff/__init__.py -> /home/gouravk24/aruco_landing/build/takeoff/build/lib/takeoff
[1.485s] copying takeoff/auto_takeoff.py -> /home/gouravk24/aruco_landing/build/takeoff/build/lib/takeoff
[1.485s] running install
[1.492s] running install_lib
[1.516s] copying /home/gouravk24/aruco_landing/build/takeoff/build/lib/takeoff/auto_takeoff.py -> /home/gouravk24/aruco_landing/install/takeoff/lib/python3.10/site-packages/takeoff
[1.517s] byte-compiling /home/gouravk24/aruco_landing/install/takeoff/lib/python3.10/site-packages/takeoff/auto_takeoff.py to auto_takeoff.cpython-310.pyc
[1.523s] running install_egg_info
[1.550s] removing '/home/gouravk24/aruco_landing/install/takeoff/lib/python3.10/site-packages/takeoff-0.0.0-py3.10.egg-info' (and everything under it)
[1.551s] Copying ../../build/takeoff/takeoff.egg-info to /home/gouravk24/aruco_landing/install/takeoff/lib/python3.10/site-packages/takeoff-0.0.0-py3.10.egg-info
[1.552s] running install_scripts
[1.604s] Installing auto_takeoff script to /home/gouravk24/aruco_landing/install/takeoff/lib/takeoff
[1.604s] writing list of installed files to '/home/gouravk24/aruco_landing/build/takeoff/install.log'
[1.645s] Invoked command in '/home/gouravk24/aruco_landing/src/takeoff' returned '0': PYTHONPATH=/home/gouravk24/aruco_landing/build/takeoff/prefix_override:/usr/lib/python3/dist-packages/colcon_core/task/python/colcon_distutils_commands:/home/gouravk24/aruco_landing/install/takeoff/lib/python3.10/site-packages:${PYTHONPATH} /usr/bin/python3 -W ignore:setup.py install is deprecated -W ignore:easy_install command is deprecated setup.py egg_info --egg-base ../../build/takeoff build --build-base /home/gouravk24/aruco_landing/build/takeoff/build install --record /home/gouravk24/aruco_landing/build/takeoff/install.log --single-version-externally-managed
