[0.462s] Invoking command in '/home/gouravk24/aruco_landing/src/takeoff': PYTHONPATH=/home/gouravk24/aruco_landing/build/takeoff/prefix_override:/usr/lib/python3/dist-packages/colcon_core/task/python/colcon_distutils_commands:/home/gouravk24/aruco_landing/install/takeoff/lib/python3.10/site-packages:${PYTHONPATH} /usr/bin/python3 -W ignore:setup.py install is deprecated -W ignore:easy_install command is deprecated setup.py egg_info --egg-base ../../build/takeoff build --build-base /home/gouravk24/aruco_landing/build/takeoff/build install --record /home/gouravk24/aruco_landing/build/takeoff/install.log --single-version-externally-managed
[0.628s] running egg_info
[0.638s] writing ../../build/takeoff/takeoff.egg-info/PKG-INFO
[0.638s] writing dependency_links to ../../build/takeoff/takeoff.egg-info/dependency_links.txt
[0.638s] writing entry points to ../../build/takeoff/takeoff.egg-info/entry_points.txt
[0.639s] writing requirements to ../../build/takeoff/takeoff.egg-info/requires.txt
[0.639s] writing top-level names to ../../build/takeoff/takeoff.egg-info/top_level.txt
[0.661s] reading manifest file '../../build/takeoff/takeoff.egg-info/SOURCES.txt'
[0.662s] adding license file 'LICENSE'
[0.662s] writing manifest file '../../build/takeoff/takeoff.egg-info/SOURCES.txt'
[0.662s] running build
[0.662s] running build_py
[0.663s] copying takeoff/__init__.py -> /home/gouravk24/aruco_landing/build/takeoff/build/lib/takeoff
[0.663s] copying takeoff/auto_takeoff.py -> /home/gouravk24/aruco_landing/build/takeoff/build/lib/takeoff
[0.663s] running install
[0.666s] running install_lib
[0.676s] copying /home/gouravk24/aruco_landing/build/takeoff/build/lib/takeoff/auto_takeoff.py -> /home/gouravk24/aruco_landing/install/takeoff/lib/python3.10/site-packages/takeoff
[0.677s] byte-compiling /home/gouravk24/aruco_landing/install/takeoff/lib/python3.10/site-packages/takeoff/auto_takeoff.py to auto_takeoff.cpython-310.pyc
[0.679s] running install_egg_info
[0.691s] removing '/home/gouravk24/aruco_landing/install/takeoff/lib/python3.10/site-packages/takeoff-0.0.0-py3.10.egg-info' (and everything under it)
[0.691s] Copying ../../build/takeoff/takeoff.egg-info to /home/gouravk24/aruco_landing/install/takeoff/lib/python3.10/site-packages/takeoff-0.0.0-py3.10.egg-info
[0.692s] running install_scripts
[0.713s] Installing auto_takeoff script to /home/gouravk24/aruco_landing/install/takeoff/lib/takeoff
[0.713s] writing list of installed files to '/home/gouravk24/aruco_landing/build/takeoff/install.log'
[0.731s] Invoked command in '/home/gouravk24/aruco_landing/src/takeoff' returned '0': PYTHONPATH=/home/gouravk24/aruco_landing/build/takeoff/prefix_override:/usr/lib/python3/dist-packages/colcon_core/task/python/colcon_distutils_commands:/home/gouravk24/aruco_landing/install/takeoff/lib/python3.10/site-packages:${PYTHONPATH} /usr/bin/python3 -W ignore:setup.py install is deprecated -W ignore:easy_install command is deprecated setup.py egg_info --egg-base ../../build/takeoff build --build-base /home/gouravk24/aruco_landing/build/takeoff/build install --record /home/gouravk24/aruco_landing/build/takeoff/install.log --single-version-externally-managed
