running egg_info
writing ../../build/takeoff/takeoff.egg-info/PKG-INFO
writing dependency_links to ../../build/takeoff/takeoff.egg-info/dependency_links.txt
writing entry points to ../../build/takeoff/takeoff.egg-info/entry_points.txt
writing requirements to ../../build/takeoff/takeoff.egg-info/requires.txt
writing top-level names to ../../build/takeoff/takeoff.egg-info/top_level.txt
reading manifest file '../../build/takeoff/takeoff.egg-info/SOURCES.txt'
adding license file 'LICENSE'
writing manifest file '../../build/takeoff/takeoff.egg-info/SOURCES.txt'
running build
running build_py
copying takeoff/__init__.py -> /home/gouravk24/aruco_landing/build/takeoff/build/lib/takeoff
copying takeoff/auto_takeoff.py -> /home/gouravk24/aruco_landing/build/takeoff/build/lib/takeoff
running install
running install_lib
running install_egg_info
removing '/home/gouravk24/aruco_landing/install/takeoff/lib/python3.10/site-packages/takeoff-0.0.0-py3.10.egg-info' (and everything under it)
Copying ../../build/takeoff/takeoff.egg-info to /home/gouravk24/aruco_landing/install/takeoff/lib/python3.10/site-packages/takeoff-0.0.0-py3.10.egg-info
running install_scripts
Installing auto_takeoff script to /home/gouravk24/aruco_landing/install/takeoff/lib/takeoff
writing list of installed files to '/home/gouravk24/aruco_landing/build/takeoff/install.log'
