running egg_info
creating ../../build/takeoff/takeoff.egg-info
writing ../../build/takeoff/takeoff.egg-info/PKG-INFO
writing dependency_links to ../../build/takeoff/takeoff.egg-info/dependency_links.txt
writing entry points to ../../build/takeoff/takeoff.egg-info/entry_points.txt
writing requirements to ../../build/takeoff/takeoff.egg-info/requires.txt
writing top-level names to ../../build/takeoff/takeoff.egg-info/top_level.txt
writing manifest file '../../build/takeoff/takeoff.egg-info/SOURCES.txt'
reading manifest file '../../build/takeoff/takeoff.egg-info/SOURCES.txt'
adding license file 'LICENSE'
writing manifest file '../../build/takeoff/takeoff.egg-info/SOURCES.txt'
running build
running build_py
creating /workspace/build/takeoff/build
creating /workspace/build/takeoff/build/lib
creating /workspace/build/takeoff/build/lib/takeoff
copying takeoff/__init__.py -> /workspace/build/takeoff/build/lib/takeoff
copying takeoff/auto_takeoff.py -> /workspace/build/takeoff/build/lib/takeoff
running install
running install_lib
creating /workspace/install/takeoff/lib/python3.12/site-packages/takeoff
copying /workspace/build/takeoff/build/lib/takeoff/__init__.py -> /workspace/install/takeoff/lib/python3.12/site-packages/takeoff
copying /workspace/build/takeoff/build/lib/takeoff/auto_takeoff.py -> /workspace/install/takeoff/lib/python3.12/site-packages/takeoff
byte-compiling /workspace/install/takeoff/lib/python3.12/site-packages/takeoff/__init__.py to __init__.cpython-312.pyc
byte-compiling /workspace/install/takeoff/lib/python3.12/site-packages/takeoff/auto_takeoff.py to auto_takeoff.cpython-312.pyc
running install_egg_info
Copying ../../build/takeoff/takeoff.egg-info to /workspace/install/takeoff/lib/python3.12/site-packages/takeoff-0.0.0-py3.12.egg-info
running install_scripts
Installing auto_takeoff script to /workspace/install/takeoff/lib/takeoff
writing list of installed files to '/workspace/build/takeoff/install.log'
