[1.204s] Invoking command in '/workspace/src/takeoff': PS1=(cv-env) \[\e]0;\u@\h: \w\a\]${debian_chroot:+($debian_chroot)}\u@\h:\w\$ PYTHONPATH=/workspace/build/takeoff/prefix_override:/usr/lib/python3/dist-packages/colcon_core/task/python/colcon_distutils_commands:/workspace/install/takeoff/lib/python3.12/site-packages:${PYTHONPATH} VIRTUAL_ENV_PROMPT=(cv-env) /usr/bin/python3 -W ignore:setup.py install is deprecated -W ignore:easy_install command is deprecated setup.py egg_info --egg-base ../../build/takeoff build --build-base /workspace/build/takeoff/build install --record /workspace/build/takeoff/install.log --single-version-externally-managed
[1.570s] running egg_info
[1.570s] creating ../../build/takeoff/takeoff.egg-info
[1.591s] writing ../../build/takeoff/takeoff.egg-info/PKG-INFO
[1.591s] writing dependency_links to ../../build/takeoff/takeoff.egg-info/dependency_links.txt
[1.592s] writing entry points to ../../build/takeoff/takeoff.egg-info/entry_points.txt
[1.592s] writing requirements to ../../build/takeoff/takeoff.egg-info/requires.txt
[1.592s] writing top-level names to ../../build/takeoff/takeoff.egg-info/top_level.txt
[1.593s] writing manifest file '../../build/takeoff/takeoff.egg-info/SOURCES.txt'
[1.643s] reading manifest file '../../build/takeoff/takeoff.egg-info/SOURCES.txt'
[1.643s] adding license file 'LICENSE'
[1.644s] writing manifest file '../../build/takeoff/takeoff.egg-info/SOURCES.txt'
[1.644s] running build
[1.645s] running build_py
[1.645s] creating /workspace/build/takeoff/build
[1.645s] creating /workspace/build/takeoff/build/lib
[1.645s] creating /workspace/build/takeoff/build/lib/takeoff
[1.645s] copying takeoff/__init__.py -> /workspace/build/takeoff/build/lib/takeoff
[1.645s] copying takeoff/auto_takeoff.py -> /workspace/build/takeoff/build/lib/takeoff
[1.646s] running install
[1.658s] running install_lib
[1.680s] creating /workspace/install/takeoff/lib/python3.12/site-packages/takeoff
[1.681s] copying /workspace/build/takeoff/build/lib/takeoff/__init__.py -> /workspace/install/takeoff/lib/python3.12/site-packages/takeoff
[1.681s] copying /workspace/build/takeoff/build/lib/takeoff/auto_takeoff.py -> /workspace/install/takeoff/lib/python3.12/site-packages/takeoff
[1.682s] byte-compiling /workspace/install/takeoff/lib/python3.12/site-packages/takeoff/__init__.py to __init__.cpython-312.pyc
[1.682s] byte-compiling /workspace/install/takeoff/lib/python3.12/site-packages/takeoff/auto_takeoff.py to auto_takeoff.cpython-312.pyc
[1.690s] running install_egg_info
[1.715s] Copying ../../build/takeoff/takeoff.egg-info to /workspace/install/takeoff/lib/python3.12/site-packages/takeoff-0.0.0-py3.12.egg-info
[1.716s] running install_scripts
[1.886s] Installing auto_takeoff script to /workspace/install/takeoff/lib/takeoff
[1.886s] writing list of installed files to '/workspace/build/takeoff/install.log'
[1.932s] Invoked command in '/workspace/src/takeoff' returned '0': PS1=(cv-env) \[\e]0;\u@\h: \w\a\]${debian_chroot:+($debian_chroot)}\u@\h:\w\$ PYTHONPATH=/workspace/build/takeoff/prefix_override:/usr/lib/python3/dist-packages/colcon_core/task/python/colcon_distutils_commands:/workspace/install/takeoff/lib/python3.12/site-packages:${PYTHONPATH} VIRTUAL_ENV_PROMPT=(cv-env) /usr/bin/python3 -W ignore:setup.py install is deprecated -W ignore:easy_install command is deprecated setup.py egg_info --egg-base ../../build/takeoff build --build-base /workspace/build/takeoff/build install --record /workspace/build/takeoff/install.log --single-version-externally-managed
