[1.588s] Invoking command in '/home/ayaankushwah/aruco_landing/auto_ws/src/takeoff': DEBUGINFOD_URLS=https://debuginfod.ubuntu.com PYTHONPATH=/home/ayaankushwah/aruco_landing/build/takeoff/prefix_override:/usr/lib/python3/dist-packages/colcon_core/task/python/colcon_distutils_commands:/home/ayaankushwah/aruco_landing/install/takeoff/lib/python3.12/site-packages:${PYTHONPATH} VIRTUAL_ENV_PROMPT=(venv) /usr/bin/python3 -W ignore:setup.py install is deprecated -W ignore:easy_install command is deprecated setup.py egg_info --egg-base ../../../build/takeoff build --build-base /home/ayaankushwah/aruco_landing/build/takeoff/build install --record /home/ayaankushwah/aruco_landing/build/takeoff/install.log --single-version-externally-managed
[2.097s] running egg_info
[2.136s] writing ../../../build/takeoff/takeoff.egg-info/PKG-INFO
[2.137s] writing dependency_links to ../../../build/takeoff/takeoff.egg-info/dependency_links.txt
[2.137s] writing entry points to ../../../build/takeoff/takeoff.egg-info/entry_points.txt
[2.138s] writing requirements to ../../../build/takeoff/takeoff.egg-info/requires.txt
[2.138s] writing top-level names to ../../../build/takeoff/takeoff.egg-info/top_level.txt
[2.213s] reading manifest file '../../../build/takeoff/takeoff.egg-info/SOURCES.txt'
[2.213s] adding license file 'LICENSE'
[2.214s] writing manifest file '../../../build/takeoff/takeoff.egg-info/SOURCES.txt'
[2.215s] running build
[2.215s] running build_py
[2.215s] running install
[2.228s] running install_lib
[2.270s] running install_egg_info
[2.311s] removing '/home/ayaankushwah/aruco_landing/install/takeoff/lib/python3.12/site-packages/takeoff-0.0.0-py3.12.egg-info' (and everything under it)
[2.311s] Copying ../../../build/takeoff/takeoff.egg-info to /home/ayaankushwah/aruco_landing/install/takeoff/lib/python3.12/site-packages/takeoff-0.0.0-py3.12.egg-info
[2.313s] running install_scripts
[2.581s] Installing auto_takeoff script to /home/ayaankushwah/aruco_landing/install/takeoff/lib/takeoff
[2.582s] writing list of installed files to '/home/ayaankushwah/aruco_landing/build/takeoff/install.log'
[2.632s] Invoked command in '/home/ayaankushwah/aruco_landing/auto_ws/src/takeoff' returned '0': DEBUGINFOD_URLS=https://debuginfod.ubuntu.com PYTHONPATH=/home/ayaankushwah/aruco_landing/build/takeoff/prefix_override:/usr/lib/python3/dist-packages/colcon_core/task/python/colcon_distutils_commands:/home/ayaankushwah/aruco_landing/install/takeoff/lib/python3.12/site-packages:${PYTHONPATH} VIRTUAL_ENV_PROMPT=(venv) /usr/bin/python3 -W ignore:setup.py install is deprecated -W ignore:easy_install command is deprecated setup.py egg_info --egg-base ../../../build/takeoff build --build-base /home/ayaankushwah/aruco_landing/build/takeoff/build install --record /home/ayaankushwah/aruco_landing/build/takeoff/install.log --single-version-externally-managed
