[0.532s] Invoking command in '/home/gouravk24/aruco_landing/src/takeoff': PYTHONPATH=/home/gouravk24/aruco_landing/build/takeoff/prefix_override:/usr/lib/python3/dist-packages/colcon_core/task/python/colcon_distutils_commands:/home/gouravk24/aruco_landing/install/takeoff/lib/python3.10/site-packages:${PYTHONPATH} /usr/bin/python3 -W ignore:setup.py install is deprecated -W ignore:easy_install command is deprecated setup.py egg_info --egg-base ../../build/takeoff build --build-base /home/gouravk24/aruco_landing/build/takeoff/build install --record /home/gouravk24/aruco_landing/build/takeoff/install.log --single-version-externally-managed
[0.758s] running egg_info
[0.768s] writing ../../build/takeoff/takeoff.egg-info/PKG-INFO
[0.769s] writing dependency_links to ../../build/takeoff/takeoff.egg-info/dependency_links.txt
[0.769s] writing entry points to ../../build/takeoff/takeoff.egg-info/entry_points.txt
[0.769s] writing requirements to ../../build/takeoff/takeoff.egg-info/requires.txt
[0.770s] writing top-level names to ../../build/takeoff/takeoff.egg-info/top_level.txt
[0.797s] reading manifest file '../../build/takeoff/takeoff.egg-info/SOURCES.txt'
[0.799s] adding license file 'LICENSE'
[0.799s] writing manifest file '../../build/takeoff/takeoff.egg-info/SOURCES.txt'
[0.799s] running build
[0.799s] running build_py
[0.799s] copying takeoff/__init__.py -> /home/gouravk24/aruco_landing/build/takeoff/build/lib/takeoff
[0.800s] copying takeoff/auto_takeoff.py -> /home/gouravk24/aruco_landing/build/takeoff/build/lib/takeoff
[0.800s] running install
[0.803s] running install_lib
[0.813s] copying /home/gouravk24/aruco_landing/build/takeoff/build/lib/takeoff/auto_takeoff.py -> /home/gouravk24/aruco_landing/install/takeoff/lib/python3.10/site-packages/takeoff
[0.814s] byte-compiling /home/gouravk24/aruco_landing/install/takeoff/lib/python3.10/site-packages/takeoff/auto_takeoff.py to auto_takeoff.cpython-310.pyc
[0.816s] running install_egg_info
[0.827s] removing '/home/gouravk24/aruco_landing/install/takeoff/lib/python3.10/site-packages/takeoff-0.0.0-py3.10.egg-info' (and everything under it)
[0.827s] Copying ../../build/takeoff/takeoff.egg-info to /home/gouravk24/aruco_landing/install/takeoff/lib/python3.10/site-packages/takeoff-0.0.0-py3.10.egg-info
[0.828s] running install_scripts
[0.869s] Installing auto_takeoff script to /home/gouravk24/aruco_landing/install/takeoff/lib/takeoff
[0.870s] writing list of installed files to '/home/gouravk24/aruco_landing/build/takeoff/install.log'
[0.892s] Invoked command in '/home/gouravk24/aruco_landing/src/takeoff' returned '0': PYTHONPATH=/home/gouravk24/aruco_landing/build/takeoff/prefix_override:/usr/lib/python3/dist-packages/colcon_core/task/python/colcon_distutils_commands:/home/gouravk24/aruco_landing/install/takeoff/lib/python3.10/site-packages:${PYTHONPATH} /usr/bin/python3 -W ignore:setup.py install is deprecated -W ignore:easy_install command is deprecated setup.py egg_info --egg-base ../../build/takeoff build --build-base /home/gouravk24/aruco_landing/build/takeoff/build install --record /home/gouravk24/aruco_landing/build/takeoff/install.log --single-version-externally-managed
