running egg_info
creating ../../build/takeoff/takeoff.egg-info
writing ../../build/takeoff/takeoff.egg-info/PKG-INFO
writing dependency_links to ../../build/takeoff/takeoff.egg-info/dependency_links.txt
writing entry points to ../../build/takeoff/takeoff.egg-info/entry_points.txt
writing requirements to ../../build/takeoff/takeoff.egg-info/requires.txt
writing top-level names to ../../build/takeoff/takeoff.egg-info/top_level.txt
writing manifest file '../../build/takeoff/takeoff.egg-info/SOURCES.txt'
reading manifest file '../../build/takeoff/takeoff.egg-info/SOURCES.txt'
adding license file 'LICENSE'
writing manifest file '../../build/takeoff/takeoff.egg-info/SOURCES.txt'
running build
running build_py
creating /home/gouravk24/aruco_landing/build/takeoff/build/lib/takeoff
copying takeoff/__init__.py -> /home/gouravk24/aruco_landing/build/takeoff/build/lib/takeoff
copying takeoff/auto_takeoff.py -> /home/gouravk24/aruco_landing/build/takeoff/build/lib/takeoff
running install
running install_lib
creating /home/gouravk24/aruco_landing/install/takeoff/lib/python3.10/site-packages/takeoff
copying /home/gouravk24/aruco_landing/build/takeoff/build/lib/takeoff/__init__.py -> /home/gouravk24/aruco_landing/install/takeoff/lib/python3.10/site-packages/takeoff
copying /home/gouravk24/aruco_landing/build/takeoff/build/lib/takeoff/auto_takeoff.py -> /home/gouravk24/aruco_landing/install/takeoff/lib/python3.10/site-packages/takeoff
byte-compiling /home/gouravk24/aruco_landing/install/takeoff/lib/python3.10/site-packages/takeoff/__init__.py to __init__.cpython-310.pyc
byte-compiling /home/gouravk24/aruco_landing/install/takeoff/lib/python3.10/site-packages/takeoff/auto_takeoff.py to auto_takeoff.cpython-310.pyc
running install_egg_info
Copying ../../build/takeoff/takeoff.egg-info to /home/gouravk24/aruco_landing/install/takeoff/lib/python3.10/site-packages/takeoff-0.0.0-py3.10.egg-info
running install_scripts
Installing auto_takeoff script to /home/gouravk24/aruco_landing/install/takeoff/lib/takeoff
writing list of installed files to '/home/gouravk24/aruco_landing/build/takeoff/install.log'
