[0.490s] Invoking command in '/home/gouravk24/aruco_landing/src/takeoff': PYTHONPATH=/home/gouravk24/aruco_landing/build/takeoff/prefix_override:/usr/lib/python3/dist-packages/colcon_core/task/python/colcon_distutils_commands:/home/gouravk24/aruco_landing/install/takeoff/lib/python3.10/site-packages:${PYTHONPATH} /usr/bin/python3 -W ignore:setup.py install is deprecated -W ignore:easy_install command is deprecated setup.py egg_info --egg-base ../../build/takeoff build --build-base /home/gouravk24/aruco_landing/build/takeoff/build install --record /home/gouravk24/aruco_landing/build/takeoff/install.log --single-version-externally-managed
[0.664s] running egg_info
[0.674s] writing ../../build/takeoff/takeoff.egg-info/PKG-INFO
[0.675s] writing dependency_links to ../../build/takeoff/takeoff.egg-info/dependency_links.txt
[0.675s] writing entry points to ../../build/takeoff/takeoff.egg-info/entry_points.txt
[0.675s] writing requirements to ../../build/takeoff/takeoff.egg-info/requires.txt
[0.675s] writing top-level names to ../../build/takeoff/takeoff.egg-info/top_level.txt
[0.697s] reading manifest file '../../build/takeoff/takeoff.egg-info/SOURCES.txt'
[0.697s] adding license file 'LICENSE'
[0.698s] writing manifest file '../../build/takeoff/takeoff.egg-info/SOURCES.txt'
[0.698s] running build
[0.698s] running build_py
[0.699s] copying takeoff/__init__.py -> /home/gouravk24/aruco_landing/build/takeoff/build/lib/takeoff
[0.699s] copying takeoff/auto_takeoff.py -> /home/gouravk24/aruco_landing/build/takeoff/build/lib/takeoff
[0.699s] running install
[0.702s] running install_lib
[0.713s] running install_egg_info
[0.725s] removing '/home/gouravk24/aruco_landing/install/takeoff/lib/python3.10/site-packages/takeoff-0.0.0-py3.10.egg-info' (and everything under it)
[0.725s] Copying ../../build/takeoff/takeoff.egg-info to /home/gouravk24/aruco_landing/install/takeoff/lib/python3.10/site-packages/takeoff-0.0.0-py3.10.egg-info
[0.725s] running install_scripts
[0.748s] Installing auto_takeoff script to /home/gouravk24/aruco_landing/install/takeoff/lib/takeoff
[0.748s] writing list of installed files to '/home/gouravk24/aruco_landing/build/takeoff/install.log'
[0.767s] Invoked command in '/home/gouravk24/aruco_landing/src/takeoff' returned '0': PYTHONPATH=/home/gouravk24/aruco_landing/build/takeoff/prefix_override:/usr/lib/python3/dist-packages/colcon_core/task/python/colcon_distutils_commands:/home/gouravk24/aruco_landing/install/takeoff/lib/python3.10/site-packages:${PYTHONPATH} /usr/bin/python3 -W ignore:setup.py install is deprecated -W ignore:easy_install command is deprecated setup.py egg_info --egg-base ../../build/takeoff build --build-base /home/gouravk24/aruco_landing/build/takeoff/build install --record /home/gouravk24/aruco_landing/build/takeoff/install.log --single-version-externally-managed
