[0.177s] DEBUG:colcon:Command line arguments: ['/usr/bin/colcon', 'build']
[0.177s] DEBUG:colcon:Parsed command line arguments: Namespace(log_base=None, log_level=None, verb_name='build', build_base='build', install_base='install', merge_install=False, symlink_install=False, test_result_base=None, continue_on_error=False, executor='parallel', parallel_workers=12, event_handlers=None, ignore_user_meta=False, metas=['./colcon.meta'], base_paths=['.'], packages_ignore=None, packages_ignore_regex=None, paths=None, packages_up_to=None, packages_up_to_regex=None, packages_above=None, packages_above_and_dependencies=None, packages_above_depth=None, packages_select_by_dep=None, packages_skip_by_dep=None, packages_skip_up_to=None, packages_select_build_failed=False, packages_skip_build_finished=False, packages_select_test_failures=False, packages_skip_test_passed=False, packages_select=None, packages_skip=None, packages_select_regex=None, packages_skip_regex=None, packages_start=None, packages_end=None, allow_overriding=[], cmake_args=None, cmake_target=None, cmake_target_skip_unavailable=False, cmake_clean_cache=False, cmake_clean_first=False, cmake_force_configure=False, ament_cmake_args=None, catkin_cmake_args=None, catkin_skip_building_tests=False, mixin_files=None, mixin=None, verb_parser=<colcon_mixin.mixin.mixin_argument.MixinArgumentDecorator object at 0x7902b547bc10>, verb_extension=<colcon_core.verb.build.BuildVerb object at 0x7902b547b6a0>, main=<bound method BuildVerb.main of <colcon_core.verb.build.BuildVerb object at 0x7902b547b6a0>>, mixin_verb=('build',))
[0.239s] Level 1:colcon.colcon_core.package_discovery:discover_packages(colcon_meta) check parameters
[0.239s] Level 1:colcon.colcon_core.package_discovery:discover_packages(recursive) check parameters
[0.239s] Level 1:colcon.colcon_core.package_discovery:discover_packages(ignore) check parameters
[0.240s] Level 1:colcon.colcon_core.package_discovery:discover_packages(path) check parameters
[0.240s] Level 1:colcon.colcon_core.package_discovery:discover_packages(colcon_meta) discover
[0.240s] Level 1:colcon.colcon_core.package_discovery:discover_packages(recursive) discover
[0.240s] INFO:colcon.colcon_core.package_discovery:Crawling recursively for packages in '/home/gouravk24/aruco_landing'
[0.240s] Level 1:colcon.colcon_core.package_identification:_identify(.) by extensions ['ignore', 'ignore_ament_install']
[0.240s] Level 1:colcon.colcon_core.package_identification:_identify(.) by extension 'ignore'
[0.240s] Level 1:colcon.colcon_core.package_identification:_identify(.) by extension 'ignore_ament_install'
[0.240s] Level 1:colcon.colcon_core.package_identification:_identify(.) by extensions ['colcon_pkg']
[0.240s] Level 1:colcon.colcon_core.package_identification:_identify(.) by extension 'colcon_pkg'
[0.241s] Level 1:colcon.colcon_core.package_identification:_identify(.) by extensions ['colcon_meta']
[0.241s] Level 1:colcon.colcon_core.package_identification:_identify(.) by extension 'colcon_meta'
[0.241s] Level 1:colcon.colcon_core.package_identification:_identify(.) by extensions ['ros']
[0.241s] Level 1:colcon.colcon_core.package_identification:_identify(.) by extension 'ros'
[0.293s] Level 1:colcon.colcon_core.package_identification:_identify(.) by extensions ['cmake', 'python']
[0.293s] Level 1:colcon.colcon_core.package_identification:_identify(.) by extension 'cmake'
[0.293s] Level 1:colcon.colcon_core.package_identification:_identify(.) by extension 'python'
[0.293s] Level 1:colcon.colcon_core.package_identification:_identify(.) by extensions ['python_setup_py']
[0.293s] Level 1:colcon.colcon_core.package_identification:_identify(.) by extension 'python_setup_py'
[0.293s] Level 1:colcon.colcon_core.package_identification:_identify(build) by extensions ['ignore', 'ignore_ament_install']
[0.294s] Level 1:colcon.colcon_core.package_identification:_identify(build) by extension 'ignore'
[0.294s] Level 1:colcon.colcon_core.package_identification:_identify(build) ignored
[0.294s] Level 1:colcon.colcon_core.package_identification:_identify(install) by extensions ['ignore', 'ignore_ament_install']
[0.294s] Level 1:colcon.colcon_core.package_identification:_identify(install) by extension 'ignore'
[0.294s] Level 1:colcon.colcon_core.package_identification:_identify(install) ignored
[0.294s] Level 1:colcon.colcon_core.package_identification:_identify(log) by extensions ['ignore', 'ignore_ament_install']
[0.294s] Level 1:colcon.colcon_core.package_identification:_identify(log) by extension 'ignore'
[0.294s] Level 1:colcon.colcon_core.package_identification:_identify(log) ignored
[0.294s] Level 1:colcon.colcon_core.package_identification:_identify(models) by extensions ['ignore', 'ignore_ament_install']
[0.295s] Level 1:colcon.colcon_core.package_identification:_identify(models) by extension 'ignore'
[0.295s] Level 1:colcon.colcon_core.package_identification:_identify(models) by extension 'ignore_ament_install'
[0.295s] Level 1:colcon.colcon_core.package_identification:_identify(models) by extensions ['colcon_pkg']
[0.295s] Level 1:colcon.colcon_core.package_identification:_identify(models) by extension 'colcon_pkg'
[0.295s] Level 1:colcon.colcon_core.package_identification:_identify(models) by extensions ['colcon_meta']
[0.295s] Level 1:colcon.colcon_core.package_identification:_identify(models) by extension 'colcon_meta'
[0.295s] Level 1:colcon.colcon_core.package_identification:_identify(models) by extensions ['ros']
[0.295s] Level 1:colcon.colcon_core.package_identification:_identify(models) by extension 'ros'
[0.295s] Level 1:colcon.colcon_core.package_identification:_identify(models) by extensions ['cmake', 'python']
[0.295s] Level 1:colcon.colcon_core.package_identification:_identify(models) by extension 'cmake'
[0.295s] Level 1:colcon.colcon_core.package_identification:_identify(models) by extension 'python'
[0.295s] Level 1:colcon.colcon_core.package_identification:_identify(models) by extensions ['python_setup_py']
[0.295s] Level 1:colcon.colcon_core.package_identification:_identify(models) by extension 'python_setup_py'
[0.295s] Level 1:colcon.colcon_core.package_identification:_identify(models/aruco_marker) by extensions ['ignore', 'ignore_ament_install']
[0.295s] Level 1:colcon.colcon_core.package_identification:_identify(models/aruco_marker) by extension 'ignore'
[0.295s] Level 1:colcon.colcon_core.package_identification:_identify(models/aruco_marker) by extension 'ignore_ament_install'
[0.296s] Level 1:colcon.colcon_core.package_identification:_identify(models/aruco_marker) by extensions ['colcon_pkg']
[0.296s] Level 1:colcon.colcon_core.package_identification:_identify(models/aruco_marker) by extension 'colcon_pkg'
[0.296s] Level 1:colcon.colcon_core.package_identification:_identify(models/aruco_marker) by extensions ['colcon_meta']
[0.296s] Level 1:colcon.colcon_core.package_identification:_identify(models/aruco_marker) by extension 'colcon_meta'
[0.296s] Level 1:colcon.colcon_core.package_identification:_identify(models/aruco_marker) by extensions ['ros']
[0.296s] Level 1:colcon.colcon_core.package_identification:_identify(models/aruco_marker) by extension 'ros'
[0.296s] Level 1:colcon.colcon_core.package_identification:_identify(models/aruco_marker) by extensions ['cmake', 'python']
[0.296s] Level 1:colcon.colcon_core.package_identification:_identify(models/aruco_marker) by extension 'cmake'
[0.296s] Level 1:colcon.colcon_core.package_identification:_identify(models/aruco_marker) by extension 'python'
[0.296s] Level 1:colcon.colcon_core.package_identification:_identify(models/aruco_marker) by extensions ['python_setup_py']
[0.296s] Level 1:colcon.colcon_core.package_identification:_identify(models/aruco_marker) by extension 'python_setup_py'
[0.296s] Level 1:colcon.colcon_core.package_identification:_identify(models/aruco_marker/materials) by extensions ['ignore', 'ignore_ament_install']
[0.296s] Level 1:colcon.colcon_core.package_identification:_identify(models/aruco_marker/materials) by extension 'ignore'
[0.296s] Level 1:colcon.colcon_core.package_identification:_identify(models/aruco_marker/materials) by extension 'ignore_ament_install'
[0.296s] Level 1:colcon.colcon_core.package_identification:_identify(models/aruco_marker/materials) by extensions ['colcon_pkg']
[0.296s] Level 1:colcon.colcon_core.package_identification:_identify(models/aruco_marker/materials) by extension 'colcon_pkg'
[0.296s] Level 1:colcon.colcon_core.package_identification:_identify(models/aruco_marker/materials) by extensions ['colcon_meta']
[0.296s] Level 1:colcon.colcon_core.package_identification:_identify(models/aruco_marker/materials) by extension 'colcon_meta'
[0.297s] Level 1:colcon.colcon_core.package_identification:_identify(models/aruco_marker/materials) by extensions ['ros']
[0.297s] Level 1:colcon.colcon_core.package_identification:_identify(models/aruco_marker/materials) by extension 'ros'
[0.297s] Level 1:colcon.colcon_core.package_identification:_identify(models/aruco_marker/materials) by extensions ['cmake', 'python']
[0.297s] Level 1:colcon.colcon_core.package_identification:_identify(models/aruco_marker/materials) by extension 'cmake'
[0.297s] Level 1:colcon.colcon_core.package_identification:_identify(models/aruco_marker/materials) by extension 'python'
[0.297s] Level 1:colcon.colcon_core.package_identification:_identify(models/aruco_marker/materials) by extensions ['python_setup_py']
[0.297s] Level 1:colcon.colcon_core.package_identification:_identify(models/aruco_marker/materials) by extension 'python_setup_py'
[0.297s] Level 1:colcon.colcon_core.package_identification:_identify(models/aruco_marker/materials/scripts) by extensions ['ignore', 'ignore_ament_install']
[0.297s] Level 1:colcon.colcon_core.package_identification:_identify(models/aruco_marker/materials/scripts) by extension 'ignore'
[0.297s] Level 1:colcon.colcon_core.package_identification:_identify(models/aruco_marker/materials/scripts) by extension 'ignore_ament_install'
[0.297s] Level 1:colcon.colcon_core.package_identification:_identify(models/aruco_marker/materials/scripts) by extensions ['colcon_pkg']
[0.297s] Level 1:colcon.colcon_core.package_identification:_identify(models/aruco_marker/materials/scripts) by extension 'colcon_pkg'
[0.297s] Level 1:colcon.colcon_core.package_identification:_identify(models/aruco_marker/materials/scripts) by extensions ['colcon_meta']
[0.297s] Level 1:colcon.colcon_core.package_identification:_identify(models/aruco_marker/materials/scripts) by extension 'colcon_meta'
[0.297s] Level 1:colcon.colcon_core.package_identification:_identify(models/aruco_marker/materials/scripts) by extensions ['ros']
[0.297s] Level 1:colcon.colcon_core.package_identification:_identify(models/aruco_marker/materials/scripts) by extension 'ros'
[0.298s] Level 1:colcon.colcon_core.package_identification:_identify(models/aruco_marker/materials/scripts) by extensions ['cmake', 'python']
[0.298s] Level 1:colcon.colcon_core.package_identification:_identify(models/aruco_marker/materials/scripts) by extension 'cmake'
[0.298s] Level 1:colcon.colcon_core.package_identification:_identify(models/aruco_marker/materials/scripts) by extension 'python'
[0.298s] Level 1:colcon.colcon_core.package_identification:_identify(models/aruco_marker/materials/scripts) by extensions ['python_setup_py']
[0.298s] Level 1:colcon.colcon_core.package_identification:_identify(models/aruco_marker/materials/scripts) by extension 'python_setup_py'
[0.298s] Level 1:colcon.colcon_core.package_identification:_identify(models/aruco_marker/materials/textures) by extensions ['ignore', 'ignore_ament_install']
[0.298s] Level 1:colcon.colcon_core.package_identification:_identify(models/aruco_marker/materials/textures) by extension 'ignore'
[0.298s] Level 1:colcon.colcon_core.package_identification:_identify(models/aruco_marker/materials/textures) by extension 'ignore_ament_install'
[0.298s] Level 1:colcon.colcon_core.package_identification:_identify(models/aruco_marker/materials/textures) by extensions ['colcon_pkg']
[0.298s] Level 1:colcon.colcon_core.package_identification:_identify(models/aruco_marker/materials/textures) by extension 'colcon_pkg'
[0.298s] Level 1:colcon.colcon_core.package_identification:_identify(models/aruco_marker/materials/textures) by extensions ['colcon_meta']
[0.298s] Level 1:colcon.colcon_core.package_identification:_identify(models/aruco_marker/materials/textures) by extension 'colcon_meta'
[0.298s] Level 1:colcon.colcon_core.package_identification:_identify(models/aruco_marker/materials/textures) by extensions ['ros']
[0.298s] Level 1:colcon.colcon_core.package_identification:_identify(models/aruco_marker/materials/textures) by extension 'ros'
[0.298s] Level 1:colcon.colcon_core.package_identification:_identify(models/aruco_marker/materials/textures) by extensions ['cmake', 'python']
[0.298s] Level 1:colcon.colcon_core.package_identification:_identify(models/aruco_marker/materials/textures) by extension 'cmake'
[0.298s] Level 1:colcon.colcon_core.package_identification:_identify(models/aruco_marker/materials/textures) by extension 'python'
[0.298s] Level 1:colcon.colcon_core.package_identification:_identify(models/aruco_marker/materials/textures) by extensions ['python_setup_py']
[0.299s] Level 1:colcon.colcon_core.package_identification:_identify(models/aruco_marker/materials/textures) by extension 'python_setup_py'
[0.299s] Level 1:colcon.colcon_core.package_identification:_identify(models/custom_iris) by extensions ['ignore', 'ignore_ament_install']
[0.299s] Level 1:colcon.colcon_core.package_identification:_identify(models/custom_iris) by extension 'ignore'
[0.299s] Level 1:colcon.colcon_core.package_identification:_identify(models/custom_iris) by extension 'ignore_ament_install'
[0.299s] Level 1:colcon.colcon_core.package_identification:_identify(models/custom_iris) by extensions ['colcon_pkg']
[0.299s] Level 1:colcon.colcon_core.package_identification:_identify(models/custom_iris) by extension 'colcon_pkg'
[0.299s] Level 1:colcon.colcon_core.package_identification:_identify(models/custom_iris) by extensions ['colcon_meta']
[0.299s] Level 1:colcon.colcon_core.package_identification:_identify(models/custom_iris) by extension 'colcon_meta'
[0.299s] Level 1:colcon.colcon_core.package_identification:_identify(models/custom_iris) by extensions ['ros']
[0.299s] Level 1:colcon.colcon_core.package_identification:_identify(models/custom_iris) by extension 'ros'
[0.299s] Level 1:colcon.colcon_core.package_identification:_identify(models/custom_iris) by extensions ['cmake', 'python']
[0.299s] Level 1:colcon.colcon_core.package_identification:_identify(models/custom_iris) by extension 'cmake'
[0.299s] Level 1:colcon.colcon_core.package_identification:_identify(models/custom_iris) by extension 'python'
[0.299s] Level 1:colcon.colcon_core.package_identification:_identify(models/custom_iris) by extensions ['python_setup_py']
[0.299s] Level 1:colcon.colcon_core.package_identification:_identify(models/custom_iris) by extension 'python_setup_py'
[0.299s] Level 1:colcon.colcon_core.package_identification:_identify(models/gimbal_small_1d) by extensions ['ignore', 'ignore_ament_install']
[0.300s] Level 1:colcon.colcon_core.package_identification:_identify(models/gimbal_small_1d) by extension 'ignore'
[0.300s] Level 1:colcon.colcon_core.package_identification:_identify(models/gimbal_small_1d) by extension 'ignore_ament_install'
[0.300s] Level 1:colcon.colcon_core.package_identification:_identify(models/gimbal_small_1d) by extensions ['colcon_pkg']
[0.300s] Level 1:colcon.colcon_core.package_identification:_identify(models/gimbal_small_1d) by extension 'colcon_pkg'
[0.300s] Level 1:colcon.colcon_core.package_identification:_identify(models/gimbal_small_1d) by extensions ['colcon_meta']
[0.300s] Level 1:colcon.colcon_core.package_identification:_identify(models/gimbal_small_1d) by extension 'colcon_meta'
[0.300s] Level 1:colcon.colcon_core.package_identification:_identify(models/gimbal_small_1d) by extensions ['ros']
[0.300s] Level 1:colcon.colcon_core.package_identification:_identify(models/gimbal_small_1d) by extension 'ros'
[0.300s] Level 1:colcon.colcon_core.package_identification:_identify(models/gimbal_small_1d) by extensions ['cmake', 'python']
[0.300s] Level 1:colcon.colcon_core.package_identification:_identify(models/gimbal_small_1d) by extension 'cmake'
[0.300s] Level 1:colcon.colcon_core.package_identification:_identify(models/gimbal_small_1d) by extension 'python'
[0.300s] Level 1:colcon.colcon_core.package_identification:_identify(models/gimbal_small_1d) by extensions ['python_setup_py']
[0.300s] Level 1:colcon.colcon_core.package_identification:_identify(models/gimbal_small_1d) by extension 'python_setup_py'
[0.300s] Level 1:colcon.colcon_core.package_identification:_identify(models/gimbal_small_1d/meshes) by extensions ['ignore', 'ignore_ament_install']
[0.300s] Level 1:colcon.colcon_core.package_identification:_identify(models/gimbal_small_1d/meshes) by extension 'ignore'
[0.300s] Level 1:colcon.colcon_core.package_identification:_identify(models/gimbal_small_1d/meshes) by extension 'ignore_ament_install'
[0.300s] Level 1:colcon.colcon_core.package_identification:_identify(models/gimbal_small_1d/meshes) by extensions ['colcon_pkg']
[0.301s] Level 1:colcon.colcon_core.package_identification:_identify(models/gimbal_small_1d/meshes) by extension 'colcon_pkg'
[0.301s] Level 1:colcon.colcon_core.package_identification:_identify(models/gimbal_small_1d/meshes) by extensions ['colcon_meta']
[0.301s] Level 1:colcon.colcon_core.package_identification:_identify(models/gimbal_small_1d/meshes) by extension 'colcon_meta'
[0.301s] Level 1:colcon.colcon_core.package_identification:_identify(models/gimbal_small_1d/meshes) by extensions ['ros']
[0.301s] Level 1:colcon.colcon_core.package_identification:_identify(models/gimbal_small_1d/meshes) by extension 'ros'
[0.301s] Level 1:colcon.colcon_core.package_identification:_identify(models/gimbal_small_1d/meshes) by extensions ['cmake', 'python']
[0.301s] Level 1:colcon.colcon_core.package_identification:_identify(models/gimbal_small_1d/meshes) by extension 'cmake'
[0.301s] Level 1:colcon.colcon_core.package_identification:_identify(models/gimbal_small_1d/meshes) by extension 'python'
[0.301s] Level 1:colcon.colcon_core.package_identification:_identify(models/gimbal_small_1d/meshes) by extensions ['python_setup_py']
[0.301s] Level 1:colcon.colcon_core.package_identification:_identify(models/gimbal_small_1d/meshes) by extension 'python_setup_py'
[0.301s] Level 1:colcon.colcon_core.package_identification:_identify(models/gimbal_small_2d) by extensions ['ignore', 'ignore_ament_install']
[0.301s] Level 1:colcon.colcon_core.package_identification:_identify(models/gimbal_small_2d) by extension 'ignore'
[0.301s] Level 1:colcon.colcon_core.package_identification:_identify(models/gimbal_small_2d) by extension 'ignore_ament_install'
[0.301s] Level 1:colcon.colcon_core.package_identification:_identify(models/gimbal_small_2d) by extensions ['colcon_pkg']
[0.301s] Level 1:colcon.colcon_core.package_identification:_identify(models/gimbal_small_2d) by extension 'colcon_pkg'
[0.301s] Level 1:colcon.colcon_core.package_identification:_identify(models/gimbal_small_2d) by extensions ['colcon_meta']
[0.301s] Level 1:colcon.colcon_core.package_identification:_identify(models/gimbal_small_2d) by extension 'colcon_meta'
[0.301s] Level 1:colcon.colcon_core.package_identification:_identify(models/gimbal_small_2d) by extensions ['ros']
[0.302s] Level 1:colcon.colcon_core.package_identification:_identify(models/gimbal_small_2d) by extension 'ros'
[0.302s] Level 1:colcon.colcon_core.package_identification:_identify(models/gimbal_small_2d) by extensions ['cmake', 'python']
[0.302s] Level 1:colcon.colcon_core.package_identification:_identify(models/gimbal_small_2d) by extension 'cmake'
[0.302s] Level 1:colcon.colcon_core.package_identification:_identify(models/gimbal_small_2d) by extension 'python'
[0.302s] Level 1:colcon.colcon_core.package_identification:_identify(models/gimbal_small_2d) by extensions ['python_setup_py']
[0.302s] Level 1:colcon.colcon_core.package_identification:_identify(models/gimbal_small_2d) by extension 'python_setup_py'
[0.302s] Level 1:colcon.colcon_core.package_identification:_identify(models/gimbal_small_2d/meshes) by extensions ['ignore', 'ignore_ament_install']
[0.302s] Level 1:colcon.colcon_core.package_identification:_identify(models/gimbal_small_2d/meshes) by extension 'ignore'
[0.302s] Level 1:colcon.colcon_core.package_identification:_identify(models/gimbal_small_2d/meshes) by extension 'ignore_ament_install'
[0.302s] Level 1:colcon.colcon_core.package_identification:_identify(models/gimbal_small_2d/meshes) by extensions ['colcon_pkg']
[0.302s] Level 1:colcon.colcon_core.package_identification:_identify(models/gimbal_small_2d/meshes) by extension 'colcon_pkg'
[0.302s] Level 1:colcon.colcon_core.package_identification:_identify(models/gimbal_small_2d/meshes) by extensions ['colcon_meta']
[0.302s] Level 1:colcon.colcon_core.package_identification:_identify(models/gimbal_small_2d/meshes) by extension 'colcon_meta'
[0.302s] Level 1:colcon.colcon_core.package_identification:_identify(models/gimbal_small_2d/meshes) by extensions ['ros']
[0.302s] Level 1:colcon.colcon_core.package_identification:_identify(models/gimbal_small_2d/meshes) by extension 'ros'
[0.302s] Level 1:colcon.colcon_core.package_identification:_identify(models/gimbal_small_2d/meshes) by extensions ['cmake', 'python']
[0.302s] Level 1:colcon.colcon_core.package_identification:_identify(models/gimbal_small_2d/meshes) by extension 'cmake'
[0.303s] Level 1:colcon.colcon_core.package_identification:_identify(models/gimbal_small_2d/meshes) by extension 'python'
[0.303s] Level 1:colcon.colcon_core.package_identification:_identify(models/gimbal_small_2d/meshes) by extensions ['python_setup_py']
[0.303s] Level 1:colcon.colcon_core.package_identification:_identify(models/gimbal_small_2d/meshes) by extension 'python_setup_py'
[0.303s] Level 1:colcon.colcon_core.package_identification:_identify(models/gimbal_small_3d) by extensions ['ignore', 'ignore_ament_install']
[0.303s] Level 1:colcon.colcon_core.package_identification:_identify(models/gimbal_small_3d) by extension 'ignore'
[0.303s] Level 1:colcon.colcon_core.package_identification:_identify(models/gimbal_small_3d) by extension 'ignore_ament_install'
[0.303s] Level 1:colcon.colcon_core.package_identification:_identify(models/gimbal_small_3d) by extensions ['colcon_pkg']
[0.303s] Level 1:colcon.colcon_core.package_identification:_identify(models/gimbal_small_3d) by extension 'colcon_pkg'
[0.303s] Level 1:colcon.colcon_core.package_identification:_identify(models/gimbal_small_3d) by extensions ['colcon_meta']
[0.303s] Level 1:colcon.colcon_core.package_identification:_identify(models/gimbal_small_3d) by extension 'colcon_meta'
[0.303s] Level 1:colcon.colcon_core.package_identification:_identify(models/gimbal_small_3d) by extensions ['ros']
[0.303s] Level 1:colcon.colcon_core.package_identification:_identify(models/gimbal_small_3d) by extension 'ros'
[0.303s] Level 1:colcon.colcon_core.package_identification:_identify(models/gimbal_small_3d) by extensions ['cmake', 'python']
[0.303s] Level 1:colcon.colcon_core.package_identification:_identify(models/gimbal_small_3d) by extension 'cmake'
[0.304s] Level 1:colcon.colcon_core.package_identification:_identify(models/gimbal_small_3d) by extension 'python'
[0.304s] Level 1:colcon.colcon_core.package_identification:_identify(models/gimbal_small_3d) by extensions ['python_setup_py']
[0.304s] Level 1:colcon.colcon_core.package_identification:_identify(models/gimbal_small_3d) by extension 'python_setup_py'
[0.304s] Level 1:colcon.colcon_core.package_identification:_identify(models/gimbal_small_3d/meshes) by extensions ['ignore', 'ignore_ament_install']
[0.304s] Level 1:colcon.colcon_core.package_identification:_identify(models/gimbal_small_3d/meshes) by extension 'ignore'
[0.304s] Level 1:colcon.colcon_core.package_identification:_identify(models/gimbal_small_3d/meshes) by extension 'ignore_ament_install'
[0.304s] Level 1:colcon.colcon_core.package_identification:_identify(models/gimbal_small_3d/meshes) by extensions ['colcon_pkg']
[0.304s] Level 1:colcon.colcon_core.package_identification:_identify(models/gimbal_small_3d/meshes) by extension 'colcon_pkg'
[0.304s] Level 1:colcon.colcon_core.package_identification:_identify(models/gimbal_small_3d/meshes) by extensions ['colcon_meta']
[0.304s] Level 1:colcon.colcon_core.package_identification:_identify(models/gimbal_small_3d/meshes) by extension 'colcon_meta'
[0.304s] Level 1:colcon.colcon_core.package_identification:_identify(models/gimbal_small_3d/meshes) by extensions ['ros']
[0.304s] Level 1:colcon.colcon_core.package_identification:_identify(models/gimbal_small_3d/meshes) by extension 'ros'
[0.304s] Level 1:colcon.colcon_core.package_identification:_identify(models/gimbal_small_3d/meshes) by extensions ['cmake', 'python']
[0.304s] Level 1:colcon.colcon_core.package_identification:_identify(models/gimbal_small_3d/meshes) by extension 'cmake'
[0.304s] Level 1:colcon.colcon_core.package_identification:_identify(models/gimbal_small_3d/meshes) by extension 'python'
[0.305s] Level 1:colcon.colcon_core.package_identification:_identify(models/gimbal_small_3d/meshes) by extensions ['python_setup_py']
[0.305s] Level 1:colcon.colcon_core.package_identification:_identify(models/gimbal_small_3d/meshes) by extension 'python_setup_py'
[0.305s] Level 1:colcon.colcon_core.package_identification:_identify(models/iris_with_ardupilot) by extensions ['ignore', 'ignore_ament_install']
[0.305s] Level 1:colcon.colcon_core.package_identification:_identify(models/iris_with_ardupilot) by extension 'ignore'
[0.305s] Level 1:colcon.colcon_core.package_identification:_identify(models/iris_with_ardupilot) by extension 'ignore_ament_install'
[0.305s] Level 1:colcon.colcon_core.package_identification:_identify(models/iris_with_ardupilot) by extensions ['colcon_pkg']
[0.305s] Level 1:colcon.colcon_core.package_identification:_identify(models/iris_with_ardupilot) by extension 'colcon_pkg'
[0.305s] Level 1:colcon.colcon_core.package_identification:_identify(models/iris_with_ardupilot) by extensions ['colcon_meta']
[0.305s] Level 1:colcon.colcon_core.package_identification:_identify(models/iris_with_ardupilot) by extension 'colcon_meta'
[0.305s] Level 1:colcon.colcon_core.package_identification:_identify(models/iris_with_ardupilot) by extensions ['ros']
[0.305s] Level 1:colcon.colcon_core.package_identification:_identify(models/iris_with_ardupilot) by extension 'ros'
[0.305s] Level 1:colcon.colcon_core.package_identification:_identify(models/iris_with_ardupilot) by extensions ['cmake', 'python']
[0.305s] Level 1:colcon.colcon_core.package_identification:_identify(models/iris_with_ardupilot) by extension 'cmake'
[0.305s] Level 1:colcon.colcon_core.package_identification:_identify(models/iris_with_ardupilot) by extension 'python'
[0.305s] Level 1:colcon.colcon_core.package_identification:_identify(models/iris_with_ardupilot) by extensions ['python_setup_py']
[0.305s] Level 1:colcon.colcon_core.package_identification:_identify(models/iris_with_ardupilot) by extension 'python_setup_py'
[0.306s] Level 1:colcon.colcon_core.package_identification:_identify(models/iris_with_gimbal) by extensions ['ignore', 'ignore_ament_install']
[0.306s] Level 1:colcon.colcon_core.package_identification:_identify(models/iris_with_gimbal) by extension 'ignore'
[0.306s] Level 1:colcon.colcon_core.package_identification:_identify(models/iris_with_gimbal) by extension 'ignore_ament_install'
[0.306s] Level 1:colcon.colcon_core.package_identification:_identify(models/iris_with_gimbal) by extensions ['colcon_pkg']
[0.306s] Level 1:colcon.colcon_core.package_identification:_identify(models/iris_with_gimbal) by extension 'colcon_pkg'
[0.306s] Level 1:colcon.colcon_core.package_identification:_identify(models/iris_with_gimbal) by extensions ['colcon_meta']
[0.306s] Level 1:colcon.colcon_core.package_identification:_identify(models/iris_with_gimbal) by extension 'colcon_meta'
[0.306s] Level 1:colcon.colcon_core.package_identification:_identify(models/iris_with_gimbal) by extensions ['ros']
[0.306s] Level 1:colcon.colcon_core.package_identification:_identify(models/iris_with_gimbal) by extension 'ros'
[0.306s] Level 1:colcon.colcon_core.package_identification:_identify(models/iris_with_gimbal) by extensions ['cmake', 'python']
[0.306s] Level 1:colcon.colcon_core.package_identification:_identify(models/iris_with_gimbal) by extension 'cmake'
[0.306s] Level 1:colcon.colcon_core.package_identification:_identify(models/iris_with_gimbal) by extension 'python'
[0.306s] Level 1:colcon.colcon_core.package_identification:_identify(models/iris_with_gimbal) by extensions ['python_setup_py']
[0.306s] Level 1:colcon.colcon_core.package_identification:_identify(models/iris_with_gimbal) by extension 'python_setup_py'
[0.307s] Level 1:colcon.colcon_core.package_identification:_identify(models/iris_with_standoffs) by extensions ['ignore', 'ignore_ament_install']
[0.307s] Level 1:colcon.colcon_core.package_identification:_identify(models/iris_with_standoffs) by extension 'ignore'
[0.307s] Level 1:colcon.colcon_core.package_identification:_identify(models/iris_with_standoffs) by extension 'ignore_ament_install'
[0.307s] Level 1:colcon.colcon_core.package_identification:_identify(models/iris_with_standoffs) by extensions ['colcon_pkg']
[0.307s] Level 1:colcon.colcon_core.package_identification:_identify(models/iris_with_standoffs) by extension 'colcon_pkg'
[0.307s] Level 1:colcon.colcon_core.package_identification:_identify(models/iris_with_standoffs) by extensions ['colcon_meta']
[0.307s] Level 1:colcon.colcon_core.package_identification:_identify(models/iris_with_standoffs) by extension 'colcon_meta'
[0.307s] Level 1:colcon.colcon_core.package_identification:_identify(models/iris_with_standoffs) by extensions ['ros']
[0.307s] Level 1:colcon.colcon_core.package_identification:_identify(models/iris_with_standoffs) by extension 'ros'
[0.307s] Level 1:colcon.colcon_core.package_identification:_identify(models/iris_with_standoffs) by extensions ['cmake', 'python']
[0.307s] Level 1:colcon.colcon_core.package_identification:_identify(models/iris_with_standoffs) by extension 'cmake'
[0.307s] Level 1:colcon.colcon_core.package_identification:_identify(models/iris_with_standoffs) by extension 'python'
[0.307s] Level 1:colcon.colcon_core.package_identification:_identify(models/iris_with_standoffs) by extensions ['python_setup_py']
[0.307s] Level 1:colcon.colcon_core.package_identification:_identify(models/iris_with_standoffs) by extension 'python_setup_py'
[0.307s] Level 1:colcon.colcon_core.package_identification:_identify(models/iris_with_standoffs/meshes) by extensions ['ignore', 'ignore_ament_install']
[0.307s] Level 1:colcon.colcon_core.package_identification:_identify(models/iris_with_standoffs/meshes) by extension 'ignore'
[0.308s] Level 1:colcon.colcon_core.package_identification:_identify(models/iris_with_standoffs/meshes) by extension 'ignore_ament_install'
[0.308s] Level 1:colcon.colcon_core.package_identification:_identify(models/iris_with_standoffs/meshes) by extensions ['colcon_pkg']
[0.308s] Level 1:colcon.colcon_core.package_identification:_identify(models/iris_with_standoffs/meshes) by extension 'colcon_pkg'
[0.308s] Level 1:colcon.colcon_core.package_identification:_identify(models/iris_with_standoffs/meshes) by extensions ['colcon_meta']
[0.308s] Level 1:colcon.colcon_core.package_identification:_identify(models/iris_with_standoffs/meshes) by extension 'colcon_meta'
[0.308s] Level 1:colcon.colcon_core.package_identification:_identify(models/iris_with_standoffs/meshes) by extensions ['ros']
[0.308s] Level 1:colcon.colcon_core.package_identification:_identify(models/iris_with_standoffs/meshes) by extension 'ros'
[0.308s] Level 1:colcon.colcon_core.package_identification:_identify(models/iris_with_standoffs/meshes) by extensions ['cmake', 'python']
[0.308s] Level 1:colcon.colcon_core.package_identification:_identify(models/iris_with_standoffs/meshes) by extension 'cmake'
[0.308s] Level 1:colcon.colcon_core.package_identification:_identify(models/iris_with_standoffs/meshes) by extension 'python'
[0.308s] Level 1:colcon.colcon_core.package_identification:_identify(models/iris_with_standoffs/meshes) by extensions ['python_setup_py']
[0.308s] Level 1:colcon.colcon_core.package_identification:_identify(models/iris_with_standoffs/meshes) by extension 'python_setup_py'
[0.308s] Level 1:colcon.colcon_core.package_identification:_identify(models/parachute_small) by extensions ['ignore', 'ignore_ament_install']
[0.308s] Level 1:colcon.colcon_core.package_identification:_identify(models/parachute_small) by extension 'ignore'
[0.308s] Level 1:colcon.colcon_core.package_identification:_identify(models/parachute_small) by extension 'ignore_ament_install'
[0.309s] Level 1:colcon.colcon_core.package_identification:_identify(models/parachute_small) by extensions ['colcon_pkg']
[0.309s] Level 1:colcon.colcon_core.package_identification:_identify(models/parachute_small) by extension 'colcon_pkg'
[0.309s] Level 1:colcon.colcon_core.package_identification:_identify(models/parachute_small) by extensions ['colcon_meta']
[0.309s] Level 1:colcon.colcon_core.package_identification:_identify(models/parachute_small) by extension 'colcon_meta'
[0.309s] Level 1:colcon.colcon_core.package_identification:_identify(models/parachute_small) by extensions ['ros']
[0.309s] Level 1:colcon.colcon_core.package_identification:_identify(models/parachute_small) by extension 'ros'
[0.309s] Level 1:colcon.colcon_core.package_identification:_identify(models/parachute_small) by extensions ['cmake', 'python']
[0.309s] Level 1:colcon.colcon_core.package_identification:_identify(models/parachute_small) by extension 'cmake'
[0.309s] Level 1:colcon.colcon_core.package_identification:_identify(models/parachute_small) by extension 'python'
[0.309s] Level 1:colcon.colcon_core.package_identification:_identify(models/parachute_small) by extensions ['python_setup_py']
[0.309s] Level 1:colcon.colcon_core.package_identification:_identify(models/parachute_small) by extension 'python_setup_py'
[0.309s] Level 1:colcon.colcon_core.package_identification:_identify(models/parachute_small/meshes) by extensions ['ignore', 'ignore_ament_install']
[0.309s] Level 1:colcon.colcon_core.package_identification:_identify(models/parachute_small/meshes) by extension 'ignore'
[0.309s] Level 1:colcon.colcon_core.package_identification:_identify(models/parachute_small/meshes) by extension 'ignore_ament_install'
[0.309s] Level 1:colcon.colcon_core.package_identification:_identify(models/parachute_small/meshes) by extensions ['colcon_pkg']
[0.309s] Level 1:colcon.colcon_core.package_identification:_identify(models/parachute_small/meshes) by extension 'colcon_pkg'
[0.309s] Level 1:colcon.colcon_core.package_identification:_identify(models/parachute_small/meshes) by extensions ['colcon_meta']
[0.309s] Level 1:colcon.colcon_core.package_identification:_identify(models/parachute_small/meshes) by extension 'colcon_meta'
[0.310s] Level 1:colcon.colcon_core.package_identification:_identify(models/parachute_small/meshes) by extensions ['ros']
[0.310s] Level 1:colcon.colcon_core.package_identification:_identify(models/parachute_small/meshes) by extension 'ros'
[0.310s] Level 1:colcon.colcon_core.package_identification:_identify(models/parachute_small/meshes) by extensions ['cmake', 'python']
[0.310s] Level 1:colcon.colcon_core.package_identification:_identify(models/parachute_small/meshes) by extension 'cmake'
[0.310s] Level 1:colcon.colcon_core.package_identification:_identify(models/parachute_small/meshes) by extension 'python'
[0.310s] Level 1:colcon.colcon_core.package_identification:_identify(models/parachute_small/meshes) by extensions ['python_setup_py']
[0.310s] Level 1:colcon.colcon_core.package_identification:_identify(models/parachute_small/meshes) by extension 'python_setup_py'
[0.310s] Level 1:colcon.colcon_core.package_identification:_identify(models/runway) by extensions ['ignore', 'ignore_ament_install']
[0.310s] Level 1:colcon.colcon_core.package_identification:_identify(models/runway) by extension 'ignore'
[0.310s] Level 1:colcon.colcon_core.package_identification:_identify(models/runway) by extension 'ignore_ament_install'
[0.310s] Level 1:colcon.colcon_core.package_identification:_identify(models/runway) by extensions ['colcon_pkg']
[0.310s] Level 1:colcon.colcon_core.package_identification:_identify(models/runway) by extension 'colcon_pkg'
[0.310s] Level 1:colcon.colcon_core.package_identification:_identify(models/runway) by extensions ['colcon_meta']
[0.310s] Level 1:colcon.colcon_core.package_identification:_identify(models/runway) by extension 'colcon_meta'
[0.310s] Level 1:colcon.colcon_core.package_identification:_identify(models/runway) by extensions ['ros']
[0.310s] Level 1:colcon.colcon_core.package_identification:_identify(models/runway) by extension 'ros'
[0.310s] Level 1:colcon.colcon_core.package_identification:_identify(models/runway) by extensions ['cmake', 'python']
[0.311s] Level 1:colcon.colcon_core.package_identification:_identify(models/runway) by extension 'cmake'
[0.311s] Level 1:colcon.colcon_core.package_identification:_identify(models/runway) by extension 'python'
[0.311s] Level 1:colcon.colcon_core.package_identification:_identify(models/runway) by extensions ['python_setup_py']
[0.311s] Level 1:colcon.colcon_core.package_identification:_identify(models/runway) by extension 'python_setup_py'
[0.311s] Level 1:colcon.colcon_core.package_identification:_identify(models/runway/materials) by extensions ['ignore', 'ignore_ament_install']
[0.311s] Level 1:colcon.colcon_core.package_identification:_identify(models/runway/materials) by extension 'ignore'
[0.311s] Level 1:colcon.colcon_core.package_identification:_identify(models/runway/materials) by extension 'ignore_ament_install'
[0.311s] Level 1:colcon.colcon_core.package_identification:_identify(models/runway/materials) by extensions ['colcon_pkg']
[0.311s] Level 1:colcon.colcon_core.package_identification:_identify(models/runway/materials) by extension 'colcon_pkg'
[0.311s] Level 1:colcon.colcon_core.package_identification:_identify(models/runway/materials) by extensions ['colcon_meta']
[0.311s] Level 1:colcon.colcon_core.package_identification:_identify(models/runway/materials) by extension 'colcon_meta'
[0.311s] Level 1:colcon.colcon_core.package_identification:_identify(models/runway/materials) by extensions ['ros']
[0.311s] Level 1:colcon.colcon_core.package_identification:_identify(models/runway/materials) by extension 'ros'
[0.311s] Level 1:colcon.colcon_core.package_identification:_identify(models/runway/materials) by extensions ['cmake', 'python']
[0.311s] Level 1:colcon.colcon_core.package_identification:_identify(models/runway/materials) by extension 'cmake'
[0.311s] Level 1:colcon.colcon_core.package_identification:_identify(models/runway/materials) by extension 'python'
[0.312s] Level 1:colcon.colcon_core.package_identification:_identify(models/runway/materials) by extensions ['python_setup_py']
[0.312s] Level 1:colcon.colcon_core.package_identification:_identify(models/runway/materials) by extension 'python_setup_py'
[0.312s] Level 1:colcon.colcon_core.package_identification:_identify(models/runway/materials/textures) by extensions ['ignore', 'ignore_ament_install']
[0.312s] Level 1:colcon.colcon_core.package_identification:_identify(models/runway/materials/textures) by extension 'ignore'
[0.312s] Level 1:colcon.colcon_core.package_identification:_identify(models/runway/materials/textures) by extension 'ignore_ament_install'
[0.312s] Level 1:colcon.colcon_core.package_identification:_identify(models/runway/materials/textures) by extensions ['colcon_pkg']
[0.312s] Level 1:colcon.colcon_core.package_identification:_identify(models/runway/materials/textures) by extension 'colcon_pkg'
[0.312s] Level 1:colcon.colcon_core.package_identification:_identify(models/runway/materials/textures) by extensions ['colcon_meta']
[0.312s] Level 1:colcon.colcon_core.package_identification:_identify(models/runway/materials/textures) by extension 'colcon_meta'
[0.312s] Level 1:colcon.colcon_core.package_identification:_identify(models/runway/materials/textures) by extensions ['ros']
[0.312s] Level 1:colcon.colcon_core.package_identification:_identify(models/runway/materials/textures) by extension 'ros'
[0.312s] Level 1:colcon.colcon_core.package_identification:_identify(models/runway/materials/textures) by extensions ['cmake', 'python']
[0.312s] Level 1:colcon.colcon_core.package_identification:_identify(models/runway/materials/textures) by extension 'cmake'
[0.312s] Level 1:colcon.colcon_core.package_identification:_identify(models/runway/materials/textures) by extension 'python'
[0.312s] Level 1:colcon.colcon_core.package_identification:_identify(models/runway/materials/textures) by extensions ['python_setup_py']
[0.312s] Level 1:colcon.colcon_core.package_identification:_identify(models/runway/materials/textures) by extension 'python_setup_py'
[0.312s] Level 1:colcon.colcon_core.package_identification:_identify(models/runway/meshes) by extensions ['ignore', 'ignore_ament_install']
[0.313s] Level 1:colcon.colcon_core.package_identification:_identify(models/runway/meshes) by extension 'ignore'
[0.313s] Level 1:colcon.colcon_core.package_identification:_identify(models/runway/meshes) by extension 'ignore_ament_install'
[0.313s] Level 1:colcon.colcon_core.package_identification:_identify(models/runway/meshes) by extensions ['colcon_pkg']
[0.313s] Level 1:colcon.colcon_core.package_identification:_identify(models/runway/meshes) by extension 'colcon_pkg'
[0.313s] Level 1:colcon.colcon_core.package_identification:_identify(models/runway/meshes) by extensions ['colcon_meta']
[0.313s] Level 1:colcon.colcon_core.package_identification:_identify(models/runway/meshes) by extension 'colcon_meta'
[0.313s] Level 1:colcon.colcon_core.package_identification:_identify(models/runway/meshes) by extensions ['ros']
[0.313s] Level 1:colcon.colcon_core.package_identification:_identify(models/runway/meshes) by extension 'ros'
[0.313s] Level 1:colcon.colcon_core.package_identification:_identify(models/runway/meshes) by extensions ['cmake', 'python']
[0.313s] Level 1:colcon.colcon_core.package_identification:_identify(models/runway/meshes) by extension 'cmake'
[0.313s] Level 1:colcon.colcon_core.package_identification:_identify(models/runway/meshes) by extension 'python'
[0.313s] Level 1:colcon.colcon_core.package_identification:_identify(models/runway/meshes) by extensions ['python_setup_py']
[0.313s] Level 1:colcon.colcon_core.package_identification:_identify(models/runway/meshes) by extension 'python_setup_py'
[0.314s] Level 1:colcon.colcon_core.package_identification:_identify(models/zephyr) by extensions ['ignore', 'ignore_ament_install']
[0.314s] Level 1:colcon.colcon_core.package_identification:_identify(models/zephyr) by extension 'ignore'
[0.314s] Level 1:colcon.colcon_core.package_identification:_identify(models/zephyr) by extension 'ignore_ament_install'
[0.314s] Level 1:colcon.colcon_core.package_identification:_identify(models/zephyr) by extensions ['colcon_pkg']
[0.314s] Level 1:colcon.colcon_core.package_identification:_identify(models/zephyr) by extension 'colcon_pkg'
[0.314s] Level 1:colcon.colcon_core.package_identification:_identify(models/zephyr) by extensions ['colcon_meta']
[0.314s] Level 1:colcon.colcon_core.package_identification:_identify(models/zephyr) by extension 'colcon_meta'
[0.314s] Level 1:colcon.colcon_core.package_identification:_identify(models/zephyr) by extensions ['ros']
[0.314s] Level 1:colcon.colcon_core.package_identification:_identify(models/zephyr) by extension 'ros'
[0.314s] Level 1:colcon.colcon_core.package_identification:_identify(models/zephyr) by extensions ['cmake', 'python']
[0.314s] Level 1:colcon.colcon_core.package_identification:_identify(models/zephyr) by extension 'cmake'
[0.314s] Level 1:colcon.colcon_core.package_identification:_identify(models/zephyr) by extension 'python'
[0.314s] Level 1:colcon.colcon_core.package_identification:_identify(models/zephyr) by extensions ['python_setup_py']
[0.314s] Level 1:colcon.colcon_core.package_identification:_identify(models/zephyr) by extension 'python_setup_py'
[0.314s] Level 1:colcon.colcon_core.package_identification:_identify(models/zephyr/materials) by extensions ['ignore', 'ignore_ament_install']
[0.315s] Level 1:colcon.colcon_core.package_identification:_identify(models/zephyr/materials) by extension 'ignore'
[0.315s] Level 1:colcon.colcon_core.package_identification:_identify(models/zephyr/materials) by extension 'ignore_ament_install'
[0.315s] Level 1:colcon.colcon_core.package_identification:_identify(models/zephyr/materials) by extensions ['colcon_pkg']
[0.315s] Level 1:colcon.colcon_core.package_identification:_identify(models/zephyr/materials) by extension 'colcon_pkg'
[0.315s] Level 1:colcon.colcon_core.package_identification:_identify(models/zephyr/materials) by extensions ['colcon_meta']
[0.315s] Level 1:colcon.colcon_core.package_identification:_identify(models/zephyr/materials) by extension 'colcon_meta'
[0.315s] Level 1:colcon.colcon_core.package_identification:_identify(models/zephyr/materials) by extensions ['ros']
[0.315s] Level 1:colcon.colcon_core.package_identification:_identify(models/zephyr/materials) by extension 'ros'
[0.315s] Level 1:colcon.colcon_core.package_identification:_identify(models/zephyr/materials) by extensions ['cmake', 'python']
[0.315s] Level 1:colcon.colcon_core.package_identification:_identify(models/zephyr/materials) by extension 'cmake'
[0.315s] Level 1:colcon.colcon_core.package_identification:_identify(models/zephyr/materials) by extension 'python'
[0.315s] Level 1:colcon.colcon_core.package_identification:_identify(models/zephyr/materials) by extensions ['python_setup_py']
[0.315s] Level 1:colcon.colcon_core.package_identification:_identify(models/zephyr/materials) by extension 'python_setup_py'
[0.315s] Level 1:colcon.colcon_core.package_identification:_identify(models/zephyr/materials/textures) by extensions ['ignore', 'ignore_ament_install']
[0.316s] Level 1:colcon.colcon_core.package_identification:_identify(models/zephyr/materials/textures) by extension 'ignore'
[0.316s] Level 1:colcon.colcon_core.package_identification:_identify(models/zephyr/materials/textures) by extension 'ignore_ament_install'
[0.316s] Level 1:colcon.colcon_core.package_identification:_identify(models/zephyr/materials/textures) by extensions ['colcon_pkg']
[0.316s] Level 1:colcon.colcon_core.package_identification:_identify(models/zephyr/materials/textures) by extension 'colcon_pkg'
[0.316s] Level 1:colcon.colcon_core.package_identification:_identify(models/zephyr/materials/textures) by extensions ['colcon_meta']
[0.316s] Level 1:colcon.colcon_core.package_identification:_identify(models/zephyr/materials/textures) by extension 'colcon_meta'
[0.316s] Level 1:colcon.colcon_core.package_identification:_identify(models/zephyr/materials/textures) by extensions ['ros']
[0.316s] Level 1:colcon.colcon_core.package_identification:_identify(models/zephyr/materials/textures) by extension 'ros'
[0.316s] Level 1:colcon.colcon_core.package_identification:_identify(models/zephyr/materials/textures) by extensions ['cmake', 'python']
[0.316s] Level 1:colcon.colcon_core.package_identification:_identify(models/zephyr/materials/textures) by extension 'cmake'
[0.316s] Level 1:colcon.colcon_core.package_identification:_identify(models/zephyr/materials/textures) by extension 'python'
[0.316s] Level 1:colcon.colcon_core.package_identification:_identify(models/zephyr/materials/textures) by extensions ['python_setup_py']
[0.316s] Level 1:colcon.colcon_core.package_identification:_identify(models/zephyr/materials/textures) by extension 'python_setup_py'
[0.316s] Level 1:colcon.colcon_core.package_identification:_identify(models/zephyr/meshes) by extensions ['ignore', 'ignore_ament_install']
[0.316s] Level 1:colcon.colcon_core.package_identification:_identify(models/zephyr/meshes) by extension 'ignore'
[0.316s] Level 1:colcon.colcon_core.package_identification:_identify(models/zephyr/meshes) by extension 'ignore_ament_install'
[0.317s] Level 1:colcon.colcon_core.package_identification:_identify(models/zephyr/meshes) by extensions ['colcon_pkg']
[0.317s] Level 1:colcon.colcon_core.package_identification:_identify(models/zephyr/meshes) by extension 'colcon_pkg'
[0.317s] Level 1:colcon.colcon_core.package_identification:_identify(models/zephyr/meshes) by extensions ['colcon_meta']
[0.317s] Level 1:colcon.colcon_core.package_identification:_identify(models/zephyr/meshes) by extension 'colcon_meta'
[0.317s] Level 1:colcon.colcon_core.package_identification:_identify(models/zephyr/meshes) by extensions ['ros']
[0.317s] Level 1:colcon.colcon_core.package_identification:_identify(models/zephyr/meshes) by extension 'ros'
[0.317s] Level 1:colcon.colcon_core.package_identification:_identify(models/zephyr/meshes) by extensions ['cmake', 'python']
[0.317s] Level 1:colcon.colcon_core.package_identification:_identify(models/zephyr/meshes) by extension 'cmake'
[0.317s] Level 1:colcon.colcon_core.package_identification:_identify(models/zephyr/meshes) by extension 'python'
[0.317s] Level 1:colcon.colcon_core.package_identification:_identify(models/zephyr/meshes) by extensions ['python_setup_py']
[0.317s] Level 1:colcon.colcon_core.package_identification:_identify(models/zephyr/meshes) by extension 'python_setup_py'
[0.317s] Level 1:colcon.colcon_core.package_identification:_identify(models/zephyr/thumbnails) by extensions ['ignore', 'ignore_ament_install']
[0.317s] Level 1:colcon.colcon_core.package_identification:_identify(models/zephyr/thumbnails) by extension 'ignore'
[0.317s] Level 1:colcon.colcon_core.package_identification:_identify(models/zephyr/thumbnails) by extension 'ignore_ament_install'
[0.317s] Level 1:colcon.colcon_core.package_identification:_identify(models/zephyr/thumbnails) by extensions ['colcon_pkg']
[0.317s] Level 1:colcon.colcon_core.package_identification:_identify(models/zephyr/thumbnails) by extension 'colcon_pkg'
[0.317s] Level 1:colcon.colcon_core.package_identification:_identify(models/zephyr/thumbnails) by extensions ['colcon_meta']
[0.317s] Level 1:colcon.colcon_core.package_identification:_identify(models/zephyr/thumbnails) by extension 'colcon_meta'
[0.318s] Level 1:colcon.colcon_core.package_identification:_identify(models/zephyr/thumbnails) by extensions ['ros']
[0.318s] Level 1:colcon.colcon_core.package_identification:_identify(models/zephyr/thumbnails) by extension 'ros'
[0.318s] Level 1:colcon.colcon_core.package_identification:_identify(models/zephyr/thumbnails) by extensions ['cmake', 'python']
[0.318s] Level 1:colcon.colcon_core.package_identification:_identify(models/zephyr/thumbnails) by extension 'cmake'
[0.318s] Level 1:colcon.colcon_core.package_identification:_identify(models/zephyr/thumbnails) by extension 'python'
[0.318s] Level 1:colcon.colcon_core.package_identification:_identify(models/zephyr/thumbnails) by extensions ['python_setup_py']
[0.318s] Level 1:colcon.colcon_core.package_identification:_identify(models/zephyr/thumbnails) by extension 'python_setup_py'
[0.318s] Level 1:colcon.colcon_core.package_identification:_identify(models/zephyr_with_ardupilot) by extensions ['ignore', 'ignore_ament_install']
[0.318s] Level 1:colcon.colcon_core.package_identification:_identify(models/zephyr_with_ardupilot) by extension 'ignore'
[0.318s] Level 1:colcon.colcon_core.package_identification:_identify(models/zephyr_with_ardupilot) by extension 'ignore_ament_install'
[0.318s] Level 1:colcon.colcon_core.package_identification:_identify(models/zephyr_with_ardupilot) by extensions ['colcon_pkg']
[0.318s] Level 1:colcon.colcon_core.package_identification:_identify(models/zephyr_with_ardupilot) by extension 'colcon_pkg'
[0.318s] Level 1:colcon.colcon_core.package_identification:_identify(models/zephyr_with_ardupilot) by extensions ['colcon_meta']
[0.318s] Level 1:colcon.colcon_core.package_identification:_identify(models/zephyr_with_ardupilot) by extension 'colcon_meta'
[0.318s] Level 1:colcon.colcon_core.package_identification:_identify(models/zephyr_with_ardupilot) by extensions ['ros']
[0.318s] Level 1:colcon.colcon_core.package_identification:_identify(models/zephyr_with_ardupilot) by extension 'ros'
[0.318s] Level 1:colcon.colcon_core.package_identification:_identify(models/zephyr_with_ardupilot) by extensions ['cmake', 'python']
[0.319s] Level 1:colcon.colcon_core.package_identification:_identify(models/zephyr_with_ardupilot) by extension 'cmake'
[0.319s] Level 1:colcon.colcon_core.package_identification:_identify(models/zephyr_with_ardupilot) by extension 'python'
[0.319s] Level 1:colcon.colcon_core.package_identification:_identify(models/zephyr_with_ardupilot) by extensions ['python_setup_py']
[0.319s] Level 1:colcon.colcon_core.package_identification:_identify(models/zephyr_with_ardupilot) by extension 'python_setup_py'
[0.319s] Level 1:colcon.colcon_core.package_identification:_identify(models/zephyr_with_parachute) by extensions ['ignore', 'ignore_ament_install']
[0.319s] Level 1:colcon.colcon_core.package_identification:_identify(models/zephyr_with_parachute) by extension 'ignore'
[0.319s] Level 1:colcon.colcon_core.package_identification:_identify(models/zephyr_with_parachute) by extension 'ignore_ament_install'
[0.319s] Level 1:colcon.colcon_core.package_identification:_identify(models/zephyr_with_parachute) by extensions ['colcon_pkg']
[0.319s] Level 1:colcon.colcon_core.package_identification:_identify(models/zephyr_with_parachute) by extension 'colcon_pkg'
[0.319s] Level 1:colcon.colcon_core.package_identification:_identify(models/zephyr_with_parachute) by extensions ['colcon_meta']
[0.319s] Level 1:colcon.colcon_core.package_identification:_identify(models/zephyr_with_parachute) by extension 'colcon_meta'
[0.319s] Level 1:colcon.colcon_core.package_identification:_identify(models/zephyr_with_parachute) by extensions ['ros']
[0.319s] Level 1:colcon.colcon_core.package_identification:_identify(models/zephyr_with_parachute) by extension 'ros'
[0.319s] Level 1:colcon.colcon_core.package_identification:_identify(models/zephyr_with_parachute) by extensions ['cmake', 'python']
[0.319s] Level 1:colcon.colcon_core.package_identification:_identify(models/zephyr_with_parachute) by extension 'cmake'
[0.319s] Level 1:colcon.colcon_core.package_identification:_identify(models/zephyr_with_parachute) by extension 'python'
[0.319s] Level 1:colcon.colcon_core.package_identification:_identify(models/zephyr_with_parachute) by extensions ['python_setup_py']
[0.320s] Level 1:colcon.colcon_core.package_identification:_identify(models/zephyr_with_parachute) by extension 'python_setup_py'
[0.320s] Level 1:colcon.colcon_core.package_identification:_identify(src) by extensions ['ignore', 'ignore_ament_install']
[0.320s] Level 1:colcon.colcon_core.package_identification:_identify(src) by extension 'ignore'
[0.320s] Level 1:colcon.colcon_core.package_identification:_identify(src) by extension 'ignore_ament_install'
[0.320s] Level 1:colcon.colcon_core.package_identification:_identify(src) by extensions ['colcon_pkg']
[0.320s] Level 1:colcon.colcon_core.package_identification:_identify(src) by extension 'colcon_pkg'
[0.320s] Level 1:colcon.colcon_core.package_identification:_identify(src) by extensions ['colcon_meta']
[0.320s] Level 1:colcon.colcon_core.package_identification:_identify(src) by extension 'colcon_meta'
[0.320s] Level 1:colcon.colcon_core.package_identification:_identify(src) by extensions ['ros']
[0.320s] Level 1:colcon.colcon_core.package_identification:_identify(src) by extension 'ros'
[0.320s] Level 1:colcon.colcon_core.package_identification:_identify(src) by extensions ['cmake', 'python']
[0.320s] Level 1:colcon.colcon_core.package_identification:_identify(src) by extension 'cmake'
[0.320s] Level 1:colcon.colcon_core.package_identification:_identify(src) by extension 'python'
[0.320s] Level 1:colcon.colcon_core.package_identification:_identify(src) by extensions ['python_setup_py']
[0.320s] Level 1:colcon.colcon_core.package_identification:_identify(src) by extension 'python_setup_py'
[0.320s] Level 1:colcon.colcon_core.package_identification:_identify(src/takeoff) by extensions ['ignore', 'ignore_ament_install']
[0.321s] Level 1:colcon.colcon_core.package_identification:_identify(src/takeoff) by extension 'ignore'
[0.321s] Level 1:colcon.colcon_core.package_identification:_identify(src/takeoff) by extension 'ignore_ament_install'
[0.321s] Level 1:colcon.colcon_core.package_identification:_identify(src/takeoff) by extensions ['colcon_pkg']
[0.321s] Level 1:colcon.colcon_core.package_identification:_identify(src/takeoff) by extension 'colcon_pkg'
[0.321s] Level 1:colcon.colcon_core.package_identification:_identify(src/takeoff) by extensions ['colcon_meta']
[0.321s] Level 1:colcon.colcon_core.package_identification:_identify(src/takeoff) by extension 'colcon_meta'
[0.321s] Level 1:colcon.colcon_core.package_identification:_identify(src/takeoff) by extensions ['ros']
[0.321s] Level 1:colcon.colcon_core.package_identification:_identify(src/takeoff) by extension 'ros'
[0.325s] DEBUG:colcon.colcon_core.package_identification:Package 'src/takeoff' with type 'ros.ament_python' and name 'takeoff'
[0.325s] Level 1:colcon.colcon_core.package_identification:_identify(worlds) by extensions ['ignore', 'ignore_ament_install']
[0.326s] Level 1:colcon.colcon_core.package_identification:_identify(worlds) by extension 'ignore'
[0.326s] Level 1:colcon.colcon_core.package_identification:_identify(worlds) by extension 'ignore_ament_install'
[0.326s] Level 1:colcon.colcon_core.package_identification:_identify(worlds) by extensions ['colcon_pkg']
[0.326s] Level 1:colcon.colcon_core.package_identification:_identify(worlds) by extension 'colcon_pkg'
[0.326s] Level 1:colcon.colcon_core.package_identification:_identify(worlds) by extensions ['colcon_meta']
[0.326s] Level 1:colcon.colcon_core.package_identification:_identify(worlds) by extension 'colcon_meta'
[0.326s] Level 1:colcon.colcon_core.package_identification:_identify(worlds) by extensions ['ros']
[0.326s] Level 1:colcon.colcon_core.package_identification:_identify(worlds) by extension 'ros'
[0.326s] Level 1:colcon.colcon_core.package_identification:_identify(worlds) by extensions ['cmake', 'python']
[0.326s] Level 1:colcon.colcon_core.package_identification:_identify(worlds) by extension 'cmake'
[0.326s] Level 1:colcon.colcon_core.package_identification:_identify(worlds) by extension 'python'
[0.326s] Level 1:colcon.colcon_core.package_identification:_identify(worlds) by extensions ['python_setup_py']
[0.326s] Level 1:colcon.colcon_core.package_identification:_identify(worlds) by extension 'python_setup_py'
[0.327s] Level 1:colcon.colcon_core.package_identification:_identify(worlds/terrain) by extensions ['ignore', 'ignore_ament_install']
[0.327s] Level 1:colcon.colcon_core.package_identification:_identify(worlds/terrain) by extension 'ignore'
[0.327s] Level 1:colcon.colcon_core.package_identification:_identify(worlds/terrain) by extension 'ignore_ament_install'
[0.327s] Level 1:colcon.colcon_core.package_identification:_identify(worlds/terrain) by extensions ['colcon_pkg']
[0.327s] Level 1:colcon.colcon_core.package_identification:_identify(worlds/terrain) by extension 'colcon_pkg'
[0.327s] Level 1:colcon.colcon_core.package_identification:_identify(worlds/terrain) by extensions ['colcon_meta']
[0.327s] Level 1:colcon.colcon_core.package_identification:_identify(worlds/terrain) by extension 'colcon_meta'
[0.327s] Level 1:colcon.colcon_core.package_identification:_identify(worlds/terrain) by extensions ['ros']
[0.327s] Level 1:colcon.colcon_core.package_identification:_identify(worlds/terrain) by extension 'ros'
[0.327s] Level 1:colcon.colcon_core.package_identification:_identify(worlds/terrain) by extensions ['cmake', 'python']
[0.327s] Level 1:colcon.colcon_core.package_identification:_identify(worlds/terrain) by extension 'cmake'
[0.327s] Level 1:colcon.colcon_core.package_identification:_identify(worlds/terrain) by extension 'python'
[0.327s] Level 1:colcon.colcon_core.package_identification:_identify(worlds/terrain) by extensions ['python_setup_py']
[0.327s] Level 1:colcon.colcon_core.package_identification:_identify(worlds/terrain) by extension 'python_setup_py'
[0.328s] Level 1:colcon.colcon_core.package_discovery:discover_packages(recursive) using defaults
[0.328s] Level 1:colcon.colcon_core.package_discovery:discover_packages(ignore) discover
[0.328s] Level 1:colcon.colcon_core.package_discovery:discover_packages(ignore) using defaults
[0.328s] Level 1:colcon.colcon_core.package_discovery:discover_packages(path) discover
[0.328s] Level 1:colcon.colcon_core.package_discovery:discover_packages(path) using defaults
[0.361s] Level 1:colcon.colcon_core.package_discovery:discover_packages(prefix_path) check parameters
[0.361s] Level 1:colcon.colcon_core.package_discovery:discover_packages(prefix_path) discover
[0.363s] DEBUG:colcon.colcon_installed_package_information.package_discovery:Found 1 installed packages in /home/gouravk24/aruco_landing/install
[0.365s] DEBUG:colcon.colcon_installed_package_information.package_discovery:Found 306 installed packages in /opt/ros/humble
[0.367s] Level 1:colcon.colcon_core.package_discovery:discover_packages(prefix_path) using defaults
[0.432s] Level 5:colcon.colcon_core.verb:set package 'takeoff' build argument 'cmake_args' from command line to 'None'
[0.432s] Level 5:colcon.colcon_core.verb:set package 'takeoff' build argument 'cmake_target' from command line to 'None'
[0.432s] Level 5:colcon.colcon_core.verb:set package 'takeoff' build argument 'cmake_target_skip_unavailable' from command line to 'False'
[0.432s] Level 5:colcon.colcon_core.verb:set package 'takeoff' build argument 'cmake_clean_cache' from command line to 'False'
[0.432s] Level 5:colcon.colcon_core.verb:set package 'takeoff' build argument 'cmake_clean_first' from command line to 'False'
[0.432s] Level 5:colcon.colcon_core.verb:set package 'takeoff' build argument 'cmake_force_configure' from command line to 'False'
[0.432s] Level 5:colcon.colcon_core.verb:set package 'takeoff' build argument 'ament_cmake_args' from command line to 'None'
[0.433s] Level 5:colcon.colcon_core.verb:set package 'takeoff' build argument 'catkin_cmake_args' from command line to 'None'
[0.433s] Level 5:colcon.colcon_core.verb:set package 'takeoff' build argument 'catkin_skip_building_tests' from command line to 'False'
[0.433s] DEBUG:colcon.colcon_core.verb:Building package 'takeoff' with the following arguments: {'ament_cmake_args': None, 'build_base': '/home/gouravk24/aruco_landing/build/takeoff', 'catkin_cmake_args': None, 'catkin_skip_building_tests': False, 'cmake_args': None, 'cmake_clean_cache': False, 'cmake_clean_first': False, 'cmake_force_configure': False, 'cmake_target': None, 'cmake_target_skip_unavailable': False, 'install_base': '/home/gouravk24/aruco_landing/install/takeoff', 'merge_install': False, 'path': '/home/gouravk24/aruco_landing/src/takeoff', 'symlink_install': False, 'test_result_base': None}
[0.433s] INFO:colcon.colcon_core.executor:Executing jobs using 'parallel' executor
[0.434s] DEBUG:colcon.colcon_parallel_executor.executor.parallel:run_until_complete
[0.435s] INFO:colcon.colcon_ros.task.ament_python.build:Building ROS package in '/home/gouravk24/aruco_landing/src/takeoff' with build type 'ament_python'
[0.435s] Level 1:colcon.colcon_core.shell:create_environment_hook('takeoff', 'ament_prefix_path')
[0.438s] INFO:colcon.colcon_core.plugin_system:Skipping extension 'colcon_core.shell.bat': Not used on non-Windows systems
[0.438s] INFO:colcon.colcon_core.shell:Creating environment hook '/home/gouravk24/aruco_landing/install/takeoff/share/takeoff/hook/ament_prefix_path.ps1'
[0.439s] INFO:colcon.colcon_core.shell:Creating environment descriptor '/home/gouravk24/aruco_landing/install/takeoff/share/takeoff/hook/ament_prefix_path.dsv'
[0.440s] INFO:colcon.colcon_core.shell:Creating environment hook '/home/gouravk24/aruco_landing/install/takeoff/share/takeoff/hook/ament_prefix_path.sh'
[0.442s] INFO:colcon.colcon_core.shell:Skip shell extension 'powershell' for command environment: Not usable outside of PowerShell
[0.442s] DEBUG:colcon.colcon_core.shell:Skip shell extension 'dsv' for command environment
[0.813s] WARNING:colcon.colcon_ros.task.ament_python.build:Package 'takeoff' doesn't explicitly install a marker in the package index (colcon-ros currently does it implicitly but that fallback will be removed in the future)
[0.814s] WARNING:colcon.colcon_ros.task.ament_python.build:Package 'takeoff' doesn't explicitly install the 'package.xml' file (colcon-ros currently does it implicitly but that fallback will be removed in the future)
[0.814s] INFO:colcon.colcon_core.task.python.build:Building Python package in '/home/gouravk24/aruco_landing/src/takeoff'
[0.815s] INFO:colcon.colcon_core.shell:Skip shell extension 'powershell' for command environment: Not usable outside of PowerShell
[0.815s] DEBUG:colcon.colcon_core.shell:Skip shell extension 'dsv' for command environment
[1.457s] DEBUG:colcon.colcon_core.event_handler.log_command:Invoking command in '/home/gouravk24/aruco_landing/src/takeoff': PYTHONPATH=/home/gouravk24/aruco_landing/build/takeoff/prefix_override:/usr/lib/python3/dist-packages/colcon_core/task/python/colcon_distutils_commands:/home/gouravk24/aruco_landing/install/takeoff/lib/python3.10/site-packages:${PYTHONPATH} /usr/bin/python3 -W ignore:setup.py install is deprecated -W ignore:easy_install command is deprecated setup.py egg_info --egg-base ../../build/takeoff build --build-base /home/gouravk24/aruco_landing/build/takeoff/build install --record /home/gouravk24/aruco_landing/build/takeoff/install.log --single-version-externally-managed
[2.080s] DEBUG:colcon.colcon_core.event_handler.log_command:Invoked command in '/home/gouravk24/aruco_landing/src/takeoff' returned '0': PYTHONPATH=/home/gouravk24/aruco_landing/build/takeoff/prefix_override:/usr/lib/python3/dist-packages/colcon_core/task/python/colcon_distutils_commands:/home/gouravk24/aruco_landing/install/takeoff/lib/python3.10/site-packages:${PYTHONPATH} /usr/bin/python3 -W ignore:setup.py install is deprecated -W ignore:easy_install command is deprecated setup.py egg_info --egg-base ../../build/takeoff build --build-base /home/gouravk24/aruco_landing/build/takeoff/build install --record /home/gouravk24/aruco_landing/build/takeoff/install.log --single-version-externally-managed
[2.085s] Level 1:colcon.colcon_core.environment:checking '/home/gouravk24/aruco_landing/install/takeoff' for CMake module files
[2.085s] Level 1:colcon.colcon_core.environment:checking '/home/gouravk24/aruco_landing/install/takeoff' for CMake config files
[2.086s] Level 1:colcon.colcon_core.environment:checking '/home/gouravk24/aruco_landing/install/takeoff/lib'
[2.087s] Level 1:colcon.colcon_core.environment:checking '/home/gouravk24/aruco_landing/install/takeoff/bin'
[2.087s] Level 1:colcon.colcon_core.environment:checking '/home/gouravk24/aruco_landing/install/takeoff/lib/pkgconfig/takeoff.pc'
[2.088s] Level 1:colcon.colcon_core.environment:checking '/home/gouravk24/aruco_landing/install/takeoff/lib/python3.10/site-packages'
[2.088s] Level 1:colcon.colcon_core.shell:create_environment_hook('takeoff', 'pythonpath')
[2.088s] INFO:colcon.colcon_core.shell:Creating environment hook '/home/gouravk24/aruco_landing/install/takeoff/share/takeoff/hook/pythonpath.ps1'
[2.089s] INFO:colcon.colcon_core.shell:Creating environment descriptor '/home/gouravk24/aruco_landing/install/takeoff/share/takeoff/hook/pythonpath.dsv'
[2.090s] INFO:colcon.colcon_core.shell:Creating environment hook '/home/gouravk24/aruco_landing/install/takeoff/share/takeoff/hook/pythonpath.sh'
[2.091s] Level 1:colcon.colcon_core.environment:checking '/home/gouravk24/aruco_landing/install/takeoff/bin'
[2.091s] Level 1:colcon.colcon_core.environment:create_environment_scripts_only(takeoff)
[2.092s] INFO:colcon.colcon_core.shell:Creating package script '/home/gouravk24/aruco_landing/install/takeoff/share/takeoff/package.ps1'
[2.093s] INFO:colcon.colcon_core.shell:Creating package descriptor '/home/gouravk24/aruco_landing/install/takeoff/share/takeoff/package.dsv'
[2.094s] INFO:colcon.colcon_core.shell:Creating package script '/home/gouravk24/aruco_landing/install/takeoff/share/takeoff/package.sh'
[2.095s] INFO:colcon.colcon_core.shell:Creating package script '/home/gouravk24/aruco_landing/install/takeoff/share/takeoff/package.bash'
[2.097s] INFO:colcon.colcon_core.shell:Creating package script '/home/gouravk24/aruco_landing/install/takeoff/share/takeoff/package.zsh'
[2.098s] Level 1:colcon.colcon_core.environment:create_file_with_runtime_dependencies(/home/gouravk24/aruco_landing/install/takeoff/share/colcon-core/packages/takeoff)
[2.098s] DEBUG:colcon.colcon_parallel_executor.executor.parallel:closing loop
[2.099s] DEBUG:colcon.colcon_parallel_executor.executor.parallel:loop closed
[2.099s] DEBUG:colcon.colcon_parallel_executor.executor.parallel:run_until_complete finished with '0'
[2.099s] DEBUG:colcon.colcon_core.event_reactor:joining thread
[2.106s] INFO:colcon.colcon_core.plugin_system:Skipping extension 'colcon_notification.desktop_notification.terminal_notifier': Not used on non-Darwin systems
[2.106s] INFO:colcon.colcon_core.plugin_system:Skipping extension 'colcon_notification.desktop_notification.win32': Not used on non-Windows systems
[2.106s] INFO:colcon.colcon_notification.desktop_notification:Sending desktop notification using 'notify2'
[2.127s] DEBUG:colcon.colcon_core.event_reactor:joined thread
[2.128s] INFO:colcon.colcon_core.shell:Creating prefix script '/home/gouravk24/aruco_landing/install/local_setup.ps1'
[2.129s] INFO:colcon.colcon_core.shell:Creating prefix util module '/home/gouravk24/aruco_landing/install/_local_setup_util_ps1.py'
[2.133s] INFO:colcon.colcon_core.shell:Creating prefix chain script '/home/gouravk24/aruco_landing/install/setup.ps1'
[2.136s] INFO:colcon.colcon_core.shell:Creating prefix script '/home/gouravk24/aruco_landing/install/local_setup.sh'
[2.138s] INFO:colcon.colcon_core.shell:Creating prefix util module '/home/gouravk24/aruco_landing/install/_local_setup_util_sh.py'
[2.140s] INFO:colcon.colcon_core.shell:Creating prefix chain script '/home/gouravk24/aruco_landing/install/setup.sh'
[2.145s] INFO:colcon.colcon_core.shell:Creating prefix script '/home/gouravk24/aruco_landing/install/local_setup.bash'
[2.146s] INFO:colcon.colcon_core.shell:Creating prefix chain script '/home/gouravk24/aruco_landing/install/setup.bash'
[2.150s] INFO:colcon.colcon_core.shell:Creating prefix script '/home/gouravk24/aruco_landing/install/local_setup.zsh'
[2.152s] INFO:colcon.colcon_core.shell:Creating prefix chain script '/home/gouravk24/aruco_landing/install/setup.zsh'
