[0.218s] DEBUG:colcon:Command line arguments: ['/usr/bin/colcon', 'build']
[0.218s] DEBUG:colcon:Parsed command line arguments: Namespace(log_base=None, log_level=None, verb_name='build', build_base='build', install_base='install', merge_install=False, symlink_install=False, test_result_base=None, continue_on_error=False, executor='parallel', parallel_workers=8, event_handlers=None, ignore_user_meta=False, metas=['./colcon.meta'], base_paths=['.'], packages_ignore=None, packages_ignore_regex=None, paths=None, packages_up_to=None, packages_up_to_regex=None, packages_above=None, packages_above_and_dependencies=None, packages_above_depth=None, packages_select_by_dep=None, packages_skip_by_dep=None, packages_skip_up_to=None, packages_select_build_failed=False, packages_skip_build_finished=False, packages_select_test_failures=False, packages_skip_test_passed=False, packages_select=None, packages_skip=None, packages_select_regex=None, packages_skip_regex=None, packages_start=None, packages_end=None, allow_overriding=[], cmake_args=None, cmake_target=None, cmake_target_skip_unavailable=False, cmake_clean_cache=False, cmake_clean_first=False, cmake_force_configure=False, ament_cmake_args=None, catkin_cmake_args=None, catkin_skip_building_tests=False, mixin_files=None, mixin=None, verb_parser=<colcon_mixin.mixin.mixin_argument.MixinArgumentDecorator object at 0x796943a86db0>, verb_extension=<colcon_core.verb.build.BuildVerb object at 0x796943a86a50>, main=<bound method BuildVerb.main of <colcon_core.verb.build.BuildVerb object at 0x796943a86a50>>, mixin_verb=('build',))
[0.287s] Level 1:colcon.colcon_core.package_discovery:discover_packages(colcon_meta) check parameters
[0.288s] Level 1:colcon.colcon_core.package_discovery:discover_packages(recursive) check parameters
[0.288s] Level 1:colcon.colcon_core.package_discovery:discover_packages(ignore) check parameters
[0.288s] Level 1:colcon.colcon_core.package_discovery:discover_packages(path) check parameters
[0.288s] Level 1:colcon.colcon_core.package_discovery:discover_packages(colcon_meta) discover
[0.288s] Level 1:colcon.colcon_core.package_discovery:discover_packages(recursive) discover
[0.288s] INFO:colcon.colcon_core.package_discovery:Crawling recursively for packages in '/home/ayaankushwah/aruco_landing'
[0.288s] Level 1:colcon.colcon_core.package_identification:_identify(.) by extensions ['ignore', 'ignore_ament_install']
[0.288s] Level 1:colcon.colcon_core.package_identification:_identify(.) by extension 'ignore'
[0.289s] Level 1:colcon.colcon_core.package_identification:_identify(.) by extension 'ignore_ament_install'
[0.289s] Level 1:colcon.colcon_core.package_identification:_identify(.) by extensions ['colcon_pkg']
[0.289s] Level 1:colcon.colcon_core.package_identification:_identify(.) by extension 'colcon_pkg'
[0.289s] Level 1:colcon.colcon_core.package_identification:_identify(.) by extensions ['colcon_meta']
[0.289s] Level 1:colcon.colcon_core.package_identification:_identify(.) by extension 'colcon_meta'
[0.289s] Level 1:colcon.colcon_core.package_identification:_identify(.) by extensions ['ros']
[0.289s] Level 1:colcon.colcon_core.package_identification:_identify(.) by extension 'ros'
[0.336s] Level 1:colcon.colcon_core.package_identification:_identify(.) by extensions ['cmake', 'python']
[0.336s] Level 1:colcon.colcon_core.package_identification:_identify(.) by extension 'cmake'
[0.336s] Level 1:colcon.colcon_core.package_identification:_identify(.) by extension 'python'
[0.336s] Level 1:colcon.colcon_core.package_identification:_identify(.) by extensions ['python_setup_py']
[0.336s] Level 1:colcon.colcon_core.package_identification:_identify(.) by extension 'python_setup_py'
[0.336s] Level 1:colcon.colcon_core.package_identification:_identify(auto_ws) by extensions ['ignore', 'ignore_ament_install']
[0.337s] Level 1:colcon.colcon_core.package_identification:_identify(auto_ws) by extension 'ignore'
[0.337s] Level 1:colcon.colcon_core.package_identification:_identify(auto_ws) by extension 'ignore_ament_install'
[0.337s] Level 1:colcon.colcon_core.package_identification:_identify(auto_ws) by extensions ['colcon_pkg']
[0.337s] Level 1:colcon.colcon_core.package_identification:_identify(auto_ws) by extension 'colcon_pkg'
[0.337s] Level 1:colcon.colcon_core.package_identification:_identify(auto_ws) by extensions ['colcon_meta']
[0.337s] Level 1:colcon.colcon_core.package_identification:_identify(auto_ws) by extension 'colcon_meta'
[0.337s] Level 1:colcon.colcon_core.package_identification:_identify(auto_ws) by extensions ['ros']
[0.337s] Level 1:colcon.colcon_core.package_identification:_identify(auto_ws) by extension 'ros'
[0.337s] Level 1:colcon.colcon_core.package_identification:_identify(auto_ws) by extensions ['cmake', 'python']
[0.337s] Level 1:colcon.colcon_core.package_identification:_identify(auto_ws) by extension 'cmake'
[0.338s] Level 1:colcon.colcon_core.package_identification:_identify(auto_ws) by extension 'python'
[0.338s] Level 1:colcon.colcon_core.package_identification:_identify(auto_ws) by extensions ['python_setup_py']
[0.338s] Level 1:colcon.colcon_core.package_identification:_identify(auto_ws) by extension 'python_setup_py'
[0.338s] Level 1:colcon.colcon_core.package_identification:_identify(auto_ws/build) by extensions ['ignore', 'ignore_ament_install']
[0.338s] Level 1:colcon.colcon_core.package_identification:_identify(auto_ws/build) by extension 'ignore'
[0.338s] Level 1:colcon.colcon_core.package_identification:_identify(auto_ws/build) ignored
[0.338s] Level 1:colcon.colcon_core.package_identification:_identify(auto_ws/install) by extensions ['ignore', 'ignore_ament_install']
[0.339s] Level 1:colcon.colcon_core.package_identification:_identify(auto_ws/install) by extension 'ignore'
[0.339s] Level 1:colcon.colcon_core.package_identification:_identify(auto_ws/install) ignored
[0.339s] Level 1:colcon.colcon_core.package_identification:_identify(auto_ws/log) by extensions ['ignore', 'ignore_ament_install']
[0.339s] Level 1:colcon.colcon_core.package_identification:_identify(auto_ws/log) by extension 'ignore'
[0.339s] Level 1:colcon.colcon_core.package_identification:_identify(auto_ws/log) ignored
[0.339s] Level 1:colcon.colcon_core.package_identification:_identify(auto_ws/src) by extensions ['ignore', 'ignore_ament_install']
[0.340s] Level 1:colcon.colcon_core.package_identification:_identify(auto_ws/src) by extension 'ignore'
[0.340s] Level 1:colcon.colcon_core.package_identification:_identify(auto_ws/src) by extension 'ignore_ament_install'
[0.340s] Level 1:colcon.colcon_core.package_identification:_identify(auto_ws/src) by extensions ['colcon_pkg']
[0.340s] Level 1:colcon.colcon_core.package_identification:_identify(auto_ws/src) by extension 'colcon_pkg'
[0.340s] Level 1:colcon.colcon_core.package_identification:_identify(auto_ws/src) by extensions ['colcon_meta']
[0.340s] Level 1:colcon.colcon_core.package_identification:_identify(auto_ws/src) by extension 'colcon_meta'
[0.340s] Level 1:colcon.colcon_core.package_identification:_identify(auto_ws/src) by extensions ['ros']
[0.340s] Level 1:colcon.colcon_core.package_identification:_identify(auto_ws/src) by extension 'ros'
[0.341s] Level 1:colcon.colcon_core.package_identification:_identify(auto_ws/src) by extensions ['cmake', 'python']
[0.341s] Level 1:colcon.colcon_core.package_identification:_identify(auto_ws/src) by extension 'cmake'
[0.341s] Level 1:colcon.colcon_core.package_identification:_identify(auto_ws/src) by extension 'python'
[0.341s] Level 1:colcon.colcon_core.package_identification:_identify(auto_ws/src) by extensions ['python_setup_py']
[0.341s] Level 1:colcon.colcon_core.package_identification:_identify(auto_ws/src) by extension 'python_setup_py'
[0.341s] Level 1:colcon.colcon_core.package_identification:_identify(auto_ws/src/takeoff) by extensions ['ignore', 'ignore_ament_install']
[0.341s] Level 1:colcon.colcon_core.package_identification:_identify(auto_ws/src/takeoff) by extension 'ignore'
[0.341s] Level 1:colcon.colcon_core.package_identification:_identify(auto_ws/src/takeoff) by extension 'ignore_ament_install'
[0.342s] Level 1:colcon.colcon_core.package_identification:_identify(auto_ws/src/takeoff) by extensions ['colcon_pkg']
[0.342s] Level 1:colcon.colcon_core.package_identification:_identify(auto_ws/src/takeoff) by extension 'colcon_pkg'
[0.342s] Level 1:colcon.colcon_core.package_identification:_identify(auto_ws/src/takeoff) by extensions ['colcon_meta']
[0.342s] Level 1:colcon.colcon_core.package_identification:_identify(auto_ws/src/takeoff) by extension 'colcon_meta'
[0.342s] Level 1:colcon.colcon_core.package_identification:_identify(auto_ws/src/takeoff) by extensions ['ros']
[0.342s] Level 1:colcon.colcon_core.package_identification:_identify(auto_ws/src/takeoff) by extension 'ros'
[0.344s] DEBUG:colcon.colcon_core.package_identification:Failed to parse potential ROS package manifest in'auto_ws/src/takeoff': Error(s) in package 'auto_ws/src/takeoff/package.xml':
The manifest contains invalid XML:
mismatched tag: line 23, column 29
[0.344s] Level 1:colcon.colcon_core.package_identification:_identify(auto_ws/src/takeoff) by extensions ['cmake', 'python']
[0.344s] Level 1:colcon.colcon_core.package_identification:_identify(auto_ws/src/takeoff) by extension 'cmake'
[0.344s] Level 1:colcon.colcon_core.package_identification:_identify(auto_ws/src/takeoff) by extension 'python'
[0.345s] DEBUG:colcon.colcon_core.package_identification:Python package in 'auto_ws/src/takeoff' passes arguments to the setup() function which requires a different identification extension than 'python'
[0.345s] Level 1:colcon.colcon_core.package_identification:_identify(auto_ws/src/takeoff) by extensions ['python_setup_py']
[0.345s] Level 1:colcon.colcon_core.package_identification:_identify(auto_ws/src/takeoff) by extension 'python_setup_py'
[0.750s] DEBUG:colcon.colcon_core.package_identification:Package 'auto_ws/src/takeoff' with type 'python' and name 'takeoff'
[0.750s] Level 1:colcon.colcon_core.package_identification:_identify(build) by extensions ['ignore', 'ignore_ament_install']
[0.750s] Level 1:colcon.colcon_core.package_identification:_identify(build) by extension 'ignore'
[0.750s] Level 1:colcon.colcon_core.package_identification:_identify(build) ignored
[0.751s] Level 1:colcon.colcon_core.package_identification:_identify(install) by extensions ['ignore', 'ignore_ament_install']
[0.751s] Level 1:colcon.colcon_core.package_identification:_identify(install) by extension 'ignore'
[0.751s] Level 1:colcon.colcon_core.package_identification:_identify(install) ignored
[0.751s] Level 1:colcon.colcon_core.package_identification:_identify(log) by extensions ['ignore', 'ignore_ament_install']
[0.751s] Level 1:colcon.colcon_core.package_identification:_identify(log) by extension 'ignore'
[0.751s] Level 1:colcon.colcon_core.package_identification:_identify(log) ignored
[0.751s] Level 1:colcon.colcon_core.package_discovery:discover_packages(recursive) using defaults
[0.751s] Level 1:colcon.colcon_core.package_discovery:discover_packages(ignore) discover
[0.752s] Level 1:colcon.colcon_core.package_discovery:discover_packages(ignore) using defaults
[0.752s] Level 1:colcon.colcon_core.package_discovery:discover_packages(path) discover
[0.752s] Level 1:colcon.colcon_core.package_discovery:discover_packages(path) using defaults
[0.787s] Level 1:colcon.colcon_core.package_discovery:discover_packages(prefix_path) check parameters
[0.787s] Level 1:colcon.colcon_core.package_discovery:discover_packages(prefix_path) discover
[0.790s] DEBUG:colcon.colcon_installed_package_information.package_discovery:Found 1 installed packages in /home/ayaankushwah/aruco_landing/auto_ws/install
[0.791s] DEBUG:colcon.colcon_installed_package_information.package_discovery:Found 1 installed packages in /home/ayaankushwah/task5-ros2-AyaanKushwah/fleet_ws/install
[0.791s] DEBUG:colcon.colcon_installed_package_information.package_discovery:Found 1 installed packages in /home/ayaankushwah/ros2_wr/install
[0.794s] DEBUG:colcon.colcon_installed_package_information.package_discovery:Found 323 installed packages in /opt/ros/jazzy
[0.797s] Level 1:colcon.colcon_core.package_discovery:discover_packages(prefix_path) using defaults
[0.873s] Level 5:colcon.colcon_core.verb:set package 'takeoff' build argument 'cmake_args' from command line to 'None'
[0.873s] Level 5:colcon.colcon_core.verb:set package 'takeoff' build argument 'cmake_target' from command line to 'None'
[0.873s] Level 5:colcon.colcon_core.verb:set package 'takeoff' build argument 'cmake_target_skip_unavailable' from command line to 'False'
[0.873s] Level 5:colcon.colcon_core.verb:set package 'takeoff' build argument 'cmake_clean_cache' from command line to 'False'
[0.873s] Level 5:colcon.colcon_core.verb:set package 'takeoff' build argument 'cmake_clean_first' from command line to 'False'
[0.873s] Level 5:colcon.colcon_core.verb:set package 'takeoff' build argument 'cmake_force_configure' from command line to 'False'
[0.873s] Level 5:colcon.colcon_core.verb:set package 'takeoff' build argument 'ament_cmake_args' from command line to 'None'
[0.873s] Level 5:colcon.colcon_core.verb:set package 'takeoff' build argument 'catkin_cmake_args' from command line to 'None'
[0.873s] Level 5:colcon.colcon_core.verb:set package 'takeoff' build argument 'catkin_skip_building_tests' from command line to 'False'
[0.873s] DEBUG:colcon.colcon_core.verb:Building package 'takeoff' with the following arguments: {'ament_cmake_args': None, 'build_base': '/home/ayaankushwah/aruco_landing/build/takeoff', 'catkin_cmake_args': None, 'catkin_skip_building_tests': False, 'cmake_args': None, 'cmake_clean_cache': False, 'cmake_clean_first': False, 'cmake_force_configure': False, 'cmake_target': None, 'cmake_target_skip_unavailable': False, 'install_base': '/home/ayaankushwah/aruco_landing/install/takeoff', 'merge_install': False, 'path': '/home/ayaankushwah/aruco_landing/auto_ws/src/takeoff', 'symlink_install': False, 'test_result_base': None}
[0.873s] INFO:colcon.colcon_core.executor:Executing jobs using 'parallel' executor
[0.875s] DEBUG:colcon.colcon_parallel_executor.executor.parallel:run_until_complete
[0.875s] INFO:colcon.colcon_core.task.python.build:Building Python package in '/home/ayaankushwah/aruco_landing/auto_ws/src/takeoff'
[0.878s] INFO:colcon.colcon_core.plugin_system:Skipping extension 'colcon_core.shell.bat': Not used on non-Windows systems
[0.879s] INFO:colcon.colcon_core.shell:Skip shell extension 'powershell' for command environment: Not usable outside of PowerShell
[0.879s] DEBUG:colcon.colcon_core.shell:Skip shell extension 'dsv' for command environment
[2.457s] DEBUG:colcon.colcon_core.event_handler.log_command:Invoking command in '/home/ayaankushwah/aruco_landing/auto_ws/src/takeoff': DEBUGINFOD_URLS=https://debuginfod.ubuntu.com PYTHONPATH=/home/ayaankushwah/aruco_landing/build/takeoff/prefix_override:/usr/lib/python3/dist-packages/colcon_core/task/python/colcon_distutils_commands:/home/ayaankushwah/aruco_landing/install/takeoff/lib/python3.12/site-packages:${PYTHONPATH} VIRTUAL_ENV_PROMPT=(venv) /usr/bin/python3 -W ignore:setup.py install is deprecated -W ignore:easy_install command is deprecated setup.py egg_info --egg-base ../../../build/takeoff build --build-base /home/ayaankushwah/aruco_landing/build/takeoff/build install --record /home/ayaankushwah/aruco_landing/build/takeoff/install.log --single-version-externally-managed
[3.499s] DEBUG:colcon.colcon_core.event_handler.log_command:Invoked command in '/home/ayaankushwah/aruco_landing/auto_ws/src/takeoff' returned '0': DEBUGINFOD_URLS=https://debuginfod.ubuntu.com PYTHONPATH=/home/ayaankushwah/aruco_landing/build/takeoff/prefix_override:/usr/lib/python3/dist-packages/colcon_core/task/python/colcon_distutils_commands:/home/ayaankushwah/aruco_landing/install/takeoff/lib/python3.12/site-packages:${PYTHONPATH} VIRTUAL_ENV_PROMPT=(venv) /usr/bin/python3 -W ignore:setup.py install is deprecated -W ignore:easy_install command is deprecated setup.py egg_info --egg-base ../../../build/takeoff build --build-base /home/ayaankushwah/aruco_landing/build/takeoff/build install --record /home/ayaankushwah/aruco_landing/build/takeoff/install.log --single-version-externally-managed
[3.503s] Level 1:colcon.colcon_core.environment:checking '/home/ayaankushwah/aruco_landing/install/takeoff' for CMake module files
[3.504s] Level 1:colcon.colcon_core.environment:checking '/home/ayaankushwah/aruco_landing/install/takeoff' for CMake config files
[3.505s] Level 1:colcon.colcon_core.environment:checking '/home/ayaankushwah/aruco_landing/install/takeoff/lib'
[3.506s] Level 1:colcon.colcon_core.environment:checking '/home/ayaankushwah/aruco_landing/install/takeoff/bin'
[3.506s] Level 1:colcon.colcon_core.environment:checking '/home/ayaankushwah/aruco_landing/install/takeoff/lib/pkgconfig/takeoff.pc'
[3.506s] Level 1:colcon.colcon_core.environment:checking '/home/ayaankushwah/aruco_landing/install/takeoff/lib/python3.12/site-packages'
[3.507s] Level 1:colcon.colcon_core.shell:create_environment_hook('takeoff', 'pythonpath')
[3.507s] INFO:colcon.colcon_core.shell:Creating environment hook '/home/ayaankushwah/aruco_landing/install/takeoff/share/takeoff/hook/pythonpath.ps1'
[3.508s] INFO:colcon.colcon_core.shell:Creating environment descriptor '/home/ayaankushwah/aruco_landing/install/takeoff/share/takeoff/hook/pythonpath.dsv'
[3.509s] INFO:colcon.colcon_core.shell:Creating environment hook '/home/ayaankushwah/aruco_landing/install/takeoff/share/takeoff/hook/pythonpath.sh'
[3.511s] Level 1:colcon.colcon_core.environment:checking '/home/ayaankushwah/aruco_landing/install/takeoff/bin'
[3.511s] Level 1:colcon.colcon_core.environment:create_environment_scripts_only(takeoff)
[3.512s] INFO:colcon.colcon_core.shell:Creating package script '/home/ayaankushwah/aruco_landing/install/takeoff/share/takeoff/package.ps1'
[3.514s] INFO:colcon.colcon_core.shell:Creating package descriptor '/home/ayaankushwah/aruco_landing/install/takeoff/share/takeoff/package.dsv'
[3.515s] INFO:colcon.colcon_core.shell:Creating package script '/home/ayaankushwah/aruco_landing/install/takeoff/share/takeoff/package.sh'
[3.516s] INFO:colcon.colcon_core.shell:Creating package script '/home/ayaankushwah/aruco_landing/install/takeoff/share/takeoff/package.bash'
[3.517s] INFO:colcon.colcon_core.shell:Creating package script '/home/ayaankushwah/aruco_landing/install/takeoff/share/takeoff/package.zsh'
[3.519s] Level 1:colcon.colcon_core.environment:create_file_with_runtime_dependencies(/home/ayaankushwah/aruco_landing/install/takeoff/share/colcon-core/packages/takeoff)
[3.519s] DEBUG:colcon.colcon_parallel_executor.executor.parallel:closing loop
[3.520s] DEBUG:colcon.colcon_parallel_executor.executor.parallel:loop closed
[3.520s] DEBUG:colcon.colcon_parallel_executor.executor.parallel:run_until_complete finished with '0'
[3.521s] DEBUG:colcon.colcon_core.event_reactor:joining thread
[3.530s] INFO:colcon.colcon_core.plugin_system:Skipping extension 'colcon_notification.desktop_notification.terminal_notifier': Not used on non-Darwin systems
[3.530s] INFO:colcon.colcon_core.plugin_system:Skipping extension 'colcon_notification.desktop_notification.win32': Not used on non-Windows systems
[3.530s] INFO:colcon.colcon_notification.desktop_notification:Sending desktop notification using 'notify2'
[3.564s] DEBUG:colcon.colcon_core.event_reactor:joined thread
[3.564s] INFO:colcon.colcon_core.shell:Creating prefix script '/home/ayaankushwah/aruco_landing/install/local_setup.ps1'
[3.566s] INFO:colcon.colcon_core.shell:Creating prefix util module '/home/ayaankushwah/aruco_landing/install/_local_setup_util_ps1.py'
[3.568s] INFO:colcon.colcon_core.shell:Creating prefix chain script '/home/ayaankushwah/aruco_landing/install/setup.ps1'
[3.571s] INFO:colcon.colcon_core.shell:Creating prefix script '/home/ayaankushwah/aruco_landing/install/local_setup.sh'
[3.572s] INFO:colcon.colcon_core.shell:Creating prefix util module '/home/ayaankushwah/aruco_landing/install/_local_setup_util_sh.py'
[3.573s] INFO:colcon.colcon_core.shell:Creating prefix chain script '/home/ayaankushwah/aruco_landing/install/setup.sh'
[3.575s] INFO:colcon.colcon_core.shell:Creating prefix script '/home/ayaankushwah/aruco_landing/install/local_setup.bash'
[3.576s] INFO:colcon.colcon_core.shell:Creating prefix chain script '/home/ayaankushwah/aruco_landing/install/setup.bash'
[3.578s] INFO:colcon.colcon_core.shell:Creating prefix script '/home/ayaankushwah/aruco_landing/install/local_setup.zsh'
[3.579s] INFO:colcon.colcon_core.shell:Creating prefix chain script '/home/ayaankushwah/aruco_landing/install/setup.zsh'
