running egg_info
writing ../../../build/takeoff/takeoff.egg-info/PKG-INFO
writing dependency_links to ../../../build/takeoff/takeoff.egg-info/dependency_links.txt
writing entry points to ../../../build/takeoff/takeoff.egg-info/entry_points.txt
writing requirements to ../../../build/takeoff/takeoff.egg-info/requires.txt
writing top-level names to ../../../build/takeoff/takeoff.egg-info/top_level.txt
reading manifest file '../../../build/takeoff/takeoff.egg-info/SOURCES.txt'
adding license file 'LICENSE'
writing manifest file '../../../build/takeoff/takeoff.egg-info/SOURCES.txt'
running build
running build_py
copying takeoff/auto_takeoff.py -> /home/ayaankushwah/aruco_landing/build/takeoff/build/lib/takeoff
running install
running install_lib
copying /home/ayaankushwah/aruco_landing/build/takeoff/build/lib/takeoff/auto_takeoff.py -> /home/ayaankushwah/aruco_landing/install/takeoff/lib/python3.12/site-packages/takeoff
byte-compiling /home/ayaankushwah/aruco_landing/install/takeoff/lib/python3.12/site-packages/takeoff/auto_takeoff.py to auto_takeoff.cpython-312.pyc
running install_egg_info
removing '/home/ayaankushwah/aruco_landing/install/takeoff/lib/python3.12/site-packages/takeoff-0.0.0-py3.12.egg-info' (and everything under it)
Copying ../../../build/takeoff/takeoff.egg-info to /home/ayaankushwah/aruco_landing/install/takeoff/lib/python3.12/site-packages/takeoff-0.0.0-py3.12.egg-info
running install_scripts
Installing auto_takeoff script to /home/ayaankushwah/aruco_landing/install/takeoff/lib/takeoff
writing list of installed files to '/home/ayaankushwah/aruco_landing/build/takeoff/install.log'
