[1.581s] Invoking command in '/home/ayaankushwah/aruco_landing/auto_ws/src/takeoff': DEBUGINFOD_URLS=https://debuginfod.ubuntu.com PYTHONPATH=/home/ayaankushwah/aruco_landing/build/takeoff/prefix_override:/usr/lib/python3/dist-packages/colcon_core/task/python/colcon_distutils_commands:/home/ayaankushwah/aruco_landing/install/takeoff/lib/python3.12/site-packages:${PYTHONPATH} VIRTUAL_ENV_PROMPT=(venv) /usr/bin/python3 -W ignore:setup.py install is deprecated -W ignore:easy_install command is deprecated setup.py egg_info --egg-base ../../../build/takeoff build --build-base /home/ayaankushwah/aruco_landing/build/takeoff/build install --record /home/ayaankushwah/aruco_landing/build/takeoff/install.log --single-version-externally-managed
[2.085s] running egg_info
[2.122s] writing ../../../build/takeoff/takeoff.egg-info/PKG-INFO
[2.122s] writing dependency_links to ../../../build/takeoff/takeoff.egg-info/dependency_links.txt
[2.122s] writing entry points to ../../../build/takeoff/takeoff.egg-info/entry_points.txt
[2.123s] writing requirements to ../../../build/takeoff/takeoff.egg-info/requires.txt
[2.123s] writing top-level names to ../../../build/takeoff/takeoff.egg-info/top_level.txt
[2.201s] reading manifest file '../../../build/takeoff/takeoff.egg-info/SOURCES.txt'
[2.201s] adding license file 'LICENSE'
[2.203s] writing manifest file '../../../build/takeoff/takeoff.egg-info/SOURCES.txt'
[2.203s] running build
[2.203s] running build_py
[2.203s] copying takeoff/auto_takeoff.py -> /home/ayaankushwah/aruco_landing/build/takeoff/build/lib/takeoff
[2.204s] running install
[2.216s] running install_lib
[2.256s] copying /home/ayaankushwah/aruco_landing/build/takeoff/build/lib/takeoff/auto_takeoff.py -> /home/ayaankushwah/aruco_landing/install/takeoff/lib/python3.12/site-packages/takeoff
[2.257s] byte-compiling /home/ayaankushwah/aruco_landing/install/takeoff/lib/python3.12/site-packages/takeoff/auto_takeoff.py to auto_takeoff.cpython-312.pyc
[2.266s] running install_egg_info
[2.305s] removing '/home/ayaankushwah/aruco_landing/install/takeoff/lib/python3.12/site-packages/takeoff-0.0.0-py3.12.egg-info' (and everything under it)
[2.306s] Copying ../../../build/takeoff/takeoff.egg-info to /home/ayaankushwah/aruco_landing/install/takeoff/lib/python3.12/site-packages/takeoff-0.0.0-py3.12.egg-info
[2.307s] running install_scripts
[2.574s] Installing auto_takeoff script to /home/ayaankushwah/aruco_landing/install/takeoff/lib/takeoff
[2.575s] writing list of installed files to '/home/ayaankushwah/aruco_landing/build/takeoff/install.log'
[2.623s] Invoked command in '/home/ayaankushwah/aruco_landing/auto_ws/src/takeoff' returned '0': DEBUGINFOD_URLS=https://debuginfod.ubuntu.com PYTHONPATH=/home/ayaankushwah/aruco_landing/build/takeoff/prefix_override:/usr/lib/python3/dist-packages/colcon_core/task/python/colcon_distutils_commands:/home/ayaankushwah/aruco_landing/install/takeoff/lib/python3.12/site-packages:${PYTHONPATH} VIRTUAL_ENV_PROMPT=(venv) /usr/bin/python3 -W ignore:setup.py install is deprecated -W ignore:easy_install command is deprecated setup.py egg_info --egg-base ../../../build/takeoff build --build-base /home/ayaankushwah/aruco_landing/build/takeoff/build install --record /home/ayaankushwah/aruco_landing/build/takeoff/install.log --single-version-externally-managed
